Archive member included to satisfy reference by file (symbol)

/opt/st/stm32cubeide_2.1.1/plugins/com.st.stm32cube.ide.mcu.externaltools.gnu-tools-for-stm32.14.3.rel1.linux64_1.0.100.202602081740/tools/bin/../lib/gcc/arm-none-eabi/14.3.1/../../../../arm-none-eabi/lib/thumb/v7e-m+fp/hard/libc_nano.a(libc_a-exit.o)
                              /opt/st/stm32cubeide_2.1.1/plugins/com.st.stm32cube.ide.mcu.externaltools.gnu-tools-for-stm32.14.3.rel1.linux64_1.0.100.202602081740/tools/bin/../lib/gcc/arm-none-eabi/14.3.1/../../../../arm-none-eabi/lib/thumb/v7e-m+fp/hard/crt0.o (exit)
/opt/st/stm32cubeide_2.1.1/plugins/com.st.stm32cube.ide.mcu.externaltools.gnu-tools-for-stm32.14.3.rel1.linux64_1.0.100.202602081740/tools/bin/../lib/gcc/arm-none-eabi/14.3.1/../../../../arm-none-eabi/lib/thumb/v7e-m+fp/hard/libc_nano.a(libc_a-findfp.o)
                              /opt/st/stm32cubeide_2.1.1/plugins/com.st.stm32cube.ide.mcu.externaltools.gnu-tools-for-stm32.14.3.rel1.linux64_1.0.100.202602081740/tools/bin/../lib/gcc/arm-none-eabi/14.3.1/../../../../arm-none-eabi/lib/thumb/v7e-m+fp/hard/libc_nano.a(libc_a-exit.o) (__stdio_exit_handler)
/opt/st/stm32cubeide_2.1.1/plugins/com.st.stm32cube.ide.mcu.externaltools.gnu-tools-for-stm32.14.3.rel1.linux64_1.0.100.202602081740/tools/bin/../lib/gcc/arm-none-eabi/14.3.1/../../../../arm-none-eabi/lib/thumb/v7e-m+fp/hard/libc_nano.a(libc_a-fwalk.o)
                              /opt/st/stm32cubeide_2.1.1/plugins/com.st.stm32cube.ide.mcu.externaltools.gnu-tools-for-stm32.14.3.rel1.linux64_1.0.100.202602081740/tools/bin/../lib/gcc/arm-none-eabi/14.3.1/../../../../arm-none-eabi/lib/thumb/v7e-m+fp/hard/libc_nano.a(libc_a-findfp.o) (_fwalk_sglue)
/opt/st/stm32cubeide_2.1.1/plugins/com.st.stm32cube.ide.mcu.externaltools.gnu-tools-for-stm32.14.3.rel1.linux64_1.0.100.202602081740/tools/bin/../lib/gcc/arm-none-eabi/14.3.1/../../../../arm-none-eabi/lib/thumb/v7e-m+fp/hard/libc_nano.a(libc_a-stdio.o)
                              /opt/st/stm32cubeide_2.1.1/plugins/com.st.stm32cube.ide.mcu.externaltools.gnu-tools-for-stm32.14.3.rel1.linux64_1.0.100.202602081740/tools/bin/../lib/gcc/arm-none-eabi/14.3.1/../../../../arm-none-eabi/lib/thumb/v7e-m+fp/hard/libc_nano.a(libc_a-findfp.o) (__sread)
/opt/st/stm32cubeide_2.1.1/plugins/com.st.stm32cube.ide.mcu.externaltools.gnu-tools-for-stm32.14.3.rel1.linux64_1.0.100.202602081740/tools/bin/../lib/gcc/arm-none-eabi/14.3.1/../../../../arm-none-eabi/lib/thumb/v7e-m+fp/hard/libc_nano.a(libc_a-memset.o)
                              /opt/st/stm32cubeide_2.1.1/plugins/com.st.stm32cube.ide.mcu.externaltools.gnu-tools-for-stm32.14.3.rel1.linux64_1.0.100.202602081740/tools/bin/../lib/gcc/arm-none-eabi/14.3.1/../../../../arm-none-eabi/lib/thumb/v7e-m+fp/hard/crt0.o (memset)
/opt/st/stm32cubeide_2.1.1/plugins/com.st.stm32cube.ide.mcu.externaltools.gnu-tools-for-stm32.14.3.rel1.linux64_1.0.100.202602081740/tools/bin/../lib/gcc/arm-none-eabi/14.3.1/../../../../arm-none-eabi/lib/thumb/v7e-m+fp/hard/libc_nano.a(libc_a-closer.o)
                              /opt/st/stm32cubeide_2.1.1/plugins/com.st.stm32cube.ide.mcu.externaltools.gnu-tools-for-stm32.14.3.rel1.linux64_1.0.100.202602081740/tools/bin/../lib/gcc/arm-none-eabi/14.3.1/../../../../arm-none-eabi/lib/thumb/v7e-m+fp/hard/libc_nano.a(libc_a-stdio.o) (_close_r)
/opt/st/stm32cubeide_2.1.1/plugins/com.st.stm32cube.ide.mcu.externaltools.gnu-tools-for-stm32.14.3.rel1.linux64_1.0.100.202602081740/tools/bin/../lib/gcc/arm-none-eabi/14.3.1/../../../../arm-none-eabi/lib/thumb/v7e-m+fp/hard/libc_nano.a(libc_a-reent.o)
                              /opt/st/stm32cubeide_2.1.1/plugins/com.st.stm32cube.ide.mcu.externaltools.gnu-tools-for-stm32.14.3.rel1.linux64_1.0.100.202602081740/tools/bin/../lib/gcc/arm-none-eabi/14.3.1/../../../../arm-none-eabi/lib/thumb/v7e-m+fp/hard/libc_nano.a(libc_a-closer.o) (errno)
/opt/st/stm32cubeide_2.1.1/plugins/com.st.stm32cube.ide.mcu.externaltools.gnu-tools-for-stm32.14.3.rel1.linux64_1.0.100.202602081740/tools/bin/../lib/gcc/arm-none-eabi/14.3.1/../../../../arm-none-eabi/lib/thumb/v7e-m+fp/hard/libc_nano.a(libc_a-impure.o)
                              /opt/st/stm32cubeide_2.1.1/plugins/com.st.stm32cube.ide.mcu.externaltools.gnu-tools-for-stm32.14.3.rel1.linux64_1.0.100.202602081740/tools/bin/../lib/gcc/arm-none-eabi/14.3.1/../../../../arm-none-eabi/lib/thumb/v7e-m+fp/hard/libc_nano.a(libc_a-reent.o) (_impure_ptr)
/opt/st/stm32cubeide_2.1.1/plugins/com.st.stm32cube.ide.mcu.externaltools.gnu-tools-for-stm32.14.3.rel1.linux64_1.0.100.202602081740/tools/bin/../lib/gcc/arm-none-eabi/14.3.1/../../../../arm-none-eabi/lib/thumb/v7e-m+fp/hard/libc_nano.a(libc_a-lseekr.o)
                              /opt/st/stm32cubeide_2.1.1/plugins/com.st.stm32cube.ide.mcu.externaltools.gnu-tools-for-stm32.14.3.rel1.linux64_1.0.100.202602081740/tools/bin/../lib/gcc/arm-none-eabi/14.3.1/../../../../arm-none-eabi/lib/thumb/v7e-m+fp/hard/libc_nano.a(libc_a-stdio.o) (_lseek_r)
[...]
Memory Configuration

Name             Origin             Length             Attributes
RAM              0x20000000         0x00008000         xrw
FLASH            0x08000000         0x00010000         xr
*default*        0x00000000         0xffffffff

Linker script and memory map

LOAD /opt/st/stm32cubeide_2.1.1/plugins/com.st.stm32cube.ide.mcu.externaltools.gnu-tools-for-stm32.14.3.rel1.linux64_1.0.100.202602081740/tools/bin/../lib/gcc/arm-none-eabi/14.3.1/thumb/v7e-m+fp/hard/crti.o
LOAD /opt/st/stm32cubeide_2.1.1/plugins/com.st.stm32cube.ide.mcu.externaltools.gnu-tools-for-stm32.14.3.rel1.linux64_1.0.100.202602081740/tools/bin/../lib/gcc/arm-none-eabi/14.3.1/thumb/v7e-m+fp/hard/crtbegin.o
LOAD /opt/st/stm32cubeide_2.1.1/plugins/com.st.stm32cube.ide.mcu.externaltools.gnu-tools-for-stm32.14.3.rel1.linux64_1.0.100.202602081740/tools/bin/../lib/gcc/arm-none-eabi/14.3.1/../../../../arm-none-eabi/lib/thumb/v7e-m+fp/hard/crt0.o
LOAD ./Core/Src/ILI9341_driver.o
LOAD ./Core/Src/fonts.o
LOAD ./Core/Src/hmi.o
LOAD ./Core/Src/main.o
LOAD ./Core/Src/stm32g4xx_hal_msp.o
LOAD ./Core/Src/stm32g4xx_it.o
LOAD ./Core/Src/syscalls.o
LOAD ./Core/Src/sysmem.o
LOAD ./Core/Src/system_stm32g4xx.o
LOAD ./Core/Startup/startup_stm32g431k8tx.o
LOAD ./Drivers/STM32G4xx_HAL_Driver/Src/stm32g4xx_hal.o
LOAD ./Drivers/STM32G4xx_HAL_Driver/Src/stm32g4xx_hal_cortex.o
LOAD ./Drivers/STM32G4xx_HAL_Driver/Src/stm32g4xx_hal_dma.o
LOAD ./Drivers/STM32G4xx_HAL_Driver/Src/stm32g4xx_hal_dma_ex.o
LOAD ./Drivers/STM32G4xx_HAL_Driver/Src/stm32g4xx_hal_exti.o
LOAD ./Drivers/STM32G4xx_HAL_Driver/Src/stm32g4xx_hal_flash.o
LOAD ./Drivers/STM32G4xx_HAL_Driver/Src/stm32g4xx_hal_flash_ex.o
LOAD ./Drivers/STM32G4xx_HAL_Driver/Src/stm32g4xx_hal_flash_ramfunc.o
LOAD ./Drivers/STM32G4xx_HAL_Driver/Src/stm32g4xx_hal_gpio.o
LOAD ./Drivers/STM32G4xx_HAL_Driver/Src/stm32g4xx_hal_pcd.o
LOAD ./Drivers/STM32G4xx_HAL_Driver/Src/stm32g4xx_hal_pcd_ex.o
LOAD ./Drivers/STM32G4xx_HAL_Driver/Src/stm32g4xx_hal_pwr.o
LOAD ./Drivers/STM32G4xx_HAL_Driver/Src/stm32g4xx_hal_pwr_ex.o
LOAD ./Drivers/STM32G4xx_HAL_Driver/Src/stm32g4xx_hal_rcc.o
LOAD ./Drivers/STM32G4xx_HAL_Driver/Src/stm32g4xx_hal_rcc_ex.o
LOAD ./Drivers/STM32G4xx_HAL_Driver/Src/stm32g4xx_ll_adc.o
LOAD ./Drivers/STM32G4xx_HAL_Driver/Src/stm32g4xx_ll_dma.o
LOAD ./Drivers/STM32G4xx_HAL_Driver/Src/stm32g4xx_ll_exti.o
LOAD ./Drivers/STM32G4xx_HAL_Driver/Src/stm32g4xx_ll_gpio.o
LOAD ./Drivers/STM32G4xx_HAL_Driver/Src/stm32g4xx_ll_rcc.o
LOAD ./Drivers/STM32G4xx_HAL_Driver/Src/stm32g4xx_ll_spi.o
LOAD ./Drivers/STM32G4xx_HAL_Driver/Src/stm32g4xx_ll_tim.o
LOAD ./Drivers/STM32G4xx_HAL_Driver/Src/stm32g4xx_ll_usart.o
LOAD ./Drivers/STM32G4xx_HAL_Driver/Src/stm32g4xx_ll_usb.o
LOAD ./Drivers/STM32G4xx_HAL_Driver/Src/stm32g4xx_ll_utils.o
LOAD ./Middlewares/ST/STM32_USB_Device_Library/Class/CDC/Src/usbd_cdc.o
LOAD ./Middlewares/ST/STM32_USB_Device_Library/Core/Src/usbd_core.o
LOAD ./Middlewares/ST/STM32_USB_Device_Library/Core/Src/usbd_ctlreq.o
LOAD ./Middlewares/ST/STM32_USB_Device_Library/Core/Src/usbd_ioreq.o
LOAD ./USB_Device/App/usb_device.o
LOAD ./USB_Device/App/usbd_cdc_if.o
LOAD ./USB_Device/App/usbd_desc.o
LOAD ./USB_Device/Target/usbd_conf.o
START GROUP
LOAD /opt/st/stm32cubeide_2.1.1/plugins/com.st.stm32cube.ide.mcu.externaltools.gnu-tools-for-stm32.14.3.rel1.linux64_1.0.100.202602081740/tools/bin/../lib/gcc/arm-none-eabi/14.3.1/../../../../arm-none-eabi/lib/thumb/v7e-m+fp/hard/libc_nano.a
LOAD /opt/st/stm32cubeide_2.1.1/plugins/com.st.stm32cube.ide.mcu.externaltools.gnu-tools-for-stm32.14.3.rel1.linux64_1.0.100.202602081740/tools/bin/../lib/gcc/arm-none-eabi/14.3.1/../../../../arm-none-eabi/lib/thumb/v7e-m+fp/hard/libm.a
END GROUP
START GROUP
LOAD /opt/st/stm32cubeide_2.1.1/plugins/com.st.stm32cube.ide.mcu.externaltools.gnu-tools-for-stm32.14.3.rel1.linux64_1.0.100.202602081740/tools/bin/../lib/gcc/arm-none-eabi/14.3.1/thumb/v7e-m+fp/hard/libgcc.a
LOAD /opt/st/stm32cubeide_2.1.1/plugins/com.st.stm32cube.ide.mcu.externaltools.gnu-tools-for-stm32.14.3.rel1.linux64_1.0.100.202602081740/tools/bin/../lib/gcc/arm-none-eabi/14.3.1/../../../../arm-none-eabi/lib/thumb/v7e-m+fp/hard/libc_nano.a
END GROUP
START GROUP
LOAD /opt/st/stm32cubeide_2.1.1/plugins/com.st.stm32cube.ide.mcu.externaltools.gnu-tools-for-stm32.14.3.rel1.linux64_1.0.100.202602081740/tools/bin/../lib/gcc/arm-none-eabi/14.3.1/thumb/v7e-m+fp/hard/libgcc.a
LOAD /opt/st/stm32cubeide_2.1.1/plugins/com.st.stm32cube.ide.mcu.externaltools.gnu-tools-for-stm32.14.3.rel1.linux64_1.0.100.202602081740/tools/bin/../lib/gcc/arm-none-eabi/14.3.1/../../../../arm-none-eabi/lib/thumb/v7e-m+fp/hard/libc_nano.a
LOAD /opt/st/stm32cubeide_2.1.1/plugins/com.st.stm32cube.ide.mcu.externaltools.gnu-tools-for-stm32.14.3.rel1.linux64_1.0.100.202602081740/tools/bin/../lib/gcc/arm-none-eabi/14.3.1/../../../../arm-none-eabi/lib/thumb/v7e-m+fp/hard/libnosys.a
END GROUP
START GROUP
LOAD /opt/st/stm32cubeide_2.1.1/plugins/com.st.stm32cube.ide.mcu.externaltools.gnu-tools-for-stm32.14.3.rel1.linux64_1.0.100.202602081740/tools/bin/../lib/gcc/arm-none-eabi/14.3.1/thumb/v7e-m+fp/hard/libgcc.a
LOAD /opt/st/stm32cubeide_2.1.1/plugins/com.st.stm32cube.ide.mcu.externaltools.gnu-tools-for-stm32.14.3.rel1.linux64_1.0.100.202602081740/tools/bin/../lib/gcc/arm-none-eabi/14.3.1/../../../../arm-none-eabi/lib/thumb/v7e-m+fp/hard/libc_nano.a
LOAD /opt/st/stm32cubeide_2.1.1/plugins/com.st.stm32cube.ide.mcu.externaltools.gnu-tools-for-stm32.14.3.rel1.linux64_1.0.100.202602081740/tools/bin/../lib/gcc/arm-none-eabi/14.3.1/../../../../arm-none-eabi/lib/thumb/v7e-m+fp/hard/libnosys.a
END GROUP
LOAD /opt/st/stm32cubeide_2.1.1/plugins/com.st.stm32cube.ide.mcu.externaltools.gnu-tools-for-stm32.14.3.rel1.linux64_1.0.100.202602081740/tools/bin/../lib/gcc/arm-none-eabi/14.3.1/thumb/v7e-m+fp/hard/crtend.o
LOAD /opt/st/stm32cubeide_2.1.1/plugins/com.st.stm32cube.ide.mcu.externaltools.gnu-tools-for-stm32.14.3.rel1.linux64_1.0.100.202602081740/tools/bin/../lib/gcc/arm-none-eabi/14.3.1/thumb/v7e-m+fp/hard/crtn.o
                0x20008000                        _estack = (ORIGIN (RAM) + LENGTH (RAM))
                0x00000200                        _Min_Heap_Size = 0x200
                0x00000400                        _Min_Stack_Size = 0x400

.isr_vector     0x08000000      0x1d8
                0x08000000                        . = ALIGN (0x4)
 *(.isr_vector)
 .isr_vector    0x08000000      0x1d8 ./Core/Startup/startup_stm32g431k8tx.o
                0x08000000                g_pfnVectors
                0x080001d8                        . = ALIGN (0x4)

.text           0x080001d8     0xa360
                0x080001d8                        . = ALIGN (0x4)
 *(.text)
 .text          0x080001d8       0x40 /opt/st/stm32cubeide_2.1.1/plugins/com.st.stm32cube.ide.mcu.externaltools.gnu-tools-for-stm32.14.3.rel1.linux64_1.0.100.202602081740/tools/bin/../lib/gcc/arm-none-eabi/14.3.1/thumb/v7e-m+fp/hard/crtbegin.o
 *(.text*)
 .text.LL_GPIO_SetOutputPin
                0x08000218       0x1c ./Core/Src/ILI9341_driver.o
 .text.LL_GPIO_ResetOutputPin
                0x08000234       0x1c ./Core/Src/ILI9341_driver.o
 .text.LL_SPI_Enable
                0x08000250       0x20 ./Core/Src/ILI9341_driver.o
 .text.LL_SPI_IsActiveFlag_TXE
                0x08000270       0x26 ./Core/Src/ILI9341_driver.o
 .text.LL_SPI_EnableDMAReq_TX
                0x08000296       0x20 ./Core/Src/ILI9341_driver.o
 .text.LL_SPI_DisableDMAReq_TX
                0x080002b6       0x20 ./Core/Src/ILI9341_driver.o
 .text.LL_SPI_TransmitData8
                0x080002d6       0x24 ./Core/Src/ILI9341_driver.o
 *fill*         0x080002fa        0x2 
 .text.LL_DMA_EnableChannel
                0x080002fc       0x44 ./Core/Src/ILI9341_driver.o
 .text.LL_DMA_DisableChannel
                0x08000340       0x44 ./Core/Src/ILI9341_driver.o
 .text.LL_DMA_SetDataLength
                0x08000384       0x4c ./Core/Src/ILI9341_driver.o
 .text.LL_DMA_SetMemoryAddress
                0x080003d0       0x34 ./Core/Src/ILI9341_driver.o
 .text.LL_DMA_SetPeriphAddress
                0x08000404       0x34 ./Core/Src/ILI9341_driver.o
 .text.LL_DMA_IsActiveFlag_TC2
                0x08000438       0x26 ./Core/Src/ILI9341_driver.o
 .text.LL_DMA_ClearFlag_TC2
                0x0800045e       0x1a ./Core/Src/ILI9341_driver.o
 .text.LL_DMA_EnableIT_TC
                0x08000478       0x44 ./Core/Src/ILI9341_driver.o
 .text.ILI9341_SPI_Send
                0x080004bc       0x30 ./Core/Src/ILI9341_driver.o
                0x080004bc                ILI9341_SPI_Send
 .text.ILI9341_SetAddress
                0x080004ec       0xd8 ./Core/Src/ILI9341_driver.o
                0x080004ec                ILI9341_SetAddress
 .text.ILI9341_FillScreen
                0x080005c4       0x6c ./Core/Src/ILI9341_driver.o
                0x080005c4                ILI9341_FillScreen
 .text.ILI9341_Init
                0x08000630       0xd8 ./Core/Src/ILI9341_driver.o
                0x08000630                ILI9341_Init
 .text.uDMA1_Channel2_IRQHandler
                0x08000708       0x3c ./Core/Src/ILI9341_driver.o
                0x08000708                uDMA1_Channel2_IRQHandler
 .text.spi1_dma_transmit
                0x08000744       0x58 ./Core/Src/ILI9341_driver.o
                0x08000744                spi1_dma_transmit
 .text.eraseTrace
                0x0800079c       0xa8 ./Core/Src/ILI9341_driver.o
                0x0800079c                eraseTrace
 .text.drawTrace
                0x08000844       0x8c ./Core/Src/ILI9341_driver.o
                0x08000844                drawTrace
 .text.drawD    0x080008d0       0x78 ./Core/Src/ILI9341_driver.o
                0x080008d0                drawD
 .text.ILI9341_DrawStringDot
                0x08000948       0xca ./Core/Src/ILI9341_driver.o
                0x08000948                ILI9341_DrawStringDot
 *fill*         0x08000a12        0x2 
 .text.ILI9341_DrawStringD
                0x08000a14      0x180 ./Core/Src/ILI9341_driver.o
                0x08000a14                ILI9341_DrawStringD
 .text.LL_GPIO_SetOutputPin
                0x08000b94       0x1c ./Core/Src/hmi.o
 .text.LL_GPIO_ResetOutputPin
                0x08000bb0       0x1c ./Core/Src/hmi.o
 .text.LL_GPIO_TogglePin
                0x08000bcc       0x32 ./Core/Src/hmi.o
 *fill*         0x08000bfe        0x2 
 .text.LL_ADC_DMA_GetRegAddr
                0x08000c00       0x30 ./Core/Src/hmi.o
 .text.LL_ADC_Enable
                0x08000c30       0x28 ./Core/Src/hmi.o
 .text.LL_ADC_StartCalibration
                0x08000c58       0x32 ./Core/Src/hmi.o
 .text.LL_ADC_IsCalibrationOnGoing
                0x08000c8a       0x28 ./Core/Src/hmi.o
 .text.LL_ADC_REG_StartConversion
                0x08000cb2       0x28 ./Core/Src/hmi.o
 .text.LL_ADC_IsActiveFlag_ADRDY
                0x08000cda       0x26 ./Core/Src/hmi.o
 .text.LL_ADC_IsActiveFlag_EOS
                0x08000d00       0x26 ./Core/Src/hmi.o
 .text.LL_ADC_ClearFlag_EOS
                0x08000d26       0x1a ./Core/Src/hmi.o
 .text.LL_TIM_EnableCounter
                0x08000d40       0x20 ./Core/Src/hmi.o
 .text.LL_TIM_ClearFlag_UPDATE
                0x08000d60       0x1c ./Core/Src/hmi.o
 .text.LL_TIM_IsActiveFlag_UPDATE
                0x08000d7c       0x26 ./Core/Src/hmi.o
 .text.LL_TIM_EnableIT_UPDATE
                0x08000da2       0x20 ./Core/Src/hmi.o
 .text.LL_TIM_GenerateEvent_UPDATE
                0x08000dc2       0x20 ./Core/Src/hmi.o
 *fill*         0x08000de2        0x2 
 .text.LL_DMA_EnableChannel
                0x08000de4       0x44 ./Core/Src/hmi.o
 .text.LL_DMA_DisableChannel
                0x08000e28       0x44 ./Core/Src/hmi.o
 .text.LL_DMA_IsEnabledChannel
                0x08000e6c       0x3c ./Core/Src/hmi.o
 .text.LL_DMA_SetDataLength
                0x08000ea8       0x4c ./Core/Src/hmi.o
 .text.LL_DMA_ConfigAddresses
                0x08000ef4       0x7c ./Core/Src/hmi.o
 .text.LL_DMA_SetMemoryAddress
                0x08000f70       0x34 ./Core/Src/hmi.o
 .text.LL_DMA_SetPeriphAddress
                0x08000fa4       0x34 ./Core/Src/hmi.o
 .text.LL_DMA_IsActiveFlag_TC3
                0x08000fd8       0x28 ./Core/Src/hmi.o
 .text.LL_DMA_IsActiveFlag_TC4
                0x08001000       0x28 ./Core/Src/hmi.o
 .text.LL_DMA_IsActiveFlag_TE4
                0x08001028       0x28 ./Core/Src/hmi.o
 .text.LL_DMA_ClearFlag_TC3
                0x08001050       0x1c ./Core/Src/hmi.o
 .text.LL_DMA_ClearFlag_TC4
                0x0800106c       0x1c ./Core/Src/hmi.o
 .text.LL_DMA_ClearFlag_TE4
                0x08001088       0x1c ./Core/Src/hmi.o
 .text.LL_DMA_EnableIT_TC
                0x080010a4       0x44 ./Core/Src/hmi.o
 .text.LL_DMA_EnableIT_TE
                0x080010e8       0x44 ./Core/Src/hmi.o
 .text.LL_USART_Enable
                0x0800112c       0x20 ./Core/Src/hmi.o
 .text.LL_USART_Disable
                0x0800114c       0x20 ./Core/Src/hmi.o
 .text.LL_USART_EnableDirectionRx
                0x0800116c       0x42 ./Core/Src/hmi.o
 .text.LL_USART_DisableDirectionRx
                0x080011ae       0x42 ./Core/Src/hmi.o
 .text.LL_USART_IsActiveFlag_TC
                0x080011f0       0x26 ./Core/Src/hmi.o
 .text.LL_USART_ClearFlag_PE
                0x08001216       0x1a ./Core/Src/hmi.o
 .text.LL_USART_ClearFlag_FE
                0x08001230       0x1a ./Core/Src/hmi.o
 .text.LL_USART_ClearFlag_NE
                0x0800124a       0x1a ./Core/Src/hmi.o
 .text.LL_USART_ClearFlag_ORE
                0x08001264       0x1a ./Core/Src/hmi.o
 .text.LL_USART_EnableDMAReq_RX
                0x0800127e       0x46 ./Core/Src/hmi.o
 .text.LL_USART_EnableDMAReq_TX
                0x080012c4       0x46 ./Core/Src/hmi.o
 .text.LL_USART_DMA_GetRegAddr
                0x0800130a       0x2c ./Core/Src/hmi.o
 .text.LL_USART_ReceiveData8
                0x08001336       0x1a ./Core/Src/hmi.o
 .text.uDMA1_Channel3_IRQHandler
                0x08001350       0x28 ./Core/Src/hmi.o
                0x08001350                uDMA1_Channel3_IRQHandler
 .text.uDMA1_Channel4_IRQHandler
                0x08001378       0x54 ./Core/Src/hmi.o
                0x08001378                uDMA1_Channel4_IRQHandler
 .text.uTIM2_IRQHandler
                0x080013cc       0x64 ./Core/Src/hmi.o
                0x080013cc                uTIM2_IRQHandler
 .text.UART1_Transmit_DMA
                0x08001430       0x40 ./Core/Src/hmi.o
                0x08001430                UART1_Transmit_DMA
 .text.hmi_config
                0x08001470      0x138 ./Core/Src/hmi.o
                0x08001470                hmi_config
 .text.u32_to_ascii
                0x080015a8       0xa4 ./Core/Src/hmi.o
                0x080015a8                u32_to_ascii
 .text.calc_bin
                0x0800164c       0x74 ./Core/Src/hmi.o
                0x0800164c                calc_bin
 .text.sc_uptime
                0x080016c0       0x34 ./Core/Src/hmi.o
                0x080016c0                sc_uptime
 .text.sc_param_req
                0x080016f4      0x134 ./Core/Src/hmi.o
                0x080016f4                sc_param_req
 .text.sc_meas_data
                0x08001828       0x90 ./Core/Src/hmi.o
                0x08001828                sc_meas_data
 .text.add_hist_data
                0x080018b8       0x90 ./Core/Src/hmi.o
                0x080018b8                add_hist_data
 .text.param_inc
                0x08001948       0x88 ./Core/Src/hmi.o
                0x08001948                param_inc
 .text.param_dec
                0x080019d0       0x84 ./Core/Src/hmi.o
                0x080019d0                param_dec
 .text.process_adc
                0x08001a54      0x454 ./Core/Src/hmi.o
                0x08001a54                process_adc
 .text.load_def_screen
                0x08001ea8       0xc4 ./Core/Src/hmi.o
                0x08001ea8                load_def_screen
 .text.uart_rx  0x08001f6c      0x17c ./Core/Src/hmi.o
                0x08001f6c                uart_rx
 .text.uart_tx  0x080020e8       0xd8 ./Core/Src/hmi.o
                0x080020e8                uart_tx
 .text.hmi_main
                0x080021c0      0x1a0 ./Core/Src/hmi.o
                0x080021c0                hmi_main
 .text.__NVIC_GetPriorityGrouping
                0x08002360       0x1c ./Core/Src/main.o
 .text.__NVIC_EnableIRQ
                0x0800237c       0x3c ./Core/Src/main.o
 .text.__NVIC_SetPriority
                0x080023b8       0x54 ./Core/Src/main.o
 .text.NVIC_EncodePriority
                0x0800240c       0x66 ./Core/Src/main.o
 .text.LL_ADC_SetGainCompensation
                0x08002472       0x4a ./Core/Src/main.o
 .text.LL_ADC_REG_SetSequencerRanks
                0x080024bc       0x58 ./Core/Src/main.o
 .text.LL_ADC_SetChannelSamplingTime
                0x08002514       0x56 ./Core/Src/main.o
 *fill*         0x0800256a        0x2 
 .text.LL_ADC_SetChannelSingleDiff
                0x0800256c       0x48 ./Core/Src/main.o
 .text.LL_ADC_SetOverSamplingScope
                0x080025b4       0x2a ./Core/Src/main.o
 .text.LL_ADC_DisableDeepPowerDown
                0x080025de       0x24 ./Core/Src/main.o
 .text.LL_ADC_EnableInternalRegulator
                0x08002602       0x28 ./Core/Src/main.o
 *fill*         0x0800262a        0x2 
 .text.LL_DMA_SetDataTransferDirection
                0x0800262c       0x50 ./Core/Src/main.o
 .text.LL_DMA_SetMode
                0x0800267c       0x4c ./Core/Src/main.o
 .text.LL_DMA_SetPeriphIncMode
                0x080026c8       0x4c ./Core/Src/main.o
 .text.LL_DMA_SetMemoryIncMode
                0x08002714       0x4c ./Core/Src/main.o
 .text.LL_DMA_SetPeriphSize
                0x08002760       0x4c ./Core/Src/main.o
 .text.LL_DMA_SetMemorySize
                0x080027ac       0x4c ./Core/Src/main.o
 .text.LL_DMA_SetChannelPriorityLevel
                0x080027f8       0x4c ./Core/Src/main.o
 .text.LL_DMA_SetPeriphRequest
                0x08002844       0x54 ./Core/Src/main.o
 .text.LL_RCC_HSE_Enable
                0x08002898       0x20 ./Core/Src/main.o
 .text.LL_RCC_HSE_IsReady
                0x080028b8       0x28 ./Core/Src/main.o
 .text.LL_RCC_HSI48_Enable
                0x080028e0       0x24 ./Core/Src/main.o
 .text.LL_RCC_HSI48_IsReady
                0x08002904       0x28 ./Core/Src/main.o
 .text.LL_RCC_SetSysClkSource
                0x0800292c       0x28 ./Core/Src/main.o
 .text.LL_RCC_GetSysClkSource
                0x08002954       0x1c ./Core/Src/main.o
 .text.LL_RCC_SetAHBPrescaler
                0x08002970       0x28 ./Core/Src/main.o
 .text.LL_RCC_SetAPB1Prescaler
                0x08002998       0x28 ./Core/Src/main.o
 .text.LL_RCC_SetAPB2Prescaler
                0x080029c0       0x28 ./Core/Src/main.o
 .text.LL_RCC_SetUSARTClockSource
                0x080029e8       0x34 ./Core/Src/main.o
 .text.LL_RCC_SetADCClockSource
                0x08002a1c       0x48 ./Core/Src/main.o
 .text.LL_RCC_PLL_Enable
                0x08002a64       0x20 ./Core/Src/main.o
 .text.LL_RCC_PLL_IsReady
                0x08002a84       0x28 ./Core/Src/main.o
 .text.LL_RCC_PLL_ConfigDomain_SYS
                0x08002aac       0x40 ./Core/Src/main.o
 .text.LL_RCC_PLL_ConfigDomain_ADC
                0x08002aec       0x40 ./Core/Src/main.o
 .text.LL_RCC_PLL_EnableDomain_ADC
                0x08002b2c       0x20 ./Core/Src/main.o
 .text.LL_RCC_PLL_EnableDomain_SYS
                0x08002b4c       0x20 ./Core/Src/main.o
 .text.LL_AHB1_GRP1_EnableClock
                0x08002b6c       0x30 ./Core/Src/main.o
 .text.LL_AHB2_GRP1_EnableClock
                0x08002b9c       0x30 ./Core/Src/main.o
 .text.LL_APB1_GRP1_EnableClock
                0x08002bcc       0x30 ./Core/Src/main.o
 .text.LL_APB2_GRP1_EnableClock
                0x08002bfc       0x30 ./Core/Src/main.o
 .text.LL_FLASH_SetLatency
                0x08002c2c       0x28 ./Core/Src/main.o
 .text.LL_FLASH_GetLatency
                0x08002c54       0x1c ./Core/Src/main.o
 .text.LL_PWR_SetRegulVoltageScaling
                0x08002c70       0x28 ./Core/Src/main.o
 .text.LL_SPI_SetStandard
                0x08002c98       0x26 ./Core/Src/main.o
 .text.LL_SPI_EnableNSSPulseMgt
                0x08002cbe       0x20 ./Core/Src/main.o
 .text.LL_TIM_DisableARRPreload
                0x08002cde       0x20 ./Core/Src/main.o
 .text.LL_TIM_SetClockSource
                0x08002cfe       0x2a ./Core/Src/main.o
 .text.LL_TIM_SetTriggerOutput
                0x08002d28       0x2a ./Core/Src/main.o
 .text.LL_TIM_DisableMasterSlaveMode
                0x08002d52       0x20 ./Core/Src/main.o
 .text.LL_USART_Enable
                0x08002d72       0x20 ./Core/Src/main.o
 .text.LL_USART_DisableFIFO
                0x08002d92       0x20 ./Core/Src/main.o
 .text.LL_USART_SetTXFIFOThreshold
                0x08002db2       0x4e ./Core/Src/main.o
 .text.LL_USART_SetRXFIFOThreshold
                0x08002e00       0x4e ./Core/Src/main.o
 .text.LL_USART_ConfigAsyncMode
                0x08002e4e       0x2c ./Core/Src/main.o
 .text.LL_USART_IsActiveFlag_TEACK
                0x08002e7a       0x28 ./Core/Src/main.o
 .text.LL_USART_IsActiveFlag_REACK
                0x08002ea2       0x28 ./Core/Src/main.o
 .text.LL_GPIO_ResetOutputPin
                0x08002eca       0x1c ./Core/Src/main.o
 .text.main     0x08002ee6       0x2e ./Core/Src/main.o
                0x08002ee6                main
 .text.SystemClock_Config
                0x08002f14       0xd0 ./Core/Src/main.o
                0x08002f14                SystemClock_Config
 .text.MX_ADC1_Init
                0x08002fe4      0x238 ./Core/Src/main.o
 .text.MX_SPI1_Init
                0x0800321c      0x148 ./Core/Src/main.o
 .text.MX_TIM2_Init
                0x08003364       0x82 ./Core/Src/main.o
 *fill*         0x080033e6        0x2 
 .text.MX_USART1_UART_Init
                0x080033e8      0x1a0 ./Core/Src/main.o
 .text.MX_DMA_Init
                0x08003588       0x94 ./Core/Src/main.o
 .text.MX_GPIO_Init
                0x0800361c      0x168 ./Core/Src/main.o
 .text.Error_Handler
                0x08003784        0xc ./Core/Src/main.o
                0x08003784                Error_Handler
 .text.HAL_MspInit
                0x08003790       0x48 ./Core/Src/stm32g4xx_hal_msp.o
                0x08003790                HAL_MspInit
 .text.NMI_Handler
                0x080037d8        0x8 ./Core/Src/stm32g4xx_it.o
                0x080037d8                NMI_Handler
 .text.HardFault_Handler
                0x080037e0        0x8 ./Core/Src/stm32g4xx_it.o
                0x080037e0                HardFault_Handler
 .text.MemManage_Handler
                0x080037e8        0x8 ./Core/Src/stm32g4xx_it.o
                0x080037e8                MemManage_Handler
 .text.BusFault_Handler
                0x080037f0        0x8 ./Core/Src/stm32g4xx_it.o
                0x080037f0                BusFault_Handler
 .text.UsageFault_Handler
                0x080037f8        0x8 ./Core/Src/stm32g4xx_it.o
                0x080037f8                UsageFault_Handler
 .text.SVC_Handler
                0x08003800        0xe ./Core/Src/stm32g4xx_it.o
                0x08003800                SVC_Handler
 .text.DebugMon_Handler
                0x0800380e        0xe ./Core/Src/stm32g4xx_it.o
                0x0800380e                DebugMon_Handler
 .text.PendSV_Handler
                0x0800381c        0xe ./Core/Src/stm32g4xx_it.o
                0x0800381c                PendSV_Handler
 .text.SysTick_Handler
                0x0800382a        0xc ./Core/Src/stm32g4xx_it.o
                0x0800382a                SysTick_Handler
 .text.DMA1_Channel1_IRQHandler
                0x08003836        0xe ./Core/Src/stm32g4xx_it.o
                0x08003836                DMA1_Channel1_IRQHandler
 .text.DMA1_Channel2_IRQHandler
                0x08003844        0xc ./Core/Src/stm32g4xx_it.o
                0x08003844                DMA1_Channel2_IRQHandler
 .text.DMA1_Channel3_IRQHandler
                0x08003850        0xc ./Core/Src/stm32g4xx_it.o
                0x08003850                DMA1_Channel3_IRQHandler
 .text.DMA1_Channel4_IRQHandler
                0x0800385c        0xc ./Core/Src/stm32g4xx_it.o
                0x0800385c                DMA1_Channel4_IRQHandler
 .text.USB_LP_IRQHandler
                0x08003868       0x14 ./Core/Src/stm32g4xx_it.o
                0x08003868                USB_LP_IRQHandler
 .text.TIM2_IRQHandler
                0x0800387c        0xc ./Core/Src/stm32g4xx_it.o
                0x0800387c                TIM2_IRQHandler
 .text.SystemInit
                0x08003888       0x24 ./Core/Src/system_stm32g4xx.o
                0x08003888                SystemInit
 .text.Reset_Handler
                0x080038ac       0x50 ./Core/Startup/startup_stm32g431k8tx.o
                0x080038ac                Reset_Handler
 .text.Default_Handler
                0x080038fc        0x2 ./Core/Startup/startup_stm32g431k8tx.o
                0x080038fc                RTC_Alarm_IRQHandler
                0x080038fc                EXTI2_IRQHandler
                0x080038fc                TIM8_TRG_COM_IRQHandler
                0x080038fc                TIM8_CC_IRQHandler
                0x080038fc                TIM1_CC_IRQHandler
                0x080038fc                USB_HP_IRQHandler
                0x080038fc                CORDIC_IRQHandler
                0x080038fc                EXTI3_IRQHandler
                0x080038fc                I2C3_ER_IRQHandler
                0x080038fc                EXTI0_IRQHandler
                0x080038fc                I2C2_EV_IRQHandler
                0x080038fc                FPU_IRQHandler
                0x080038fc                FDCAN1_IT1_IRQHandler
                0x080038fc                TIM1_UP_TIM16_IRQHandler
                0x080038fc                ADC1_2_IRQHandler
                0x080038fc                SPI1_IRQHandler
                0x080038fc                TIM6_DAC_IRQHandler
                0x080038fc                TIM8_UP_IRQHandler
                0x080038fc                DMA2_Channel2_IRQHandler
                0x080038fc                USART3_IRQHandler
                0x080038fc                TIM4_IRQHandler
                0x080038fc                DMA2_Channel1_IRQHandler
                0x080038fc                I2C1_EV_IRQHandler
                0x080038fc                DMA1_Channel6_IRQHandler
                0x080038fc                UART4_IRQHandler
                0x080038fc                DMA2_Channel4_IRQHandler
                0x080038fc                TIM3_IRQHandler
                0x080038fc                RCC_IRQHandler
                0x080038fc                Default_Handler
                0x080038fc                RTC_TAMP_LSECSS_IRQHandler
                0x080038fc                FMAC_IRQHandler
                0x080038fc                EXTI15_10_IRQHandler
                0x080038fc                TIM7_IRQHandler
                0x080038fc                UCPD1_IRQHandler
                0x080038fc                I2C3_EV_IRQHandler
                0x080038fc                EXTI9_5_IRQHandler
                0x080038fc                RTC_WKUP_IRQHandler
                0x080038fc                PVD_PVM_IRQHandler
                0x080038fc                SPI2_IRQHandler
                0x080038fc                DMA2_Channel5_IRQHandler
                0x080038fc                CRS_IRQHandler
                0x080038fc                DMA1_Channel5_IRQHandler
                0x080038fc                EXTI4_IRQHandler
                0x080038fc                RNG_IRQHandler
                0x080038fc                TIM1_TRG_COM_TIM17_IRQHandler
                0x080038fc                WWDG_IRQHandler
                0x080038fc                LPUART1_IRQHandler
                0x080038fc                DMA2_Channel6_IRQHandler
                0x080038fc                FDCAN1_IT0_IRQHandler
                0x080038fc                COMP1_2_3_IRQHandler
                0x080038fc                EXTI1_IRQHandler
                0x080038fc                USART2_IRQHandler
                0x080038fc                I2C2_ER_IRQHandler
                0x080038fc                TIM8_BRK_IRQHandler
                0x080038fc                FLASH_IRQHandler
                0x080038fc                USART1_IRQHandler
                0x080038fc                SPI3_IRQHandler
                0x080038fc                I2C1_ER_IRQHandler
                0x080038fc                LPTIM1_IRQHandler
                0x080038fc                DMAMUX_OVR_IRQHandler
                0x080038fc                USBWakeUp_IRQHandler
                0x080038fc                SAI1_IRQHandler
                0x080038fc                DMA2_Channel3_IRQHandler
                0x080038fc                COMP4_IRQHandler
                0x080038fc                TIM1_BRK_TIM15_IRQHandler
 .text.HAL_Init
                0x080038fe       0x30 ./Drivers/STM32G4xx_HAL_Driver/Src/stm32g4xx_hal.o
                0x080038fe                HAL_Init
 *fill*         0x0800392e        0x2 
 .text.HAL_InitTick
                0x08003930       0x74 ./Drivers/STM32G4xx_HAL_Driver/Src/stm32g4xx_hal.o
                0x08003930                HAL_InitTick
 .text.HAL_IncTick
                0x080039a4       0x24 ./Drivers/STM32G4xx_HAL_Driver/Src/stm32g4xx_hal.o
                0x080039a4                HAL_IncTick
 .text.__NVIC_SetPriorityGrouping
                0x080039c8       0x48 ./Drivers/STM32G4xx_HAL_Driver/Src/stm32g4xx_hal_cortex.o
 .text.__NVIC_GetPriorityGrouping
                0x08003a10       0x1c ./Drivers/STM32G4xx_HAL_Driver/Src/stm32g4xx_hal_cortex.o
 .text.__NVIC_EnableIRQ
                0x08003a2c       0x3c ./Drivers/STM32G4xx_HAL_Driver/Src/stm32g4xx_hal_cortex.o
 .text.__NVIC_SetPriority
                0x08003a68       0x54 ./Drivers/STM32G4xx_HAL_Driver/Src/stm32g4xx_hal_cortex.o
 .text.NVIC_EncodePriority
                0x08003abc       0x66 ./Drivers/STM32G4xx_HAL_Driver/Src/stm32g4xx_hal_cortex.o
 *fill*         0x08003b22        0x2 
 .text.SysTick_Config
                0x08003b24       0x44 ./Drivers/STM32G4xx_HAL_Driver/Src/stm32g4xx_hal_cortex.o
 .text.HAL_NVIC_SetPriorityGrouping
                0x08003b68       0x16 ./Drivers/STM32G4xx_HAL_Driver/Src/stm32g4xx_hal_cortex.o
                0x08003b68                HAL_NVIC_SetPriorityGrouping
 .text.HAL_NVIC_SetPriority
                0x08003b7e       0x34 ./Drivers/STM32G4xx_HAL_Driver/Src/stm32g4xx_hal_cortex.o
                0x08003b7e                HAL_NVIC_SetPriority
 .text.HAL_NVIC_EnableIRQ
                0x08003bb2       0x1c ./Drivers/STM32G4xx_HAL_Driver/Src/stm32g4xx_hal_cortex.o
                0x08003bb2                HAL_NVIC_EnableIRQ
 .text.HAL_SYSTICK_Config
                0x08003bce       0x18 ./Drivers/STM32G4xx_HAL_Driver/Src/stm32g4xx_hal_cortex.o
                0x08003bce                HAL_SYSTICK_Config
 .text.HAL_PCD_Init
                0x08003be6      0x19c ./Drivers/STM32G4xx_HAL_Driver/Src/stm32g4xx_hal_pcd.o
                0x08003be6                HAL_PCD_Init
 .text.HAL_PCD_Start
                0x08003d82       0x44 ./Drivers/STM32G4xx_HAL_Driver/Src/stm32g4xx_hal_pcd.o
                0x08003d82                HAL_PCD_Start
 .text.HAL_PCD_IRQHandler
                0x08003dc6      0x24e ./Drivers/STM32G4xx_HAL_Driver/Src/stm32g4xx_hal_pcd.o
                0x08003dc6                HAL_PCD_IRQHandler
 .text.HAL_PCD_SetAddress
                0x08004014       0x48 ./Drivers/STM32G4xx_HAL_Driver/Src/stm32g4xx_hal_pcd.o
                0x08004014                HAL_PCD_SetAddress
 .text.HAL_PCD_EP_Open
                0x0800405c       0xbe ./Drivers/STM32G4xx_HAL_Driver/Src/stm32g4xx_hal_pcd.o
                0x0800405c                HAL_PCD_EP_Open
 .text.HAL_PCD_EP_Close
                0x0800411a       0x90 ./Drivers/STM32G4xx_HAL_Driver/Src/stm32g4xx_hal_pcd.o
                0x0800411a                HAL_PCD_EP_Close
 .text.HAL_PCD_EP_Receive
                0x080041aa       0x62 ./Drivers/STM32G4xx_HAL_Driver/Src/stm32g4xx_hal_pcd.o
                0x080041aa                HAL_PCD_EP_Receive
 .text.HAL_PCD_EP_GetRxCount
                0x0800420c       0x30 ./Drivers/STM32G4xx_HAL_Driver/Src/stm32g4xx_hal_pcd.o
                0x0800420c                HAL_PCD_EP_GetRxCount
 .text.HAL_PCD_EP_Transmit
                0x0800423c       0x6e ./Drivers/STM32G4xx_HAL_Driver/Src/stm32g4xx_hal_pcd.o
                0x0800423c                HAL_PCD_EP_Transmit
 .text.HAL_PCD_EP_SetStall
                0x080042aa       0xa4 ./Drivers/STM32G4xx_HAL_Driver/Src/stm32g4xx_hal_pcd.o
                0x080042aa                HAL_PCD_EP_SetStall
 .text.HAL_PCD_EP_ClrStall
                0x0800434e       0xa8 ./Drivers/STM32G4xx_HAL_Driver/Src/stm32g4xx_hal_pcd.o
                0x0800434e                HAL_PCD_EP_ClrStall
 .text.PCD_EP_ISR_Handler
                0x080043f6      0x68e ./Drivers/STM32G4xx_HAL_Driver/Src/stm32g4xx_hal_pcd.o
 .text.HAL_PCD_EP_DB_Receive
                0x08004a84      0x212 ./Drivers/STM32G4xx_HAL_Driver/Src/stm32g4xx_hal_pcd.o
 .text.HAL_PCD_EP_DB_Transmit
                0x08004c96      0x878 ./Drivers/STM32G4xx_HAL_Driver/Src/stm32g4xx_hal_pcd.o
 .text.HAL_PCDEx_PMAConfig
                0x0800550e       0x86 ./Drivers/STM32G4xx_HAL_Driver/Src/stm32g4xx_hal_pcd_ex.o
                0x0800550e                HAL_PCDEx_PMAConfig
 .text.HAL_PCDEx_ActivateLPM
                0x08005594       0x54 ./Drivers/STM32G4xx_HAL_Driver/Src/stm32g4xx_hal_pcd_ex.o
                0x08005594                HAL_PCDEx_ActivateLPM
 .text.HAL_PWREx_DisableUCPDDeadBattery
                0x080055e8       0x20 ./Drivers/STM32G4xx_HAL_Driver/Src/stm32g4xx_hal_pwr_ex.o
                0x080055e8                HAL_PWREx_DisableUCPDDeadBattery
 .text.LL_ADC_REG_SetSequencerLength
                0x08005608       0x26 ./Drivers/STM32G4xx_HAL_Driver/Src/stm32g4xx_ll_adc.o
 .text.LL_ADC_IsEnabled
                0x0800562e       0x26 ./Drivers/STM32G4xx_HAL_Driver/Src/stm32g4xx_ll_adc.o
 .text.LL_ADC_CommonInit
                0x08005654       0x80 ./Drivers/STM32G4xx_HAL_Driver/Src/stm32g4xx_ll_adc.o
                0x08005654                LL_ADC_CommonInit
 .text.LL_ADC_Init
                0x080056d4       0x4c ./Drivers/STM32G4xx_HAL_Driver/Src/stm32g4xx_ll_adc.o
                0x080056d4                LL_ADC_Init
 .text.LL_ADC_REG_Init
                0x08005720       0x94 ./Drivers/STM32G4xx_HAL_Driver/Src/stm32g4xx_ll_adc.o
                0x08005720                LL_ADC_REG_Init
 .text.LL_GPIO_SetPinMode
                0x080057b4       0x7a ./Drivers/STM32G4xx_HAL_Driver/Src/stm32g4xx_ll_gpio.o
 .text.LL_GPIO_SetPinOutputType
                0x0800582e       0x30 ./Drivers/STM32G4xx_HAL_Driver/Src/stm32g4xx_ll_gpio.o
 .text.LL_GPIO_SetPinSpeed
                0x0800585e       0x7a ./Drivers/STM32G4xx_HAL_Driver/Src/stm32g4xx_ll_gpio.o
 .text.LL_GPIO_SetPinPull
                0x080058d8       0x7a ./Drivers/STM32G4xx_HAL_Driver/Src/stm32g4xx_ll_gpio.o
 .text.LL_GPIO_SetAFPin_0_7
                0x08005952       0x7a ./Drivers/STM32G4xx_HAL_Driver/Src/stm32g4xx_ll_gpio.o
 .text.LL_GPIO_SetAFPin_8_15
                0x080059cc       0x7e ./Drivers/STM32G4xx_HAL_Driver/Src/stm32g4xx_ll_gpio.o
 .text.LL_GPIO_Init
                0x08005a4a       0xdc ./Drivers/STM32G4xx_HAL_Driver/Src/stm32g4xx_ll_gpio.o
                0x08005a4a                LL_GPIO_Init
 *fill*         0x08005b26        0x2 
 .text.LL_RCC_HSI_IsReady
                0x08005b28       0x28 ./Drivers/STM32G4xx_HAL_Driver/Src/stm32g4xx_ll_rcc.o
 .text.LL_RCC_LSE_IsReady
                0x08005b50       0x28 ./Drivers/STM32G4xx_HAL_Driver/Src/stm32g4xx_ll_rcc.o
 .text.LL_RCC_GetSysClkSource
                0x08005b78       0x1c ./Drivers/STM32G4xx_HAL_Driver/Src/stm32g4xx_ll_rcc.o
 .text.LL_RCC_GetAHBPrescaler
                0x08005b94       0x1c ./Drivers/STM32G4xx_HAL_Driver/Src/stm32g4xx_ll_rcc.o
 .text.LL_RCC_GetAPB1Prescaler
                0x08005bb0       0x1c ./Drivers/STM32G4xx_HAL_Driver/Src/stm32g4xx_ll_rcc.o
 .text.LL_RCC_GetAPB2Prescaler
                0x08005bcc       0x1c ./Drivers/STM32G4xx_HAL_Driver/Src/stm32g4xx_ll_rcc.o
 .text.LL_RCC_GetUSARTClockSource
                0x08005be8       0x28 ./Drivers/STM32G4xx_HAL_Driver/Src/stm32g4xx_ll_rcc.o
 .text.LL_RCC_GetUARTClockSource
                0x08005c10       0x28 ./Drivers/STM32G4xx_HAL_Driver/Src/stm32g4xx_ll_rcc.o
 .text.LL_RCC_PLL_GetMainSource
                0x08005c38       0x1c ./Drivers/STM32G4xx_HAL_Driver/Src/stm32g4xx_ll_rcc.o
 .text.LL_RCC_PLL_GetN
                0x08005c54       0x1c ./Drivers/STM32G4xx_HAL_Driver/Src/stm32g4xx_ll_rcc.o
 .text.LL_RCC_PLL_GetR
                0x08005c70       0x1c ./Drivers/STM32G4xx_HAL_Driver/Src/stm32g4xx_ll_rcc.o
 .text.LL_RCC_PLL_GetDivider
                0x08005c8c       0x1c ./Drivers/STM32G4xx_HAL_Driver/Src/stm32g4xx_ll_rcc.o
 .text.LL_RCC_GetUSARTClockFreq
                0x08005ca8      0x188 ./Drivers/STM32G4xx_HAL_Driver/Src/stm32g4xx_ll_rcc.o
                0x08005ca8                LL_RCC_GetUSARTClockFreq
 .text.LL_RCC_GetUARTClockFreq
                0x08005e30       0x94 ./Drivers/STM32G4xx_HAL_Driver/Src/stm32g4xx_ll_rcc.o
                0x08005e30                LL_RCC_GetUARTClockFreq
 .text.RCC_GetSystemClockFreq
                0x08005ec4       0x4c ./Drivers/STM32G4xx_HAL_Driver/Src/stm32g4xx_ll_rcc.o
 .text.RCC_GetHCLKClockFreq
                0x08005f10       0x30 ./Drivers/STM32G4xx_HAL_Driver/Src/stm32g4xx_ll_rcc.o
 .text.RCC_GetPCLK1ClockFreq
                0x08005f40       0x2c ./Drivers/STM32G4xx_HAL_Driver/Src/stm32g4xx_ll_rcc.o
 .text.RCC_GetPCLK2ClockFreq
                0x08005f6c       0x2c ./Drivers/STM32G4xx_HAL_Driver/Src/stm32g4xx_ll_rcc.o
 .text.RCC_PLL_GetFreqDomain_SYS
                0x08005f98       0x68 ./Drivers/STM32G4xx_HAL_Driver/Src/stm32g4xx_ll_rcc.o
 .text.LL_SPI_IsEnabled
                0x08006000       0x26 ./Drivers/STM32G4xx_HAL_Driver/Src/stm32g4xx_ll_spi.o
 .text.LL_SPI_SetRxFIFOThreshold
                0x08006026       0x26 ./Drivers/STM32G4xx_HAL_Driver/Src/stm32g4xx_ll_spi.o
 .text.LL_SPI_SetCRCPolynomial
                0x0800604c       0x20 ./Drivers/STM32G4xx_HAL_Driver/Src/stm32g4xx_ll_spi.o
 .text.LL_SPI_Init
                0x0800606c       0xbc ./Drivers/STM32G4xx_HAL_Driver/Src/stm32g4xx_ll_spi.o
                0x0800606c                LL_SPI_Init
 .text.LL_TIM_SetPrescaler
                0x08006128       0x1c ./Drivers/STM32G4xx_HAL_Driver/Src/stm32g4xx_ll_tim.o
 .text.LL_TIM_SetAutoReload
                0x08006144       0x1c ./Drivers/STM32G4xx_HAL_Driver/Src/stm32g4xx_ll_tim.o
 .text.LL_TIM_SetRepetitionCounter
                0x08006160       0x1c ./Drivers/STM32G4xx_HAL_Driver/Src/stm32g4xx_ll_tim.o
 .text.LL_TIM_GenerateEvent_UPDATE
                0x0800617c       0x20 ./Drivers/STM32G4xx_HAL_Driver/Src/stm32g4xx_ll_tim.o
 .text.LL_TIM_Init
                0x0800619c      0x114 ./Drivers/STM32G4xx_HAL_Driver/Src/stm32g4xx_ll_tim.o
                0x0800619c                LL_TIM_Init
 .text.LL_USART_IsEnabled
                0x080062b0       0x26 ./Drivers/STM32G4xx_HAL_Driver/Src/stm32g4xx_ll_usart.o
 .text.LL_USART_SetPrescaler
                0x080062d6       0x28 ./Drivers/STM32G4xx_HAL_Driver/Src/stm32g4xx_ll_usart.o
 .text.LL_USART_SetStopBitsLength
                0x080062fe       0x26 ./Drivers/STM32G4xx_HAL_Driver/Src/stm32g4xx_ll_usart.o
 .text.LL_USART_SetHWFlowCtrl
                0x08006324       0x26 ./Drivers/STM32G4xx_HAL_Driver/Src/stm32g4xx_ll_usart.o
 *fill*         0x0800634a        0x2 
 .text.LL_USART_SetBaudRate
                0x0800634c       0xa0 ./Drivers/STM32G4xx_HAL_Driver/Src/stm32g4xx_ll_usart.o
 .text.LL_USART_Init
                0x080063ec       0xf4 ./Drivers/STM32G4xx_HAL_Driver/Src/stm32g4xx_ll_usart.o
                0x080063ec                LL_USART_Init
 .text.USB_EnableGlobalInt
                0x080064e0       0x2e ./Drivers/STM32G4xx_HAL_Driver/Src/stm32g4xx_ll_usb.o
                0x080064e0                USB_EnableGlobalInt
 .text.USB_DisableGlobalInt
                0x0800650e       0x36 ./Drivers/STM32G4xx_HAL_Driver/Src/stm32g4xx_ll_usb.o
                0x0800650e                USB_DisableGlobalInt
 .text.USB_DevInit
                0x08006544       0x3c ./Drivers/STM32G4xx_HAL_Driver/Src/stm32g4xx_ll_usb.o
                0x08006544                USB_DevInit
 .text.USB_ActivateEndpoint
                0x08006580      0x9d0 ./Drivers/STM32G4xx_HAL_Driver/Src/stm32g4xx_ll_usb.o
                0x08006580                USB_ActivateEndpoint
 .text.USB_DeactivateEndpoint
                0x08006f50      0x3da ./Drivers/STM32G4xx_HAL_Driver/Src/stm32g4xx_ll_usb.o
                0x08006f50                USB_DeactivateEndpoint
 .text.USB_EPStartXfer
                0x0800732a      0xb5e ./Drivers/STM32G4xx_HAL_Driver/Src/stm32g4xx_ll_usb.o
                0x0800732a                USB_EPStartXfer
 .text.USB_EPSetStall
                0x08007e88       0xa2 ./Drivers/STM32G4xx_HAL_Driver/Src/stm32g4xx_ll_usb.o
                0x08007e88                USB_EPSetStall
 .text.USB_EPClearStall
                0x08007f2a      0x152 ./Drivers/STM32G4xx_HAL_Driver/Src/stm32g4xx_ll_usb.o
                0x08007f2a                USB_EPClearStall
 .text.USB_SetDevAddress
                0x0800807c       0x28 ./Drivers/STM32G4xx_HAL_Driver/Src/stm32g4xx_ll_usb.o
                0x0800807c                USB_SetDevAddress
 .text.USB_DevConnect
                0x080080a4       0x2e ./Drivers/STM32G4xx_HAL_Driver/Src/stm32g4xx_ll_usb.o
                0x080080a4                USB_DevConnect
 .text.USB_ReadInterrupts
                0x080080d2       0x20 ./Drivers/STM32G4xx_HAL_Driver/Src/stm32g4xx_ll_usb.o
                0x080080d2                USB_ReadInterrupts
 .text.USB_WritePMA
                0x080080f2       0x86 ./Drivers/STM32G4xx_HAL_Driver/Src/stm32g4xx_ll_usb.o
                0x080080f2                USB_WritePMA
 .text.USB_ReadPMA
                0x08008178       0x98 ./Drivers/STM32G4xx_HAL_Driver/Src/stm32g4xx_ll_usb.o
                0x08008178                USB_ReadPMA
 .text.LL_InitTick
                0x08008210       0x34 ./Drivers/STM32G4xx_HAL_Driver/Src/stm32g4xx_ll_utils.o
 .text.LL_Init1msTick
                0x08008244       0x1a ./Drivers/STM32G4xx_HAL_Driver/Src/stm32g4xx_ll_utils.o
                0x08008244                LL_Init1msTick
 *fill*         0x0800825e        0x2 
 .text.LL_mDelay
                0x08008260       0x50 ./Drivers/STM32G4xx_HAL_Driver/Src/stm32g4xx_ll_utils.o
                0x08008260                LL_mDelay
 .text.LL_SetSystemCoreClock
                0x080082b0       0x20 ./Drivers/STM32G4xx_HAL_Driver/Src/stm32g4xx_ll_utils.o
                0x080082b0                LL_SetSystemCoreClock
 .text.USBD_CDC_Init
                0x080082d0       0xfe ./Middlewares/ST/STM32_USB_Device_Library/Class/CDC/Src/usbd_cdc.o
 .text.USBD_CDC_DeInit
                0x080083ce       0x74 ./Middlewares/ST/STM32_USB_Device_Library/Class/CDC/Src/usbd_cdc.o
 *fill*         0x08008442        0x2 
 .text.USBD_CDC_Setup
                0x08008444      0x190 ./Middlewares/ST/STM32_USB_Device_Library/Class/CDC/Src/usbd_cdc.o
 .text.USBD_CDC_DataIn
                0x080085d4       0xca ./Middlewares/ST/STM32_USB_Device_Library/Class/CDC/Src/usbd_cdc.o
 .text.USBD_CDC_DataOut
                0x0800869e       0x56 ./Middlewares/ST/STM32_USB_Device_Library/Class/CDC/Src/usbd_cdc.o
 .text.USBD_CDC_EP0_RxReady
                0x080086f4       0x58 ./Middlewares/ST/STM32_USB_Device_Library/Class/CDC/Src/usbd_cdc.o
 .text.USBD_CDC_GetFSCfgDesc
                0x0800874c       0x20 ./Middlewares/ST/STM32_USB_Device_Library/Class/CDC/Src/usbd_cdc.o
 .text.USBD_CDC_GetHSCfgDesc
                0x0800876c       0x20 ./Middlewares/ST/STM32_USB_Device_Library/Class/CDC/Src/usbd_cdc.o
 .text.USBD_CDC_GetOtherSpeedCfgDesc
                0x0800878c       0x20 ./Middlewares/ST/STM32_USB_Device_Library/Class/CDC/Src/usbd_cdc.o
 .text.USBD_CDC_GetDeviceQualifierDescriptor
                0x080087ac       0x20 ./Middlewares/ST/STM32_USB_Device_Library/Class/CDC/Src/usbd_cdc.o
                0x080087ac                USBD_CDC_GetDeviceQualifierDescriptor
 .text.USBD_CDC_RegisterInterface
                0x080087cc       0x2a ./Middlewares/ST/STM32_USB_Device_Library/Class/CDC/Src/usbd_cdc.o
                0x080087cc                USBD_CDC_RegisterInterface
 .text.USBD_CDC_SetTxBuffer
                0x080087f6       0x3c ./Middlewares/ST/STM32_USB_Device_Library/Class/CDC/Src/usbd_cdc.o
                0x080087f6                USBD_CDC_SetTxBuffer
 .text.USBD_CDC_SetRxBuffer
                0x08008832       0x32 ./Middlewares/ST/STM32_USB_Device_Library/Class/CDC/Src/usbd_cdc.o
                0x08008832                USBD_CDC_SetRxBuffer
 .text.USBD_CDC_ReceivePacket
                0x08008864       0x54 ./Middlewares/ST/STM32_USB_Device_Library/Class/CDC/Src/usbd_cdc.o
                0x08008864                USBD_CDC_ReceivePacket
 .text.USBD_Init
                0x080088b8       0x60 ./Middlewares/ST/STM32_USB_Device_Library/Core/Src/usbd_core.o
                0x080088b8                USBD_Init
 .text.USBD_RegisterClass
                0x08008918       0x4e ./Middlewares/ST/STM32_USB_Device_Library/Core/Src/usbd_core.o
                0x08008918                USBD_RegisterClass
 .text.USBD_Start
                0x08008966       0x18 ./Middlewares/ST/STM32_USB_Device_Library/Core/Src/usbd_core.o
                0x08008966                USBD_Start
 .text.USBD_RunTestMode
                0x0800897e       0x16 ./Middlewares/ST/STM32_USB_Device_Library/Core/Src/usbd_core.o
                0x0800897e                USBD_RunTestMode
 .text.USBD_SetClassConfig
                0x08008994       0x38 ./Middlewares/ST/STM32_USB_Device_Library/Core/Src/usbd_core.o
                0x08008994                USBD_SetClassConfig
 .text.USBD_ClrClassConfig
                0x080089cc       0x30 ./Middlewares/ST/STM32_USB_Device_Library/Core/Src/usbd_core.o
                0x080089cc                USBD_ClrClassConfig
 .text.USBD_LL_SetupStage
                0x080089fc       0xaa ./Middlewares/ST/STM32_USB_Device_Library/Core/Src/usbd_core.o
                0x080089fc                USBD_LL_SetupStage
 .text.USBD_LL_DataOutStage
                0x08008aa6       0xc6 ./Middlewares/ST/STM32_USB_Device_Library/Core/Src/usbd_core.o
                0x08008aa6                USBD_LL_DataOutStage
 .text.USBD_LL_DataInStage
                0x08008b6c      0x12c ./Middlewares/ST/STM32_USB_Device_Library/Core/Src/usbd_core.o
                0x08008b6c                USBD_LL_DataInStage
 .text.USBD_LL_Reset
                0x08008c98       0x9c ./Middlewares/ST/STM32_USB_Device_Library/Core/Src/usbd_core.o
                0x08008c98                USBD_LL_Reset
 .text.USBD_LL_SetSpeed
                0x08008d34       0x20 ./Middlewares/ST/STM32_USB_Device_Library/Core/Src/usbd_core.o
                0x08008d34                USBD_LL_SetSpeed
 .text.USBD_LL_Suspend
                0x08008d54       0x2c ./Middlewares/ST/STM32_USB_Device_Library/Core/Src/usbd_core.o
                0x08008d54                USBD_LL_Suspend
 .text.USBD_LL_Resume
                0x08008d80       0x30 ./Middlewares/ST/STM32_USB_Device_Library/Core/Src/usbd_core.o
                0x08008d80                USBD_LL_Resume
 .text.USBD_LL_SOF
                0x08008db0       0x44 ./Middlewares/ST/STM32_USB_Device_Library/Core/Src/usbd_core.o
                0x08008db0                USBD_LL_SOF
 .text.SWAPBYTE
                0x08008df4       0x3e ./Middlewares/ST/STM32_USB_Device_Library/Core/Src/usbd_ctlreq.o
 *fill*         0x08008e32        0x2 
 .text.USBD_StdDevReq
                0x08008e34       0xdc ./Middlewares/ST/STM32_USB_Device_Library/Core/Src/usbd_ctlreq.o
                0x08008e34                USBD_StdDevReq
 .text.USBD_StdItfReq
                0x08008f10       0x92 ./Middlewares/ST/STM32_USB_Device_Library/Core/Src/usbd_ctlreq.o
                0x08008f10                USBD_StdItfReq
 .text.USBD_StdEPReq
                0x08008fa2      0x2c4 ./Middlewares/ST/STM32_USB_Device_Library/Core/Src/usbd_ctlreq.o
                0x08008fa2                USBD_StdEPReq
 *fill*         0x08009266        0x2 
 .text.USBD_GetDescriptor
                0x08009268      0x328 ./Middlewares/ST/STM32_USB_Device_Library/Core/Src/usbd_ctlreq.o
 .text.USBD_SetAddress
                0x08009590       0x88 ./Middlewares/ST/STM32_USB_Device_Library/Core/Src/usbd_ctlreq.o
 .text.USBD_SetConfig
                0x08009618      0x14c ./Middlewares/ST/STM32_USB_Device_Library/Core/Src/usbd_ctlreq.o
 .text.USBD_GetConfig
                0x08009764       0x6c ./Middlewares/ST/STM32_USB_Device_Library/Core/Src/usbd_ctlreq.o
 .text.USBD_GetStatus
                0x080097d0       0x68 ./Middlewares/ST/STM32_USB_Device_Library/Core/Src/usbd_ctlreq.o
 .text.USBD_SetFeature
                0x08009838       0x28 ./Middlewares/ST/STM32_USB_Device_Library/Core/Src/usbd_ctlreq.o
 .text.USBD_ClrFeature
                0x08009860       0x44 ./Middlewares/ST/STM32_USB_Device_Library/Core/Src/usbd_ctlreq.o
 .text.USBD_ParseSetupRequest
                0x080098a4       0x74 ./Middlewares/ST/STM32_USB_Device_Library/Core/Src/usbd_ctlreq.o
                0x080098a4                USBD_ParseSetupRequest
 .text.USBD_CtlError
                0x08009918       0x22 ./Middlewares/ST/STM32_USB_Device_Library/Core/Src/usbd_ctlreq.o
                0x08009918                USBD_CtlError
 .text.USBD_GetString
                0x0800993a       0x8c ./Middlewares/ST/STM32_USB_Device_Library/Core/Src/usbd_ctlreq.o
                0x0800993a                USBD_GetString
 .text.USBD_GetLen
                0x080099c6       0x34 ./Middlewares/ST/STM32_USB_Device_Library/Core/Src/usbd_ctlreq.o
 .text.USBD_CtlSendData
                0x080099fa       0x36 ./Middlewares/ST/STM32_USB_Device_Library/Core/Src/usbd_ioreq.o
                0x080099fa                USBD_CtlSendData
 .text.USBD_CtlContinueSendData
                0x08009a30       0x22 ./Middlewares/ST/STM32_USB_Device_Library/Core/Src/usbd_ioreq.o
                0x08009a30                USBD_CtlContinueSendData
 .text.USBD_CtlPrepareRx
                0x08009a52       0x3a ./Middlewares/ST/STM32_USB_Device_Library/Core/Src/usbd_ioreq.o
                0x08009a52                USBD_CtlPrepareRx
 .text.USBD_CtlContinueRx
                0x08009a8c       0x22 ./Middlewares/ST/STM32_USB_Device_Library/Core/Src/usbd_ioreq.o
                0x08009a8c                USBD_CtlContinueRx
 .text.USBD_CtlSendStatus
                0x08009aae       0x26 ./Middlewares/ST/STM32_USB_Device_Library/Core/Src/usbd_ioreq.o
                0x08009aae                USBD_CtlSendStatus
 .text.USBD_CtlReceiveStatus
                0x08009ad4       0x26 ./Middlewares/ST/STM32_USB_Device_Library/Core/Src/usbd_ioreq.o
                0x08009ad4                USBD_CtlReceiveStatus
 *fill*         0x08009afa        0x2 
 .text.MX_USB_Device_Init
                0x08009afc       0x60 ./USB_Device/App/usb_device.o
                0x08009afc                MX_USB_Device_Init
 .text.CDC_Init_FS
                0x08009b5c       0x28 ./USB_Device/App/usbd_cdc_if.o
 .text.CDC_DeInit_FS
                0x08009b84       0x10 ./USB_Device/App/usbd_cdc_if.o
 .text.CDC_Control_FS
                0x08009b94       0xbc ./USB_Device/App/usbd_cdc_if.o
 .text.CDC_Receive_FS
                0x08009c50       0x28 ./USB_Device/App/usbd_cdc_if.o
 .text.CDC_TransmitCplt_FS
                0x08009c78       0x22 ./USB_Device/App/usbd_cdc_if.o
 *fill*         0x08009c9a        0x2 
 .text.USBD_CDC_DeviceDescriptor
                0x08009c9c       0x24 ./USB_Device/App/usbd_desc.o
                0x08009c9c                USBD_CDC_DeviceDescriptor
 .text.USBD_CDC_LangIDStrDescriptor
                0x08009cc0       0x24 ./USB_Device/App/usbd_desc.o
                0x08009cc0                USBD_CDC_LangIDStrDescriptor
 .text.USBD_CDC_ProductStrDescriptor
                0x08009ce4       0x3c ./USB_Device/App/usbd_desc.o
                0x08009ce4                USBD_CDC_ProductStrDescriptor
 .text.USBD_CDC_ManufacturerStrDescriptor
                0x08009d20       0x28 ./USB_Device/App/usbd_desc.o
                0x08009d20                USBD_CDC_ManufacturerStrDescriptor
 .text.USBD_CDC_SerialStrDescriptor
                0x08009d48       0x24 ./USB_Device/App/usbd_desc.o
                0x08009d48                USBD_CDC_SerialStrDescriptor
 .text.USBD_CDC_ConfigStrDescriptor
                0x08009d6c       0x3c ./USB_Device/App/usbd_desc.o
                0x08009d6c                USBD_CDC_ConfigStrDescriptor
 .text.USBD_CDC_InterfaceStrDescriptor
                0x08009da8       0x3c ./USB_Device/App/usbd_desc.o
                0x08009da8                USBD_CDC_InterfaceStrDescriptor
 .text.Get_SerialNum
                0x08009de4       0x58 ./USB_Device/App/usbd_desc.o
 .text.IntToUnicode
                0x08009e3c       0x7e ./USB_Device/App/usbd_desc.o
 *fill*         0x08009eba        0x2 
 .text.LL_RCC_SetUSBClockSource
                0x08009ebc       0x2c ./USB_Device/Target/usbd_conf.o
 .text.HAL_PCD_MspInit
                0x08009ee8       0x50 ./USB_Device/Target/usbd_conf.o
                0x08009ee8                HAL_PCD_MspInit
 .text.HAL_PCD_SetupStageCallback
                0x08009f38       0x24 ./USB_Device/Target/usbd_conf.o
                0x08009f38                HAL_PCD_SetupStageCallback
 .text.HAL_PCD_DataOutStageCallback
                0x08009f5c       0x36 ./USB_Device/Target/usbd_conf.o
                0x08009f5c                HAL_PCD_DataOutStageCallback
 .text.HAL_PCD_DataInStageCallback
                0x08009f92       0x34 ./USB_Device/Target/usbd_conf.o
                0x08009f92                HAL_PCD_DataInStageCallback
 .text.HAL_PCD_SOFCallback
                0x08009fc6       0x1c ./USB_Device/Target/usbd_conf.o
                0x08009fc6                HAL_PCD_SOFCallback
 .text.HAL_PCD_ResetCallback
                0x08009fe2       0x3c ./USB_Device/Target/usbd_conf.o
                0x08009fe2                HAL_PCD_ResetCallback
 *fill*         0x0800a01e        0x2 
 .text.HAL_PCD_SuspendCallback
                0x0800a020       0x34 ./USB_Device/Target/usbd_conf.o
                0x0800a020                HAL_PCD_SuspendCallback
 .text.HAL_PCD_ResumeCallback
                0x0800a054       0x38 ./USB_Device/Target/usbd_conf.o
                0x0800a054                HAL_PCD_ResumeCallback
 .text.USBD_LL_Init
                0x0800a08c       0xc0 ./USB_Device/Target/usbd_conf.o
                0x0800a08c                USBD_LL_Init
 .text.USBD_LL_Start
                0x0800a14c       0x36 ./USB_Device/Target/usbd_conf.o
                0x0800a14c                USBD_LL_Start
 .text.USBD_LL_OpenEP
                0x0800a182       0x4c ./USB_Device/Target/usbd_conf.o
                0x0800a182                USBD_LL_OpenEP
 .text.USBD_LL_CloseEP
                0x0800a1ce       0x3e ./USB_Device/Target/usbd_conf.o
                0x0800a1ce                USBD_LL_CloseEP
 .text.USBD_LL_StallEP
                0x0800a20c       0x3e ./USB_Device/Target/usbd_conf.o
                0x0800a20c                USBD_LL_StallEP
 .text.USBD_LL_ClearStallEP
                0x0800a24a       0x3e ./USB_Device/Target/usbd_conf.o
                0x0800a24a                USBD_LL_ClearStallEP
 .text.USBD_LL_IsStallEP
                0x0800a288       0x58 ./USB_Device/Target/usbd_conf.o
                0x0800a288                USBD_LL_IsStallEP
 .text.USBD_LL_SetUSBAddress
                0x0800a2e0       0x3e ./USB_Device/Target/usbd_conf.o
                0x0800a2e0                USBD_LL_SetUSBAddress
 .text.USBD_LL_Transmit
                0x0800a31e       0x42 ./USB_Device/Target/usbd_conf.o
                0x0800a31e                USBD_LL_Transmit
 .text.USBD_LL_PrepareReceive
                0x0800a360       0x42 ./USB_Device/Target/usbd_conf.o
                0x0800a360                USBD_LL_PrepareReceive
 .text.USBD_LL_GetRxDataSize
                0x0800a3a2       0x26 ./USB_Device/Target/usbd_conf.o
                0x0800a3a2                USBD_LL_GetRxDataSize
 .text.HAL_PCDEx_LPM_Callback
                0x0800a3c8       0x6c ./USB_Device/Target/usbd_conf.o
                0x0800a3c8                HAL_PCDEx_LPM_Callback
 .text.USBD_static_malloc
                0x0800a434       0x1c ./USB_Device/Target/usbd_conf.o
                0x0800a434                USBD_static_malloc
 .text.USBD_static_free
                0x0800a450       0x14 ./USB_Device/Target/usbd_conf.o
                0x0800a450                USBD_static_free
 .text.SystemClockConfig_Resume
                0x0800a464        0xc ./USB_Device/Target/usbd_conf.o
 .text.USBD_Get_USB_Status
                0x0800a470       0x58 ./USB_Device/Target/usbd_conf.o
 .text.memset   0x0800a4c8       0x10 /opt/st/stm32cubeide_2.1.1/plugins/com.st.stm32cube.ide.mcu.externaltools.gnu-tools-for-stm32.14.3.rel1.linux64_1.0.100.202602081740/tools/bin/../lib/gcc/arm-none-eabi/14.3.1/../../../../arm-none-eabi/lib/thumb/v7e-m+fp/hard/libc_nano.a(libc_a-memset.o)
                0x0800a4c8                memset
 .text.__libc_init_array
                0x0800a4d8       0x48 /opt/st/stm32cubeide_2.1.1/plugins/com.st.stm32cube.ide.mcu.externaltools.gnu-tools-for-stm32.14.3.rel1.linux64_1.0.100.202602081740/tools/bin/../lib/gcc/arm-none-eabi/14.3.1/../../../../arm-none-eabi/lib/thumb/v7e-m+fp/hard/libc_nano.a(libc_a-init.o)
                0x0800a4d8                __libc_init_array
 *(.glue_7)
 .glue_7        0x0800a520        0x0 linker stubs
 *(.glue_7t)
 .glue_7t       0x0800a520        0x0 linker stubs
 *(.eh_frame)
 .eh_frame      0x0800a520        0x0 /opt/st/stm32cubeide_2.1.1/plugins/com.st.stm32cube.ide.mcu.externaltools.gnu-tools-for-stm32.14.3.rel1.linux64_1.0.100.202602081740/tools/bin/../lib/gcc/arm-none-eabi/14.3.1/thumb/v7e-m+fp/hard/crtbegin.o
 *(.init)
 .init          0x0800a520        0x4 /opt/st/stm32cubeide_2.1.1/plugins/com.st.stm32cube.ide.mcu.externaltools.gnu-tools-for-stm32.14.3.rel1.linux64_1.0.100.202602081740/tools/bin/../lib/gcc/arm-none-eabi/14.3.1/thumb/v7e-m+fp/hard/crti.o
                0x0800a520                _init
 .init          0x0800a524        0x8 /opt/st/stm32cubeide_2.1.1/plugins/com.st.stm32cube.ide.mcu.externaltools.gnu-tools-for-stm32.14.3.rel1.linux64_1.0.100.202602081740/tools/bin/../lib/gcc/arm-none-eabi/14.3.1/thumb/v7e-m+fp/hard/crtn.o
 *(.fini)
 .fini          0x0800a52c        0x4 /opt/st/stm32cubeide_2.1.1/plugins/com.st.stm32cube.ide.mcu.externaltools.gnu-tools-for-stm32.14.3.rel1.linux64_1.0.100.202602081740/tools/bin/../lib/gcc/arm-none-eabi/14.3.1/thumb/v7e-m+fp/hard/crti.o
                0x0800a52c                _fini
 .fini          0x0800a530        0x8 /opt/st/stm32cubeide_2.1.1/plugins/com.st.stm32cube.ide.mcu.externaltools.gnu-tools-for-stm32.14.3.rel1.linux64_1.0.100.202602081740/tools/bin/../lib/gcc/arm-none-eabi/14.3.1/thumb/v7e-m+fp/hard/crtn.o
                0x0800a538                        . = ALIGN (0x4)
                0x0800a538                        _etext = .

.vfp11_veneer   0x0800a538        0x0
 .vfp11_veneer  0x0800a538        0x0 linker stubs

.v4_bx          0x0800a538        0x0
 .v4_bx         0x0800a538        0x0 linker stubs

.iplt           0x0800a538        0x0
 .iplt          0x0800a538        0x0 /opt/st/stm32cubeide_2.1.1/plugins/com.st.stm32cube.ide.mcu.externaltools.gnu-tools-for-stm32.14.3.rel1.linux64_1.0.100.202602081740/tools/bin/../lib/gcc/arm-none-eabi/14.3.1/thumb/v7e-m+fp/hard/crtbegin.o

.rodata         0x0800a538     0x2f94
                0x0800a538                        . = ALIGN (0x4)
 *(.rodata)
 .rodata        0x0800a538       0xa6 ./Core/Src/hmi.o
 *fill*         0x0800a5de        0x2 
 .rodata        0x0800a5e0       0x46 ./USB_Device/App/usbd_desc.o
 *(.rodata*)
 *fill*         0x0800a626        0x2 
 .rodata.CHANNEL_OFFSET_TAB
                0x0800a628        0x6 ./Core/Src/ILI9341_driver.o
 *fill*         0x0800a62e        0x2 
 .rodata.font11x23
                0x0800a630     0x2e00 ./Core/Src/fonts.o
                0x0800a630                font11x23
 .rodata.CHANNEL_OFFSET_TAB
                0x0800d430        0x6 ./Core/Src/hmi.o
 *fill*         0x0800d436        0x2 
 .rodata.param_min
                0x0800d438        0x6 ./Core/Src/hmi.o
                0x0800d438                param_min
 *fill*         0x0800d43e        0x2 
 .rodata.param_max
                0x0800d440        0xc ./Core/Src/hmi.o
                0x0800d440                param_max
 .rodata.meas_min
                0x0800d44c        0x6 ./Core/Src/hmi.o
                0x0800d44c                meas_min
 *fill*         0x0800d452        0x2 
 .rodata.meas_max
                0x0800d454        0x6 ./Core/Src/hmi.o
                0x0800d454                meas_max
 *fill*         0x0800d45a        0x2 
 .rodata.pattern
                0x0800d45c        0xf ./Core/Src/hmi.o
                0x0800d45c                pattern
 *fill*         0x0800d46b        0x1 
 .rodata.bin_th.6
                0x0800d46c        0xe ./Core/Src/hmi.o
 *fill*         0x0800d47a        0x2 
 .rodata.CHANNEL_OFFSET_TAB
                0x0800d47c        0x6 ./Core/Src/main.o
 *fill*         0x0800d482        0x2 
 .rodata.AHBPrescTable
                0x0800d484       0x10 ./Core/Src/system_stm32g4xx.o
                0x0800d484                AHBPrescTable
 .rodata.APBPrescTable
                0x0800d494        0x8 ./Core/Src/system_stm32g4xx.o
                0x0800d494                APBPrescTable
 .rodata.USART_PRESCALER_TAB
                0x0800d49c       0x30 ./Drivers/STM32G4xx_HAL_Driver/Src/stm32g4xx_ll_usart.o
                0x0800d4cc                        . = ALIGN (0x4)

.ARM.extab      0x0800d4cc        0x0
                0x0800d4cc                        . = ALIGN (0x4)
 *(.ARM.extab* .gnu.linkonce.armextab.*)
                0x0800d4cc                        . = ALIGN (0x4)

.ARM            0x0800d4cc        0x0
                0x0800d4cc                        . = ALIGN (0x4)
                0x0800d4cc                        __exidx_start = .
 *(.ARM.exidx*)
                0x0800d4cc                        __exidx_end = .
                0x0800d4cc                        . = ALIGN (0x4)

.preinit_array  0x0800d4cc        0x0
                0x0800d4cc                        . = ALIGN (0x4)
                0x0800d4cc                        PROVIDE (__preinit_array_start = .)
 *(.preinit_array*)
                0x0800d4cc                        PROVIDE (__preinit_array_end = .)
                0x0800d4cc                        . = ALIGN (0x4)

.init_array     0x0800d4cc        0x4
                0x0800d4cc                        . = ALIGN (0x4)
                0x0800d4cc                        PROVIDE (__init_array_start = .)
 *(SORT_BY_NAME(.init_array.*))
 *(.init_array*)
 .init_array    0x0800d4cc        0x4 /opt/st/stm32cubeide_2.1.1/plugins/com.st.stm32cube.ide.mcu.externaltools.gnu-tools-for-stm32.14.3.rel1.linux64_1.0.100.202602081740/tools/bin/../lib/gcc/arm-none-eabi/14.3.1/thumb/v7e-m+fp/hard/crtbegin.o
                0x0800d4d0                        PROVIDE (__init_array_end = .)
                0x0800d4d0                        . = ALIGN (0x4)

.fini_array     0x0800d4d0        0x4
                0x0800d4d0                        . = ALIGN (0x4)
                [!provide]                        PROVIDE (__fini_array_start = .)
 *(SORT_BY_NAME(.fini_array.*))
 *(.fini_array*)
 .fini_array    0x0800d4d0        0x4 /opt/st/stm32cubeide_2.1.1/plugins/com.st.stm32cube.ide.mcu.externaltools.gnu-tools-for-stm32.14.3.rel1.linux64_1.0.100.202602081740/tools/bin/../lib/gcc/arm-none-eabi/14.3.1/thumb/v7e-m+fp/hard/crtbegin.o
                [!provide]                        PROVIDE (__fini_array_end = .)
                0x0800d4d4                        . = ALIGN (0x4)
                0x0800d4d4                        _sidata = LOADADDR (.data)

.rel.dyn        0x0800d4d4        0x0
 .rel.iplt      0x0800d4d4        0x0 /opt/st/stm32cubeide_2.1.1/plugins/com.st.stm32cube.ide.mcu.externaltools.gnu-tools-for-stm32.14.3.rel1.linux64_1.0.100.202602081740/tools/bin/../lib/gcc/arm-none-eabi/14.3.1/thumb/v7e-m+fp/hard/crtbegin.o

.data           0x20000000      0x1a8 load address 0x0800d4d4
                0x20000000                        . = ALIGN (0x4)
                0x20000000                        _sdata = .
 *(.data)
 *(.data*)
 .data.dotpos   0x20000000        0x3 ./Core/Src/hmi.o
                0x20000000                dotpos
 *fill*         0x20000003        0x1 
 .data.param_req
                0x20000004        0xc ./Core/Src/hmi.o
                0x20000004                param_req
 .data.maxpos_par
                0x20000010        0x3 ./Core/Src/hmi.o
                0x20000010                maxpos_par
 *fill*         0x20000013        0x1 
 .data.meas     0x20000014        0xc ./Core/Src/hmi.o
                0x20000014                meas
 .data.maxpos_meas
                0x20000020        0x3 ./Core/Src/hmi.o
                0x20000020                maxpos_meas
 *fill*         0x20000023        0x1 
 .data.SystemCoreClock
                0x20000024        0x4 ./Core/Src/system_stm32g4xx.o
                0x20000024                SystemCoreClock
 .data.uwTickPrio
                0x20000028        0x4 ./Drivers/STM32G4xx_HAL_Driver/Src/stm32g4xx_hal.o
                0x20000028                uwTickPrio
 .data.uwTickFreq
                0x2000002c        0x4 ./Drivers/STM32G4xx_HAL_Driver/Src/stm32g4xx_hal.o
                0x2000002c                uwTickFreq
 .data.USBD_CDC_DeviceQualifierDesc
                0x20000030        0xa ./Middlewares/ST/STM32_USB_Device_Library/Class/CDC/Src/usbd_cdc.o
 *fill*         0x2000003a        0x2 
 .data.USBD_CDC
                0x2000003c       0x38 ./Middlewares/ST/STM32_USB_Device_Library/Class/CDC/Src/usbd_cdc.o
                0x2000003c                USBD_CDC
 .data.USBD_CDC_CfgHSDesc
                0x20000074       0x43 ./Middlewares/ST/STM32_USB_Device_Library/Class/CDC/Src/usbd_cdc.o
 *fill*         0x200000b7        0x1 
 .data.USBD_CDC_CfgFSDesc
                0x200000b8       0x43 ./Middlewares/ST/STM32_USB_Device_Library/Class/CDC/Src/usbd_cdc.o
 *fill*         0x200000fb        0x1 
 .data.USBD_CDC_OtherSpeedCfgDesc
                0x200000fc       0x43 ./Middlewares/ST/STM32_USB_Device_Library/Class/CDC/Src/usbd_cdc.o
 *fill*         0x2000013f        0x1 
 .data.USBD_Interface_fops_FS
                0x20000140       0x14 ./USB_Device/App/usbd_cdc_if.o
                0x20000140                USBD_Interface_fops_FS
 .data.CDC_Desc
                0x20000154       0x20 ./USB_Device/App/usbd_desc.o
                0x20000154                CDC_Desc
 .data.USBD_CDC_DeviceDesc
                0x20000174       0x12 ./USB_Device/App/usbd_desc.o
                0x20000174                USBD_CDC_DeviceDesc
 *fill*         0x20000186        0x2 
 .data.USBD_LangIDDesc
                0x20000188        0x4 ./USB_Device/App/usbd_desc.o
                0x20000188                USBD_LangIDDesc
 .data.USBD_StringSerial
                0x2000018c       0x1a ./USB_Device/App/usbd_desc.o
                0x2000018c                USBD_StringSerial
 *(.RamFunc)
 *(.RamFunc*)
                0x200001a8                        . = ALIGN (0x4)
 *fill*         0x200001a6        0x2 
                0x200001a8                        _edata = .

.igot.plt       0x200001a8        0x0 load address 0x0800d67c
 .igot.plt      0x200001a8        0x0 /opt/st/stm32cubeide_2.1.1/plugins/com.st.stm32cube.ide.mcu.externaltools.gnu-tools-for-stm32.14.3.rel1.linux64_1.0.100.202602081740/tools/bin/../lib/gcc/arm-none-eabi/14.3.1/thumb/v7e-m+fp/hard/crtbegin.o
                0x200001a8                        . = ALIGN (0x4)

.bss            0x200001a8     0x3da8 load address 0x0800d67c
                0x200001a8                        _sbss = .
                0x200001a8                        __bss_start__ = _sbss
 *(.bss)
 .bss           0x200001a8       0x1c /opt/st/stm32cubeide_2.1.1/plugins/com.st.stm32cube.ide.mcu.externaltools.gnu-tools-for-stm32.14.3.rel1.linux64_1.0.100.202602081740/tools/bin/../lib/gcc/arm-none-eabi/14.3.1/thumb/v7e-m+fp/hard/crtbegin.o
 *(.bss*)
 .bss.areabuff  0x200001c4     0x2b20 ./Core/Src/ILI9341_driver.o
                0x200001c4                areabuff
 .bss.loopcnt   0x20002ce4        0x1 ./Core/Src/hmi.o
                0x20002ce4                loopcnt
 *fill*         0x20002ce5        0x3 
 .bss.miliseconds
                0x20002ce8        0x4 ./Core/Src/hmi.o
                0x20002ce8                miliseconds
 .bss.highlight_expiry
                0x20002cec        0xc ./Core/Src/hmi.o
                0x20002cec                highlight_expiry
 .bss.bin_hist  0x20002cf8       0x3c ./Core/Src/hmi.o
                0x20002cf8                bin_hist
 .bss.adc_bkp   0x20002d34        0x6 ./Core/Src/hmi.o
                0x20002d34                adc_bkp
 *fill*         0x20002d3a        0x2 
 .bss.changepos
                0x20002d3c        0x3 ./Core/Src/hmi.o
                0x20002d3c                changepos
 .bss.new_rx    0x20002d3f        0x1 ./Core/Src/hmi.o
                0x20002d3f                new_rx
 .bss.adc_out   0x20002d40        0x6 ./Core/Src/hmi.o
                0x20002d40                adc_out
 *fill*         0x20002d46        0x2 
 .bss.uart_rx_buf
                0x20002d48        0xa ./Core/Src/hmi.o
                0x20002d48                uart_rx_buf
 .bss.param_update
                0x20002d52        0x1 ./Core/Src/hmi.o
                0x20002d52                param_update
 .bss.param_disp
                0x20002d53        0x1 ./Core/Src/hmi.o
                0x20002d53                param_disp
 .bss.msec_cnt.8
                0x20002d54        0x1 ./Core/Src/hmi.o
 *fill*         0x20002d55        0x1 
 .bss.irq_cnt.7
                0x20002d56        0x2 ./Core/Src/hmi.o
 .bss.bin.5     0x20002d58        0x3 ./Core/Src/hmi.o
 *fill*         0x20002d5b        0x1 
 .bss.prev_bin.4
                0x20002d5c        0x3 ./Core/Src/hmi.o
 *fill*         0x20002d5f        0x1 
 .bss.bin_cnt.3
                0x20002d60        0x3 ./Core/Src/hmi.o
 *fill*         0x20002d63        0x1 
 .bss.action.2  0x20002d64        0x9 ./Core/Src/hmi.o
 .bss.sync_del.1
                0x20002d6d        0x1 ./Core/Src/hmi.o
 *fill*         0x20002d6e        0x2 
 .bss.uart_tx_buf.0
                0x20002d70        0xa ./Core/Src/hmi.o
 *fill*         0x20002d7a        0x2 
 .bss.uwTick    0x20002d7c        0x4 ./Drivers/STM32G4xx_HAL_Driver/Src/stm32g4xx_hal.o
                0x20002d7c                uwTick
 .bss.cfgidx.0  0x20002d80        0x1 ./Middlewares/ST/STM32_USB_Device_Library/Core/Src/usbd_ctlreq.o
 *fill*         0x20002d81        0x3 
 .bss.hUsbDeviceFS
                0x20002d84      0x2d0 ./USB_Device/App/usb_device.o
                0x20002d84                hUsbDeviceFS
 .bss.UserRxBufferFS
                0x20003054      0x400 ./USB_Device/App/usbd_cdc_if.o
                0x20003054                UserRxBufferFS
 .bss.UserTxBufferFS
                0x20003454      0x400 ./USB_Device/App/usbd_cdc_if.o
                0x20003454                UserTxBufferFS
 .bss.USBD_StrDesc
                0x20003854      0x200 ./USB_Device/App/usbd_desc.o
                0x20003854                USBD_StrDesc
 .bss.hpcd_USB_FS
                0x20003a54      0x2dc ./USB_Device/Target/usbd_conf.o
                0x20003a54                hpcd_USB_FS
 .bss.mem.0     0x20003d30      0x220 ./USB_Device/Target/usbd_conf.o
 *(COMMON)
                0x20003f50                        . = ALIGN (0x4)
                0x20003f50                        _ebss = .
                0x20003f50                        __bss_end__ = _ebss

._user_heap_stack
                0x20003f50      0x600 load address 0x0800d67c
                0x20003f50                        . = ALIGN (0x8)
                [!provide]                        PROVIDE (end = .)
                0x20003f50                        PROVIDE (_end = .)
                0x20004150                        . = (. + _Min_Heap_Size)
 *fill*         0x20003f50      0x200 
                0x20004550                        . = (. + _Min_Stack_Size)
 *fill*         0x20004150      0x400 
                0x20004550                        . = ALIGN (0x8)

/DISCARD/
 libc.a(*)
 libm.a(*)
 libgcc.a(*)

.ARM.attributes
                0x00000000       0x30
 *(.ARM.attributes)
 .ARM.attributes
                0x00000000       0x22 /opt/st/stm32cubeide_2.1.1/plugins/com.st.stm32cube.ide.mcu.externaltools.gnu-tools-for-stm32.14.3.rel1.linux64_1.0.100.202602081740/tools/bin/../lib/gcc/arm-none-eabi/14.3.1/thumb/v7e-m+fp/hard/crti.o
 .ARM.attributes
                0x00000022       0x34 /opt/st/stm32cubeide_2.1.1/plugins/com.st.stm32cube.ide.mcu.externaltools.gnu-tools-for-stm32.14.3.rel1.linux64_1.0.100.202602081740/tools/bin/../lib/gcc/arm-none-eabi/14.3.1/thumb/v7e-m+fp/hard/crtbegin.o
 .ARM.attributes
                0x00000056       0x34 ./Core/Src/ILI9341_driver.o
 .ARM.attributes
                0x0000008a       0x34 ./Core/Src/fonts.o
 .ARM.attributes
                0x000000be       0x34 ./Core/Src/hmi.o
 .ARM.attributes
                0x000000f2       0x34 ./Core/Src/main.o
 .ARM.attributes
                0x00000126       0x34 ./Core/Src/stm32g4xx_hal_msp.o
 .ARM.attributes
                0x0000015a       0x34 ./Core/Src/stm32g4xx_it.o
 .ARM.attributes
                0x0000018e       0x34 ./Core/Src/system_stm32g4xx.o
 .ARM.attributes
                0x000001c2       0x21 ./Core/Startup/startup_stm32g431k8tx.o
 .ARM.attributes
                0x000001e3       0x34 ./Drivers/STM32G4xx_HAL_Driver/Src/stm32g4xx_hal.o
 .ARM.attributes
                0x00000217       0x34 ./Drivers/STM32G4xx_HAL_Driver/Src/stm32g4xx_hal_cortex.o
 .ARM.attributes
                0x0000024b       0x34 ./Drivers/STM32G4xx_HAL_Driver/Src/stm32g4xx_hal_pcd.o
 .ARM.attributes
                0x0000027f       0x34 ./Drivers/STM32G4xx_HAL_Driver/Src/stm32g4xx_hal_pcd_ex.o
 .ARM.attributes
                0x000002b3       0x34 ./Drivers/STM32G4xx_HAL_Driver/Src/stm32g4xx_hal_pwr_ex.o
 .ARM.attributes
                0x000002e7       0x34 ./Drivers/STM32G4xx_HAL_Driver/Src/stm32g4xx_ll_adc.o
 .ARM.attributes
                0x0000031b       0x34 ./Drivers/STM32G4xx_HAL_Driver/Src/stm32g4xx_ll_gpio.o
 .ARM.attributes
                0x0000034f       0x34 ./Drivers/STM32G4xx_HAL_Driver/Src/stm32g4xx_ll_rcc.o
 .ARM.attributes
                0x00000383       0x34 ./Drivers/STM32G4xx_HAL_Driver/Src/stm32g4xx_ll_spi.o
 .ARM.attributes
                0x000003b7       0x34 ./Drivers/STM32G4xx_HAL_Driver/Src/stm32g4xx_ll_tim.o
 .ARM.attributes
                0x000003eb       0x34 ./Drivers/STM32G4xx_HAL_Driver/Src/stm32g4xx_ll_usart.o
 .ARM.attributes
                0x0000041f       0x34 ./Drivers/STM32G4xx_HAL_Driver/Src/stm32g4xx_ll_usb.o
 .ARM.attributes
                0x00000453       0x34 ./Drivers/STM32G4xx_HAL_Driver/Src/stm32g4xx_ll_utils.o
 .ARM.attributes
                0x00000487       0x34 ./Middlewares/ST/STM32_USB_Device_Library/Class/CDC/Src/usbd_cdc.o
 .ARM.attributes
                0x000004bb       0x34 ./Middlewares/ST/STM32_USB_Device_Library/Core/Src/usbd_core.o
 .ARM.attributes
                0x000004ef       0x34 ./Middlewares/ST/STM32_USB_Device_Library/Core/Src/usbd_ctlreq.o
 .ARM.attributes
                0x00000523       0x34 ./Middlewares/ST/STM32_USB_Device_Library/Core/Src/usbd_ioreq.o
 .ARM.attributes
                0x00000557       0x34 ./USB_Device/App/usb_device.o
 .ARM.attributes
                0x0000058b       0x34 ./USB_Device/App/usbd_cdc_if.o
 .ARM.attributes
                0x000005bf       0x34 ./USB_Device/App/usbd_desc.o
 .ARM.attributes
                0x000005f3       0x34 ./USB_Device/Target/usbd_conf.o
 .ARM.attributes
                0x00000627       0x34 /opt/st/stm32cubeide_2.1.1/plugins/com.st.stm32cube.ide.mcu.externaltools.gnu-tools-for-stm32.14.3.rel1.linux64_1.0.100.202602081740/tools/bin/../lib/gcc/arm-none-eabi/14.3.1/../../../../arm-none-eabi/lib/thumb/v7e-m+fp/hard/libc_nano.a(libc_a-memset.o)
 .ARM.attributes
                0x0000065b       0x34 /opt/st/stm32cubeide_2.1.1/plugins/com.st.stm32cube.ide.mcu.externaltools.gnu-tools-for-stm32.14.3.rel1.linux64_1.0.100.202602081740/tools/bin/../lib/gcc/arm-none-eabi/14.3.1/../../../../arm-none-eabi/lib/thumb/v7e-m+fp/hard/libc_nano.a(libc_a-init.o)
 .ARM.attributes
                0x0000068f       0x22 /opt/st/stm32cubeide_2.1.1/plugins/com.st.stm32cube.ide.mcu.externaltools.gnu-tools-for-stm32.14.3.rel1.linux64_1.0.100.202602081740/tools/bin/../lib/gcc/arm-none-eabi/14.3.1/thumb/v7e-m+fp/hard/crtn.o
OUTPUT(StrobeHMI.elf elf32-littlearm)
LOAD linker stubs
LOAD /opt/st/stm32cubeide_2.1.1/plugins/com.st.stm32cube.ide.mcu.externaltools.gnu-tools-for-stm32.14.3.rel1.linux64_1.0.100.202602081740/tools/bin/../lib/gcc/arm-none-eabi/14.3.1/../../../../arm-none-eabi/lib/thumb/v7e-m+fp/hard/libc.a
LOAD /opt/st/stm32cubeide_2.1.1/plugins/com.st.stm32cube.ide.mcu.externaltools.gnu-tools-for-stm32.14.3.rel1.linux64_1.0.100.202602081740/tools/bin/../lib/gcc/arm-none-eabi/14.3.1/../../../../arm-none-eabi/lib/thumb/v7e-m+fp/hard/libm.a
LOAD /opt/st/stm32cubeide_2.1.1/plugins/com.st.stm32cube.ide.mcu.externaltools.gnu-tools-for-stm32.14.3.rel1.linux64_1.0.100.202602081740/tools/bin/../lib/gcc/arm-none-eabi/14.3.1/thumb/v7e-m+fp/hard/libgcc.a

.debug_info     0x00000000    0x15ddc
 .debug_info    0x00000000      0xb30 ./Core/Src/ILI9341_driver.o
 .debug_info    0x00000b30       0xd5 ./Core/Src/fonts.o
 .debug_info    0x00000c05     0x1ccb ./Core/Src/hmi.o
 .debug_info    0x000028d0     0x2501 ./Core/Src/main.o
 .debug_info    0x00004dd1      0x3bd ./Core/Src/stm32g4xx_hal_msp.o
 .debug_info    0x0000518e      0x767 ./Core/Src/stm32g4xx_it.o
 .debug_info    0x000058f5      0x58e ./Core/Src/system_stm32g4xx.o
 .debug_info    0x00005e83       0x30 ./Core/Startup/startup_stm32g431k8tx.o
 .debug_info    0x00005eb3      0xadb ./Drivers/STM32G4xx_HAL_Driver/Src/stm32g4xx_hal.o
 .debug_info    0x0000698e      0xd3f ./Drivers/STM32G4xx_HAL_Driver/Src/stm32g4xx_hal_cortex.o
 .debug_info    0x000076cd     0x1610 ./Drivers/STM32G4xx_HAL_Driver/Src/stm32g4xx_hal_pcd.o
 .debug_info    0x00008cdd      0x80a ./Drivers/STM32G4xx_HAL_Driver/Src/stm32g4xx_hal_pcd_ex.o
 .debug_info    0x000094e7      0x93f ./Drivers/STM32G4xx_HAL_Driver/Src/stm32g4xx_hal_pwr_ex.o
 .debug_info    0x00009e26      0xb14 ./Drivers/STM32G4xx_HAL_Driver/Src/stm32g4xx_ll_adc.o
 .debug_info    0x0000a93a      0x95b ./Drivers/STM32G4xx_HAL_Driver/Src/stm32g4xx_ll_gpio.o
 .debug_info    0x0000b295      0xb0b ./Drivers/STM32G4xx_HAL_Driver/Src/stm32g4xx_ll_rcc.o
 .debug_info    0x0000bda0      0x7e4 ./Drivers/STM32G4xx_HAL_Driver/Src/stm32g4xx_ll_spi.o
 .debug_info    0x0000c584     0x11d8 ./Drivers/STM32G4xx_HAL_Driver/Src/stm32g4xx_ll_tim.o
 .debug_info    0x0000d75c      0x7c3 ./Drivers/STM32G4xx_HAL_Driver/Src/stm32g4xx_ll_usart.o
 .debug_info    0x0000df1f     0x1577 ./Drivers/STM32G4xx_HAL_Driver/Src/stm32g4xx_ll_usb.o
 .debug_info    0x0000f496      0xbbc ./Drivers/STM32G4xx_HAL_Driver/Src/stm32g4xx_ll_utils.o
 .debug_info    0x00010052     0x1124 ./Middlewares/ST/STM32_USB_Device_Library/Class/CDC/Src/usbd_cdc.o
 .debug_info    0x00011176      0xb1b ./Middlewares/ST/STM32_USB_Device_Library/Core/Src/usbd_core.o
 .debug_info    0x00011c91      0xa57 ./Middlewares/ST/STM32_USB_Device_Library/Core/Src/usbd_ctlreq.o
 .debug_info    0x000126e8      0x720 ./Middlewares/ST/STM32_USB_Device_Library/Core/Src/usbd_ioreq.o
 .debug_info    0x00012e08      0x6d7 ./USB_Device/App/usb_device.o
 .debug_info    0x000134df      0x8be ./USB_Device/App/usbd_cdc_if.o
 .debug_info    0x00013d9d      0x45f ./USB_Device/App/usbd_desc.o
 .debug_info    0x000141fc     0x1be0 ./USB_Device/Target/usbd_conf.o

.debug_abbrev   0x00000000     0x3e77
 .debug_abbrev  0x00000000      0x209 ./Core/Src/ILI9341_driver.o
 .debug_abbrev  0x00000209       0x79 ./Core/Src/fonts.o
 .debug_abbrev  0x00000282      0x3f3 ./Core/Src/hmi.o
 .debug_abbrev  0x00000675      0x3cc ./Core/Src/main.o
 .debug_abbrev  0x00000a41       0xf0 ./Core/Src/stm32g4xx_hal_msp.o
 .debug_abbrev  0x00000b31      0x1d9 ./Core/Src/stm32g4xx_it.o
 .debug_abbrev  0x00000d0a      0x11a ./Core/Src/system_stm32g4xx.o
 .debug_abbrev  0x00000e24       0x24 ./Core/Startup/startup_stm32g431k8tx.o
 .debug_abbrev  0x00000e48      0x271 ./Drivers/STM32G4xx_HAL_Driver/Src/stm32g4xx_hal.o
 .debug_abbrev  0x000010b9      0x31c ./Drivers/STM32G4xx_HAL_Driver/Src/stm32g4xx_hal_cortex.o
 .debug_abbrev  0x000013d5      0x2b9 ./Drivers/STM32G4xx_HAL_Driver/Src/stm32g4xx_hal_pcd.o
 .debug_abbrev  0x0000168e      0x228 ./Drivers/STM32G4xx_HAL_Driver/Src/stm32g4xx_hal_pcd_ex.o
 .debug_abbrev  0x000018b6      0x22c ./Drivers/STM32G4xx_HAL_Driver/Src/stm32g4xx_hal_pwr_ex.o
 .debug_abbrev  0x00001ae2      0x1a9 ./Drivers/STM32G4xx_HAL_Driver/Src/stm32g4xx_ll_adc.o
 .debug_abbrev  0x00001c8b      0x235 ./Drivers/STM32G4xx_HAL_Driver/Src/stm32g4xx_ll_gpio.o
 .debug_abbrev  0x00001ec0      0x234 ./Drivers/STM32G4xx_HAL_Driver/Src/stm32g4xx_ll_rcc.o
 .debug_abbrev  0x000020f4      0x206 ./Drivers/STM32G4xx_HAL_Driver/Src/stm32g4xx_ll_spi.o
 .debug_abbrev  0x000022fa      0x23e ./Drivers/STM32G4xx_HAL_Driver/Src/stm32g4xx_ll_tim.o
 .debug_abbrev  0x00002538      0x1de ./Drivers/STM32G4xx_HAL_Driver/Src/stm32g4xx_ll_usart.o
 .debug_abbrev  0x00002716      0x247 ./Drivers/STM32G4xx_HAL_Driver/Src/stm32g4xx_ll_usb.o
 .debug_abbrev  0x0000295d      0x25e ./Drivers/STM32G4xx_HAL_Driver/Src/stm32g4xx_ll_utils.o
 .debug_abbrev  0x00002bbb      0x2bc ./Middlewares/ST/STM32_USB_Device_Library/Class/CDC/Src/usbd_cdc.o
 .debug_abbrev  0x00002e77      0x24f ./Middlewares/ST/STM32_USB_Device_Library/Core/Src/usbd_core.o
 .debug_abbrev  0x000030c6      0x27e ./Middlewares/ST/STM32_USB_Device_Library/Core/Src/usbd_ctlreq.o
 .debug_abbrev  0x00003344      0x1a9 ./Middlewares/ST/STM32_USB_Device_Library/Core/Src/usbd_ioreq.o
 .debug_abbrev  0x000034ed      0x1a4 ./USB_Device/App/usb_device.o
 .debug_abbrev  0x00003691      0x2ad ./USB_Device/App/usbd_cdc_if.o
 .debug_abbrev  0x0000393e      0x20e ./USB_Device/App/usbd_desc.o
 .debug_abbrev  0x00003b4c      0x32b ./USB_Device/Target/usbd_conf.o

.debug_aranges  0x00000000     0x16c0
 .debug_aranges
                0x00000000       0xf0 ./Core/Src/ILI9341_driver.o
 .debug_aranges
                0x000000f0       0x18 ./Core/Src/fonts.o
 .debug_aranges
                0x00000108      0x218 ./Core/Src/hmi.o
 .debug_aranges
                0x00000320      0x228 ./Core/Src/main.o
 .debug_aranges
                0x00000548       0x20 ./Core/Src/stm32g4xx_hal_msp.o
 .debug_aranges
                0x00000568       0x90 ./Core/Src/stm32g4xx_it.o
 .debug_aranges
                0x000005f8       0x28 ./Core/Src/system_stm32g4xx.o
 .debug_aranges
                0x00000620       0x28 ./Core/Startup/startup_stm32g431k8tx.o
 .debug_aranges
                0x00000648      0x148 ./Drivers/STM32G4xx_HAL_Driver/Src/stm32g4xx_hal.o
 .debug_aranges
                0x00000790      0x128 ./Drivers/STM32G4xx_HAL_Driver/Src/stm32g4xx_hal_cortex.o
 .debug_aranges
                0x000008b8      0x138 ./Drivers/STM32G4xx_HAL_Driver/Src/stm32g4xx_hal_pcd.o
 .debug_aranges
                0x000009f0       0x58 ./Drivers/STM32G4xx_HAL_Driver/Src/stm32g4xx_hal_pcd_ex.o
 .debug_aranges
                0x00000a48      0x140 ./Drivers/STM32G4xx_HAL_Driver/Src/stm32g4xx_hal_pwr_ex.o
 .debug_aranges
                0x00000b88       0xd0 ./Drivers/STM32G4xx_HAL_Driver/Src/stm32g4xx_ll_adc.o
 .debug_aranges
                0x00000c58       0x70 ./Drivers/STM32G4xx_HAL_Driver/Src/stm32g4xx_ll_gpio.o
 .debug_aranges
                0x00000cc8      0x1b8 ./Drivers/STM32G4xx_HAL_Driver/Src/stm32g4xx_ll_rcc.o
 .debug_aranges
                0x00000e80       0x90 ./Drivers/STM32G4xx_HAL_Driver/Src/stm32g4xx_ll_spi.o
 .debug_aranges
                0x00000f10      0x148 ./Drivers/STM32G4xx_HAL_Driver/Src/stm32g4xx_ll_tim.o
 .debug_aranges
                0x00001058       0x88 ./Drivers/STM32G4xx_HAL_Driver/Src/stm32g4xx_ll_usart.o
 .debug_aranges
                0x000010e0       0xc8 ./Drivers/STM32G4xx_HAL_Driver/Src/stm32g4xx_ll_usb.o
 .debug_aranges
                0x000011a8      0x100 ./Drivers/STM32G4xx_HAL_Driver/Src/stm32g4xx_ll_utils.o
 .debug_aranges
                0x000012a8       0x90 ./Middlewares/ST/STM32_USB_Device_Library/Class/CDC/Src/usbd_cdc.o
 .debug_aranges
                0x00001338       0xb8 ./Middlewares/ST/STM32_USB_Device_Library/Core/Src/usbd_core.o
 .debug_aranges
                0x000013f0       0x90 ./Middlewares/ST/STM32_USB_Device_Library/Core/Src/usbd_ctlreq.o
 .debug_aranges
                0x00001480       0x50 ./Middlewares/ST/STM32_USB_Device_Library/Core/Src/usbd_ioreq.o
 .debug_aranges
                0x000014d0       0x20 ./USB_Device/App/usb_device.o
 .debug_aranges
                0x000014f0       0x48 ./USB_Device/App/usbd_cdc_if.o
 .debug_aranges
                0x00001538       0x60 ./USB_Device/App/usbd_desc.o
 .debug_aranges
                0x00001598      0x128 ./USB_Device/Target/usbd_conf.o

.debug_rnglists
                0x00000000     0x10db
 .debug_rnglists
                0x00000000       0xb6 ./Core/Src/ILI9341_driver.o
 .debug_rnglists
                0x000000b6      0x19a ./Core/Src/hmi.o
 .debug_rnglists
                0x00000250      0x1a0 ./Core/Src/main.o
 .debug_rnglists
                0x000003f0       0x13 ./Core/Src/stm32g4xx_hal_msp.o
 .debug_rnglists
                0x00000403       0x67 ./Core/Src/stm32g4xx_it.o
 .debug_rnglists
                0x0000046a       0x1a ./Core/Src/system_stm32g4xx.o
 .debug_rnglists
                0x00000484       0x19 ./Core/Startup/startup_stm32g431k8tx.o
 .debug_rnglists
                0x0000049d       0xf1 ./Drivers/STM32G4xx_HAL_Driver/Src/stm32g4xx_hal.o
 .debug_rnglists
                0x0000058e       0xda ./Drivers/STM32G4xx_HAL_Driver/Src/stm32g4xx_hal_cortex.o
 .debug_rnglists
                0x00000668       0xee ./Drivers/STM32G4xx_HAL_Driver/Src/stm32g4xx_hal_pcd.o
 .debug_rnglists
                0x00000756       0x3f ./Drivers/STM32G4xx_HAL_Driver/Src/stm32g4xx_hal_pcd_ex.o
 .debug_rnglists
                0x00000795       0xf1 ./Drivers/STM32G4xx_HAL_Driver/Src/stm32g4xx_hal_pwr_ex.o
 .debug_rnglists
                0x00000886       0x9a ./Drivers/STM32G4xx_HAL_Driver/Src/stm32g4xx_ll_adc.o
 .debug_rnglists
                0x00000920       0x51 ./Drivers/STM32G4xx_HAL_Driver/Src/stm32g4xx_ll_gpio.o
 .debug_rnglists
                0x00000971      0x14d ./Drivers/STM32G4xx_HAL_Driver/Src/stm32g4xx_ll_rcc.o
 .debug_rnglists
                0x00000abe       0x69 ./Drivers/STM32G4xx_HAL_Driver/Src/stm32g4xx_ll_spi.o
 .debug_rnglists
                0x00000b27       0xfe ./Drivers/STM32G4xx_HAL_Driver/Src/stm32g4xx_ll_tim.o
 .debug_rnglists
                0x00000c25       0x64 ./Drivers/STM32G4xx_HAL_Driver/Src/stm32g4xx_ll_usart.o
 .debug_rnglists
                0x00000c89       0x99 ./Drivers/STM32G4xx_HAL_Driver/Src/stm32g4xx_ll_usb.o
 .debug_rnglists
                0x00000d22       0xbf ./Drivers/STM32G4xx_HAL_Driver/Src/stm32g4xx_ll_utils.o
 .debug_rnglists
                0x00000de1       0x6a ./Middlewares/ST/STM32_USB_Device_Library/Class/CDC/Src/usbd_cdc.o
 .debug_rnglists
                0x00000e4b       0x89 ./Middlewares/ST/STM32_USB_Device_Library/Core/Src/usbd_core.o
 .debug_rnglists
                0x00000ed4       0x6e ./Middlewares/ST/STM32_USB_Device_Library/Core/Src/usbd_ctlreq.o
 .debug_rnglists
                0x00000f42       0x37 ./Middlewares/ST/STM32_USB_Device_Library/Core/Src/usbd_ioreq.o
 .debug_rnglists
                0x00000f79       0x13 ./USB_Device/App/usb_device.o
 .debug_rnglists
                0x00000f8c       0x32 ./USB_Device/App/usbd_cdc_if.o
 .debug_rnglists
                0x00000fbe       0x43 ./USB_Device/App/usbd_desc.o
 .debug_rnglists
                0x00001001       0xda ./USB_Device/Target/usbd_conf.o

.debug_macro    0x00000000    0x26d89
 .debug_macro   0x00000000      0x255 ./Core/Src/ILI9341_driver.o
 .debug_macro   0x00000255      0xade ./Core/Src/ILI9341_driver.o
 .debug_macro   0x00000d33       0x22 ./Core/Src/ILI9341_driver.o
 .debug_macro   0x00000d55       0x8e ./Core/Src/ILI9341_driver.o
 .debug_macro   0x00000de3       0x51 ./Core/Src/ILI9341_driver.o
 .debug_macro   0x00000e34      0x103 ./Core/Src/ILI9341_driver.o
 .debug_macro   0x00000f37       0x6a ./Core/Src/ILI9341_driver.o
 .debug_macro   0x00000fa1      0x1df ./Core/Src/ILI9341_driver.o
 .debug_macro   0x00001180       0x9a ./Core/Src/ILI9341_driver.o
 .debug_macro   0x0000121a       0x16 ./Core/Src/ILI9341_driver.o
 .debug_macro   0x00001230       0x2e ./Core/Src/ILI9341_driver.o
 .debug_macro   0x0000125e       0x28 ./Core/Src/ILI9341_driver.o
 .debug_macro   0x00001286       0x1c ./Core/Src/ILI9341_driver.o
 .debug_macro   0x000012a2       0x22 ./Core/Src/ILI9341_driver.o
 .debug_macro   0x000012c4       0xfb ./Core/Src/ILI9341_driver.o
 .debug_macro   0x000013bf     0x1011 ./Core/Src/ILI9341_driver.o
 .debug_macro   0x000023d0      0x11f ./Core/Src/ILI9341_driver.o
 .debug_macro   0x000024ef    0x1138f ./Core/Src/ILI9341_driver.o
 .debug_macro   0x0001387e       0x6d ./Core/Src/ILI9341_driver.o
 .debug_macro   0x000138eb      0x155 ./Core/Src/ILI9341_driver.o
 .debug_macro   0x00013a40     0x3558 ./Core/Src/ILI9341_driver.o
 .debug_macro   0x00016f98      0x190 ./Core/Src/ILI9341_driver.o
 .debug_macro   0x00017128       0x5c ./Core/Src/ILI9341_driver.o
 .debug_macro   0x00017184     0x141d ./Core/Src/ILI9341_driver.o
 .debug_macro   0x000185a1      0x535 ./Core/Src/ILI9341_driver.o
 .debug_macro   0x00018ad6      0x1b6 ./Core/Src/ILI9341_driver.o
 .debug_macro   0x00018c8c      0x288 ./Core/Src/ILI9341_driver.o
 .debug_macro   0x00018f14      0x41d ./Core/Src/ILI9341_driver.o
 .debug_macro   0x00019331      0x18b ./Core/Src/ILI9341_driver.o
 .debug_macro   0x000194bc       0x43 ./Core/Src/ILI9341_driver.o
 .debug_macro   0x000194ff      0x23d ./Core/Src/ILI9341_driver.o
 .debug_macro   0x0001973c      0x211 ./Core/Src/ILI9341_driver.o
 .debug_macro   0x0001994d      0x401 ./Core/Src/ILI9341_driver.o
 .debug_macro   0x00019d4e      0x107 ./Core/Src/ILI9341_driver.o
 .debug_macro   0x00019e55       0x73 ./Core/Src/ILI9341_driver.o
 .debug_macro   0x00019ec8      0x22d ./Core/Src/ILI9341_driver.o
 .debug_macro   0x0001a0f5      0x122 ./Core/Src/ILI9341_driver.o
 .debug_macro   0x0001a217      0x3d1 ./Core/Src/ILI9341_driver.o
 .debug_macro   0x0001a5e8      0x306 ./Core/Src/ILI9341_driver.o
 .debug_macro   0x0001a8ee      0x163 ./Core/Src/ILI9341_driver.o
 .debug_macro   0x0001aa51      0x2f0 ./Core/Src/ILI9341_driver.o
 .debug_macro   0x0001ad41       0xa0 ./Core/Src/ILI9341_driver.o
 .debug_macro   0x0001ade1      0x63e ./Core/Src/ILI9341_driver.o
 .debug_macro   0x0001b41f      0x24e ./Core/Src/ILI9341_driver.o
 .debug_macro   0x0001b66d       0x72 ./Core/Src/fonts.o
 .debug_macro   0x0001b6df       0x10 ./Core/Src/fonts.o
 .debug_macro   0x0001b6ef      0x34b ./Core/Src/hmi.o
 .debug_macro   0x0001ba3a       0x22 ./Core/Src/hmi.o
 .debug_macro   0x0001ba5c     0x1112 ./Core/Src/hmi.o
 .debug_macro   0x0001cb6e      0xd14 ./Core/Src/hmi.o
 .debug_macro   0x0001d882       0xa0 ./Core/Src/hmi.o
 .debug_macro   0x0001d922      0x40f ./Core/Src/hmi.o
 .debug_macro   0x0001dd31      0x3d4 ./Core/Src/main.o
 .debug_macro   0x0001e105      0x5f7 ./Core/Src/main.o
 .debug_macro   0x0001e6fc      0x188 ./Core/Src/main.o
 .debug_macro   0x0001e884       0xd0 ./Core/Src/main.o
 .debug_macro   0x0001e954      0x28c ./Core/Src/main.o
 .debug_macro   0x0001ebe0      0x155 ./Core/Src/main.o
 .debug_macro   0x0001ed35      0x1a6 ./Core/Src/main.o
 .debug_macro   0x0001eedb      0x231 ./Core/Src/main.o
 .debug_macro   0x0001f10c      0x169 ./Core/Src/main.o
 .debug_macro   0x0001f275       0xb8 ./Core/Src/main.o
 .debug_macro   0x0001f32d       0x61 ./Core/Src/main.o
 .debug_macro   0x0001f38e       0x2a ./Core/Src/main.o
 .debug_macro   0x0001f3b8       0x43 ./Core/Src/main.o
 .debug_macro   0x0001f3fb       0x34 ./Core/Src/main.o
 .debug_macro   0x0001f42f       0x16 ./Core/Src/main.o
 .debug_macro   0x0001f445       0x3c ./Core/Src/main.o
 .debug_macro   0x0001f481      0x364 ./Core/Src/main.o
 .debug_macro   0x0001f7e5       0x10 ./Core/Src/main.o
 .debug_macro   0x0001f7f5       0x16 ./Core/Src/main.o
 .debug_macro   0x0001f80b       0x4a ./Core/Src/main.o
 .debug_macro   0x0001f855       0x34 ./Core/Src/main.o
 .debug_macro   0x0001f889       0x10 ./Core/Src/main.o
 .debug_macro   0x0001f899       0x58 ./Core/Src/main.o
 .debug_macro   0x0001f8f1       0x8e ./Core/Src/main.o
 .debug_macro   0x0001f97f       0x1c ./Core/Src/main.o
 .debug_macro   0x0001f99b      0x17e ./Core/Src/main.o
 .debug_macro   0x0001fb19       0x16 ./Core/Src/main.o
 .debug_macro   0x0001fb2f       0x16 ./Core/Src/main.o
 .debug_macro   0x0001fb45      0x146 ./Core/Src/main.o
 .debug_macro   0x0001fc8b       0x16 ./Core/Src/main.o
 .debug_macro   0x0001fca1       0x16 ./Core/Src/main.o
 .debug_macro   0x0001fcb7       0x29 ./Core/Src/main.o
 .debug_macro   0x0001fce0       0x16 ./Core/Src/main.o
 .debug_macro   0x0001fcf6       0x20 ./Core/Src/main.o
 .debug_macro   0x0001fd16       0x5f ./Core/Src/main.o
 .debug_macro   0x0001fd75      0x1ef ./Core/Src/main.o
 .debug_macro   0x0001ff64      0x266 ./Core/Src/stm32g4xx_hal_msp.o
 .debug_macro   0x000201ca      0x28d ./Core/Src/stm32g4xx_it.o
 .debug_macro   0x00020457      0x1ca ./Core/Src/system_stm32g4xx.o
 .debug_macro   0x00020621      0x218 ./Drivers/STM32G4xx_HAL_Driver/Src/stm32g4xx_hal.o
 .debug_macro   0x00020839      0x1ca ./Drivers/STM32G4xx_HAL_Driver/Src/stm32g4xx_hal_cortex.o
 .debug_macro   0x00020a03      0x1d6 ./Drivers/STM32G4xx_HAL_Driver/Src/stm32g4xx_hal_pcd.o
 .debug_macro   0x00020bd9      0x1ca ./Drivers/STM32G4xx_HAL_Driver/Src/stm32g4xx_hal_pcd_ex.o
 .debug_macro   0x00020da3      0x1f4 ./Drivers/STM32G4xx_HAL_Driver/Src/stm32g4xx_hal_pwr_ex.o
 .debug_macro   0x00020f97      0x27b ./Drivers/STM32G4xx_HAL_Driver/Src/stm32g4xx_ll_adc.o