Archive member included to satisfy reference by file (symbol)

/opt/st/stm32cubeide_2.2.0/plugins/com.st.stm32cube.ide.mcu.externaltools.gnu-tools-for-stm32.14.3.rel1.linux64_1.0.100.202602081740/tools/bin/../lib/gcc/arm-none-eabi/14.3.1/../../../../arm-none-eabi/lib/thumb/v7e-m+fp/hard/libc_nano.a(libc_a-exit.o)
                              /opt/st/stm32cubeide_2.2.0/plugins/com.st.stm32cube.ide.mcu.externaltools.gnu-tools-for-stm32.14.3.rel1.linux64_1.0.100.202602081740/tools/bin/../lib/gcc/arm-none-eabi/14.3.1/../../../../arm-none-eabi/lib/thumb/v7e-m+fp/hard/crt0.o (exit)
/opt/st/stm32cubeide_2.2.0/plugins/com.st.stm32cube.ide.mcu.externaltools.gnu-tools-for-stm32.14.3.rel1.linux64_1.0.100.202602081740/tools/bin/../lib/gcc/arm-none-eabi/14.3.1/../../../../arm-none-eabi/lib/thumb/v7e-m+fp/hard/libc_nano.a(libc_a-findfp.o)
                              /opt/st/stm32cubeide_2.2.0/plugins/com.st.stm32cube.ide.mcu.externaltools.gnu-tools-for-stm32.14.3.rel1.linux64_1.0.100.202602081740/tools/bin/../lib/gcc/arm-none-eabi/14.3.1/../../../../arm-none-eabi/lib/thumb/v7e-m+fp/hard/libc_nano.a(libc_a-exit.o) (__stdio_exit_handler)
/opt/st/stm32cubeide_2.2.0/plugins/com.st.stm32cube.ide.mcu.externaltools.gnu-tools-for-stm32.14.3.rel1.linux64_1.0.100.202602081740/tools/bin/../lib/gcc/arm-none-eabi/14.3.1/../../../../arm-none-eabi/lib/thumb/v7e-m+fp/hard/libc_nano.a(libc_a-fwalk.o)
                              /opt/st/stm32cubeide_2.2.0/plugins/com.st.stm32cube.ide.mcu.externaltools.gnu-tools-for-stm32.14.3.rel1.linux64_1.0.100.202602081740/tools/bin/../lib/gcc/arm-none-eabi/14.3.1/../../../../arm-none-eabi/lib/thumb/v7e-m+fp/hard/libc_nano.a(libc_a-findfp.o) (_fwalk_sglue)
/opt/st/stm32cubeide_2.2.0/plugins/com.st.stm32cube.ide.mcu.externaltools.gnu-tools-for-stm32.14.3.rel1.linux64_1.0.100.202602081740/tools/bin/../lib/gcc/arm-none-eabi/14.3.1/../../../../arm-none-eabi/lib/thumb/v7e-m+fp/hard/libc_nano.a(libc_a-stdio.o)
                              /opt/st/stm32cubeide_2.2.0/plugins/com.st.stm32cube.ide.mcu.externaltools.gnu-tools-for-stm32.14.3.rel1.linux64_1.0.100.202602081740/tools/bin/../lib/gcc/arm-none-eabi/14.3.1/../../../../arm-none-eabi/lib/thumb/v7e-m+fp/hard/libc_nano.a(libc_a-findfp.o) (__sread)
/opt/st/stm32cubeide_2.2.0/plugins/com.st.stm32cube.ide.mcu.externaltools.gnu-tools-for-stm32.14.3.rel1.linux64_1.0.100.202602081740/tools/bin/../lib/gcc/arm-none-eabi/14.3.1/../../../../arm-none-eabi/lib/thumb/v7e-m+fp/hard/libc_nano.a(libc_a-memset.o)
                              /opt/st/stm32cubeide_2.2.0/plugins/com.st.stm32cube.ide.mcu.externaltools.gnu-tools-for-stm32.14.3.rel1.linux64_1.0.100.202602081740/tools/bin/../lib/gcc/arm-none-eabi/14.3.1/../../../../arm-none-eabi/lib/thumb/v7e-m+fp/hard/crt0.o (memset)
/opt/st/stm32cubeide_2.2.0/plugins/com.st.stm32cube.ide.mcu.externaltools.gnu-tools-for-stm32.14.3.rel1.linux64_1.0.100.202602081740/tools/bin/../lib/gcc/arm-none-eabi/14.3.1/../../../../arm-none-eabi/lib/thumb/v7e-m+fp/hard/libc_nano.a(libc_a-closer.o)
                              /opt/st/stm32cubeide_2.2.0/plugins/com.st.stm32cube.ide.mcu.externaltools.gnu-tools-for-stm32.14.3.rel1.linux64_1.0.100.202602081740/tools/bin/../lib/gcc/arm-none-eabi/14.3.1/../../../../arm-none-eabi/lib/thumb/v7e-m+fp/hard/libc_nano.a(libc_a-stdio.o) (_close_r)
/opt/st/stm32cubeide_2.2.0/plugins/com.st.stm32cube.ide.mcu.externaltools.gnu-tools-for-stm32.14.3.rel1.linux64_1.0.100.202602081740/tools/bin/../lib/gcc/arm-none-eabi/14.3.1/../../../../arm-none-eabi/lib/thumb/v7e-m+fp/hard/libc_nano.a(libc_a-reent.o)
                              /opt/st/stm32cubeide_2.2.0/plugins/com.st.stm32cube.ide.mcu.externaltools.gnu-tools-for-stm32.14.3.rel1.linux64_1.0.100.202602081740/tools/bin/../lib/gcc/arm-none-eabi/14.3.1/../../../../arm-none-eabi/lib/thumb/v7e-m+fp/hard/libc_nano.a(libc_a-closer.o) (errno)
/opt/st/stm32cubeide_2.2.0/plugins/com.st.stm32cube.ide.mcu.externaltools.gnu-tools-for-stm32.14.3.rel1.linux64_1.0.100.202602081740/tools/bin/../lib/gcc/arm-none-eabi/14.3.1/../../../../arm-none-eabi/lib/thumb/v7e-m+fp/hard/libc_nano.a(libc_a-impure.o)
                              /opt/st/stm32cubeide_2.2.0/plugins/com.st.stm32cube.ide.mcu.externaltools.gnu-tools-for-stm32.14.3.rel1.linux64_1.0.100.202602081740/tools/bin/../lib/gcc/arm-none-eabi/14.3.1/../../../../arm-none-eabi/lib/thumb/v7e-m+fp/hard/libc_nano.a(libc_a-reent.o) (_impure_ptr)
/opt/st/stm32cubeide_2.2.0/plugins/com.st.stm32cube.ide.mcu.externaltools.gnu-tools-for-stm32.14.3.rel1.linux64_1.0.100.202602081740/tools/bin/../lib/gcc/arm-none-eabi/14.3.1/../../../../arm-none-eabi/lib/thumb/v7e-m+fp/hard/libc_nano.a(libc_a-lseekr.o)
                              /opt/st/stm32cubeide_2.2.0/plugins/com.st.stm32cube.ide.mcu.externaltools.gnu-tools-for-stm32.14.3.rel1.linux64_1.0.100.202602081740/tools/bin/../lib/gcc/arm-none-eabi/14.3.1/../../../../arm-none-eabi/lib/thumb/v7e-m+fp/hard/libc_nano.a(libc_a-stdio.o) (_lseek_r)
[...]
Memory Configuration

Name             Origin             Length             Attributes
RAM              0x20000000         0x00008000         xrw
FLASH            0x08000000         0x00010000         xr
*default*        0x00000000         0xffffffff

Linker script and memory map

LOAD /opt/st/stm32cubeide_2.2.0/plugins/com.st.stm32cube.ide.mcu.externaltools.gnu-tools-for-stm32.14.3.rel1.linux64_1.0.100.202602081740/tools/bin/../lib/gcc/arm-none-eabi/14.3.1/thumb/v7e-m+fp/hard/crti.o
LOAD /opt/st/stm32cubeide_2.2.0/plugins/com.st.stm32cube.ide.mcu.externaltools.gnu-tools-for-stm32.14.3.rel1.linux64_1.0.100.202602081740/tools/bin/../lib/gcc/arm-none-eabi/14.3.1/thumb/v7e-m+fp/hard/crtbegin.o
LOAD /opt/st/stm32cubeide_2.2.0/plugins/com.st.stm32cube.ide.mcu.externaltools.gnu-tools-for-stm32.14.3.rel1.linux64_1.0.100.202602081740/tools/bin/../lib/gcc/arm-none-eabi/14.3.1/../../../../arm-none-eabi/lib/thumb/v7e-m+fp/hard/crt0.o
LOAD ./Core/Src/ILI9341_driver.o
LOAD ./Core/Src/fonts.o
LOAD ./Core/Src/hmi.o
LOAD ./Core/Src/main.o
LOAD ./Core/Src/stm32g4xx_hal_msp.o
LOAD ./Core/Src/stm32g4xx_it.o
LOAD ./Core/Src/syscalls.o
LOAD ./Core/Src/sysmem.o
LOAD ./Core/Src/system_stm32g4xx.o
LOAD ./Core/Src/touch.o
LOAD ./Core/Startup/startup_stm32g431k8tx.o
LOAD ./Drivers/STM32G4xx_HAL_Driver/Src/stm32g4xx_hal.o
LOAD ./Drivers/STM32G4xx_HAL_Driver/Src/stm32g4xx_hal_cortex.o
LOAD ./Drivers/STM32G4xx_HAL_Driver/Src/stm32g4xx_hal_dma.o
LOAD ./Drivers/STM32G4xx_HAL_Driver/Src/stm32g4xx_hal_dma_ex.o
LOAD ./Drivers/STM32G4xx_HAL_Driver/Src/stm32g4xx_hal_exti.o
LOAD ./Drivers/STM32G4xx_HAL_Driver/Src/stm32g4xx_hal_flash.o
LOAD ./Drivers/STM32G4xx_HAL_Driver/Src/stm32g4xx_hal_flash_ex.o
LOAD ./Drivers/STM32G4xx_HAL_Driver/Src/stm32g4xx_hal_flash_ramfunc.o
LOAD ./Drivers/STM32G4xx_HAL_Driver/Src/stm32g4xx_hal_gpio.o
LOAD ./Drivers/STM32G4xx_HAL_Driver/Src/stm32g4xx_hal_pcd.o
LOAD ./Drivers/STM32G4xx_HAL_Driver/Src/stm32g4xx_hal_pcd_ex.o
LOAD ./Drivers/STM32G4xx_HAL_Driver/Src/stm32g4xx_hal_pwr.o
LOAD ./Drivers/STM32G4xx_HAL_Driver/Src/stm32g4xx_hal_pwr_ex.o
LOAD ./Drivers/STM32G4xx_HAL_Driver/Src/stm32g4xx_hal_rcc.o
LOAD ./Drivers/STM32G4xx_HAL_Driver/Src/stm32g4xx_hal_rcc_ex.o
LOAD ./Drivers/STM32G4xx_HAL_Driver/Src/stm32g4xx_ll_adc.o
LOAD ./Drivers/STM32G4xx_HAL_Driver/Src/stm32g4xx_ll_dma.o
LOAD ./Drivers/STM32G4xx_HAL_Driver/Src/stm32g4xx_ll_exti.o
LOAD ./Drivers/STM32G4xx_HAL_Driver/Src/stm32g4xx_ll_gpio.o
LOAD ./Drivers/STM32G4xx_HAL_Driver/Src/stm32g4xx_ll_rcc.o
LOAD ./Drivers/STM32G4xx_HAL_Driver/Src/stm32g4xx_ll_spi.o
LOAD ./Drivers/STM32G4xx_HAL_Driver/Src/stm32g4xx_ll_tim.o
LOAD ./Drivers/STM32G4xx_HAL_Driver/Src/stm32g4xx_ll_usart.o
LOAD ./Drivers/STM32G4xx_HAL_Driver/Src/stm32g4xx_ll_usb.o
LOAD ./Drivers/STM32G4xx_HAL_Driver/Src/stm32g4xx_ll_utils.o
LOAD ./Middlewares/ST/STM32_USB_Device_Library/Class/CDC/Src/usbd_cdc.o
LOAD ./Middlewares/ST/STM32_USB_Device_Library/Core/Src/usbd_core.o
LOAD ./Middlewares/ST/STM32_USB_Device_Library/Core/Src/usbd_ctlreq.o
LOAD ./Middlewares/ST/STM32_USB_Device_Library/Core/Src/usbd_ioreq.o
LOAD ./USB_Device/App/usb_device.o
LOAD ./USB_Device/App/usbd_cdc_if.o
LOAD ./USB_Device/App/usbd_desc.o
LOAD ./USB_Device/Target/usbd_conf.o
START GROUP
LOAD /opt/st/stm32cubeide_2.2.0/plugins/com.st.stm32cube.ide.mcu.externaltools.gnu-tools-for-stm32.14.3.rel1.linux64_1.0.100.202602081740/tools/bin/../lib/gcc/arm-none-eabi/14.3.1/../../../../arm-none-eabi/lib/thumb/v7e-m+fp/hard/libc_nano.a
LOAD /opt/st/stm32cubeide_2.2.0/plugins/com.st.stm32cube.ide.mcu.externaltools.gnu-tools-for-stm32.14.3.rel1.linux64_1.0.100.202602081740/tools/bin/../lib/gcc/arm-none-eabi/14.3.1/../../../../arm-none-eabi/lib/thumb/v7e-m+fp/hard/libm.a
END GROUP
START GROUP
LOAD /opt/st/stm32cubeide_2.2.0/plugins/com.st.stm32cube.ide.mcu.externaltools.gnu-tools-for-stm32.14.3.rel1.linux64_1.0.100.202602081740/tools/bin/../lib/gcc/arm-none-eabi/14.3.1/thumb/v7e-m+fp/hard/libgcc.a
LOAD /opt/st/stm32cubeide_2.2.0/plugins/com.st.stm32cube.ide.mcu.externaltools.gnu-tools-for-stm32.14.3.rel1.linux64_1.0.100.202602081740/tools/bin/../lib/gcc/arm-none-eabi/14.3.1/../../../../arm-none-eabi/lib/thumb/v7e-m+fp/hard/libc_nano.a
END GROUP
START GROUP
LOAD /opt/st/stm32cubeide_2.2.0/plugins/com.st.stm32cube.ide.mcu.externaltools.gnu-tools-for-stm32.14.3.rel1.linux64_1.0.100.202602081740/tools/bin/../lib/gcc/arm-none-eabi/14.3.1/thumb/v7e-m+fp/hard/libgcc.a
LOAD /opt/st/stm32cubeide_2.2.0/plugins/com.st.stm32cube.ide.mcu.externaltools.gnu-tools-for-stm32.14.3.rel1.linux64_1.0.100.202602081740/tools/bin/../lib/gcc/arm-none-eabi/14.3.1/../../../../arm-none-eabi/lib/thumb/v7e-m+fp/hard/libc_nano.a
LOAD /opt/st/stm32cubeide_2.2.0/plugins/com.st.stm32cube.ide.mcu.externaltools.gnu-tools-for-stm32.14.3.rel1.linux64_1.0.100.202602081740/tools/bin/../lib/gcc/arm-none-eabi/14.3.1/../../../../arm-none-eabi/lib/thumb/v7e-m+fp/hard/libnosys.a
END GROUP
START GROUP
LOAD /opt/st/stm32cubeide_2.2.0/plugins/com.st.stm32cube.ide.mcu.externaltools.gnu-tools-for-stm32.14.3.rel1.linux64_1.0.100.202602081740/tools/bin/../lib/gcc/arm-none-eabi/14.3.1/thumb/v7e-m+fp/hard/libgcc.a
LOAD /opt/st/stm32cubeide_2.2.0/plugins/com.st.stm32cube.ide.mcu.externaltools.gnu-tools-for-stm32.14.3.rel1.linux64_1.0.100.202602081740/tools/bin/../lib/gcc/arm-none-eabi/14.3.1/../../../../arm-none-eabi/lib/thumb/v7e-m+fp/hard/libc_nano.a
LOAD /opt/st/stm32cubeide_2.2.0/plugins/com.st.stm32cube.ide.mcu.externaltools.gnu-tools-for-stm32.14.3.rel1.linux64_1.0.100.202602081740/tools/bin/../lib/gcc/arm-none-eabi/14.3.1/../../../../arm-none-eabi/lib/thumb/v7e-m+fp/hard/libnosys.a
END GROUP
LOAD /opt/st/stm32cubeide_2.2.0/plugins/com.st.stm32cube.ide.mcu.externaltools.gnu-tools-for-stm32.14.3.rel1.linux64_1.0.100.202602081740/tools/bin/../lib/gcc/arm-none-eabi/14.3.1/thumb/v7e-m+fp/hard/crtend.o
LOAD /opt/st/stm32cubeide_2.2.0/plugins/com.st.stm32cube.ide.mcu.externaltools.gnu-tools-for-stm32.14.3.rel1.linux64_1.0.100.202602081740/tools/bin/../lib/gcc/arm-none-eabi/14.3.1/thumb/v7e-m+fp/hard/crtn.o
                0x20008000                        _estack = (ORIGIN (RAM) + LENGTH (RAM))
                0x00000200                        _Min_Heap_Size = 0x200
                0x00000400                        _Min_Stack_Size = 0x400

.isr_vector     0x08000000      0x1d8
                0x08000000                        . = ALIGN (0x4)
 *(.isr_vector)
 .isr_vector    0x08000000      0x1d8 ./Core/Startup/startup_stm32g431k8tx.o
                0x08000000                g_pfnVectors
                0x080001d8                        . = ALIGN (0x4)

.text           0x080001d8     0x8cb0
                0x080001d8                        . = ALIGN (0x4)
 *(.text)
 .text          0x080001d8       0x40 /opt/st/stm32cubeide_2.2.0/plugins/com.st.stm32cube.ide.mcu.externaltools.gnu-tools-for-stm32.14.3.rel1.linux64_1.0.100.202602081740/tools/bin/../lib/gcc/arm-none-eabi/14.3.1/thumb/v7e-m+fp/hard/crtbegin.o
 *(.text*)
 .text.LL_GPIO_SetOutputPin
                0x08000218       0x1c ./Core/Src/ILI9341_driver.o
 .text.LL_GPIO_ResetOutputPin
                0x08000234       0x1c ./Core/Src/ILI9341_driver.o
 .text.LL_SPI_Enable
                0x08000250       0x20 ./Core/Src/ILI9341_driver.o
 .text.LL_SPI_IsActiveFlag_TXE
                0x08000270       0x26 ./Core/Src/ILI9341_driver.o
 .text.LL_SPI_DisableDMAReq_TX
                0x08000296       0x20 ./Core/Src/ILI9341_driver.o
 .text.LL_SPI_TransmitData8
                0x080002b6       0x24 ./Core/Src/ILI9341_driver.o
 *fill*         0x080002da        0x2 
 .text.LL_DMA_DisableChannel
                0x080002dc       0x44 ./Core/Src/ILI9341_driver.o
 .text.LL_DMA_IsActiveFlag_TC2
                0x08000320       0x26 ./Core/Src/ILI9341_driver.o
 .text.LL_DMA_ClearFlag_TC2
                0x08000346       0x1a ./Core/Src/ILI9341_driver.o
 .text.ILI9341_SPI_Send
                0x08000360       0x30 ./Core/Src/ILI9341_driver.o
                0x08000360                ILI9341_SPI_Send
 .text.ILI9341_SetAddress
                0x08000390       0xd8 ./Core/Src/ILI9341_driver.o
                0x08000390                ILI9341_SetAddress
 .text.ILI9341_FillScreen
                0x08000468       0x6c ./Core/Src/ILI9341_driver.o
                0x08000468                ILI9341_FillScreen
 .text.ILI9341_FillRect
                0x080004d4       0xe4 ./Core/Src/ILI9341_driver.o
                0x080004d4                ILI9341_FillRect
 .text.ILI9341_DrawRect
                0x080005b8       0x9a ./Core/Src/ILI9341_driver.o
                0x080005b8                ILI9341_DrawRect
 *fill*         0x08000652        0x2 
 .text.ILI9341_Init
                0x08000654       0xd8 ./Core/Src/ILI9341_driver.o
                0x08000654                ILI9341_Init
 .text.uDMA1_Channel2_IRQHandler
                0x0800072c       0x3c ./Core/Src/ILI9341_driver.o
                0x0800072c                uDMA1_Channel2_IRQHandler
 .text.ILI9341_DrawStringNoDMA
                0x08000768      0x1e8 ./Core/Src/ILI9341_driver.o
                0x08000768                ILI9341_DrawStringNoDMA
 .text.ILI9341_DrawStringScale
                0x08000950       0xf4 ./Core/Src/ILI9341_driver.o
                0x08000950                ILI9341_DrawStringScale
 .text.draw_up_arrow
                0x08000a44       0x58 ./Core/Src/hmi.o
 .text.draw_down_arrow
                0x08000a9c       0x5e ./Core/Src/hmi.o
 .text.draw_menu_icon
                0x08000afa       0x58 ./Core/Src/hmi.o
 .text.draw_memory_button
                0x08000b52       0x44 ./Core/Src/hmi.o
 *fill*         0x08000b96        0x2 
 .text.draw_lift_button
                0x08000b98       0x48 ./Core/Src/hmi.o
 .text.draw_lower_button
                0x08000be0       0x48 ./Core/Src/hmi.o
 .text.draw_screen
                0x08000c28       0x5c ./Core/Src/hmi.o
 .text.hmi_main
                0x08000c84       0x16 ./Core/Src/hmi.o
                0x08000c84                hmi_main
 *fill*         0x08000c9a        0x2 
 .text.__NVIC_GetPriorityGrouping
                0x08000c9c       0x1c ./Core/Src/main.o
 .text.__NVIC_EnableIRQ
                0x08000cb8       0x3c ./Core/Src/main.o
 .text.__NVIC_SetPriority
                0x08000cf4       0x54 ./Core/Src/main.o
 .text.NVIC_EncodePriority
                0x08000d48       0x66 ./Core/Src/main.o
 .text.LL_ADC_SetGainCompensation
                0x08000dae       0x4a ./Core/Src/main.o
 .text.LL_ADC_REG_SetSequencerRanks
                0x08000df8       0x58 ./Core/Src/main.o
 .text.LL_ADC_SetChannelSamplingTime
                0x08000e50       0x56 ./Core/Src/main.o
 *fill*         0x08000ea6        0x2 
 .text.LL_ADC_SetChannelSingleDiff
                0x08000ea8       0x48 ./Core/Src/main.o
 .text.LL_ADC_SetOverSamplingScope
                0x08000ef0       0x2a ./Core/Src/main.o
 .text.LL_ADC_DisableDeepPowerDown
                0x08000f1a       0x24 ./Core/Src/main.o
 .text.LL_ADC_EnableInternalRegulator
                0x08000f3e       0x28 ./Core/Src/main.o
 *fill*         0x08000f66        0x2 
 .text.LL_DMA_SetDataTransferDirection
                0x08000f68       0x50 ./Core/Src/main.o
 .text.LL_DMA_SetMode
                0x08000fb8       0x4c ./Core/Src/main.o
 .text.LL_DMA_SetPeriphIncMode
                0x08001004       0x4c ./Core/Src/main.o
 .text.LL_DMA_SetMemoryIncMode
                0x08001050       0x4c ./Core/Src/main.o
 .text.LL_DMA_SetPeriphSize
                0x0800109c       0x4c ./Core/Src/main.o
 .text.LL_DMA_SetMemorySize
                0x080010e8       0x4c ./Core/Src/main.o
 .text.LL_DMA_SetChannelPriorityLevel
                0x08001134       0x4c ./Core/Src/main.o
 .text.LL_DMA_SetPeriphRequest
                0x08001180       0x54 ./Core/Src/main.o
 .text.LL_RCC_HSE_Enable
                0x080011d4       0x20 ./Core/Src/main.o
 .text.LL_RCC_HSE_IsReady
                0x080011f4       0x28 ./Core/Src/main.o
 .text.LL_RCC_HSI48_Enable
                0x0800121c       0x24 ./Core/Src/main.o
 .text.LL_RCC_HSI48_IsReady
                0x08001240       0x28 ./Core/Src/main.o
 .text.LL_RCC_SetSysClkSource
                0x08001268       0x28 ./Core/Src/main.o
 .text.LL_RCC_GetSysClkSource
                0x08001290       0x1c ./Core/Src/main.o
 .text.LL_RCC_SetAHBPrescaler
                0x080012ac       0x28 ./Core/Src/main.o
 .text.LL_RCC_SetAPB1Prescaler
                0x080012d4       0x28 ./Core/Src/main.o
 .text.LL_RCC_SetAPB2Prescaler
                0x080012fc       0x28 ./Core/Src/main.o
 .text.LL_RCC_SetUSARTClockSource
                0x08001324       0x34 ./Core/Src/main.o
 .text.LL_RCC_SetADCClockSource
                0x08001358       0x48 ./Core/Src/main.o
 .text.LL_RCC_PLL_Enable
                0x080013a0       0x20 ./Core/Src/main.o
 .text.LL_RCC_PLL_IsReady
                0x080013c0       0x28 ./Core/Src/main.o
 .text.LL_RCC_PLL_ConfigDomain_SYS
                0x080013e8       0x40 ./Core/Src/main.o
 .text.LL_RCC_PLL_ConfigDomain_ADC
                0x08001428       0x40 ./Core/Src/main.o
 .text.LL_RCC_PLL_EnableDomain_ADC
                0x08001468       0x20 ./Core/Src/main.o
 .text.LL_RCC_PLL_EnableDomain_SYS
                0x08001488       0x20 ./Core/Src/main.o
 .text.LL_AHB1_GRP1_EnableClock
                0x080014a8       0x30 ./Core/Src/main.o
 .text.LL_AHB2_GRP1_EnableClock
                0x080014d8       0x30 ./Core/Src/main.o
 .text.LL_APB1_GRP1_EnableClock
                0x08001508       0x30 ./Core/Src/main.o
 .text.LL_APB2_GRP1_EnableClock
                0x08001538       0x30 ./Core/Src/main.o
 .text.LL_FLASH_SetLatency
                0x08001568       0x28 ./Core/Src/main.o
 .text.LL_FLASH_GetLatency
                0x08001590       0x1c ./Core/Src/main.o
 .text.LL_PWR_SetRegulVoltageScaling
                0x080015ac       0x28 ./Core/Src/main.o
 .text.LL_SPI_SetStandard
                0x080015d4       0x26 ./Core/Src/main.o
 .text.LL_SPI_EnableNSSPulseMgt
                0x080015fa       0x20 ./Core/Src/main.o
 .text.LL_TIM_DisableARRPreload
                0x0800161a       0x20 ./Core/Src/main.o
 .text.LL_TIM_SetClockSource
                0x0800163a       0x2a ./Core/Src/main.o
 .text.LL_TIM_SetTriggerOutput
                0x08001664       0x2a ./Core/Src/main.o
 .text.LL_TIM_DisableMasterSlaveMode
                0x0800168e       0x20 ./Core/Src/main.o
 .text.LL_USART_Enable
                0x080016ae       0x20 ./Core/Src/main.o
 .text.LL_USART_DisableFIFO
                0x080016ce       0x20 ./Core/Src/main.o
 .text.LL_USART_SetTXFIFOThreshold
                0x080016ee       0x4e ./Core/Src/main.o
 .text.LL_USART_SetRXFIFOThreshold
                0x0800173c       0x4e ./Core/Src/main.o
 .text.LL_USART_ConfigAsyncMode
                0x0800178a       0x2c ./Core/Src/main.o
 .text.LL_USART_IsActiveFlag_TEACK
                0x080017b6       0x28 ./Core/Src/main.o
 .text.LL_USART_IsActiveFlag_REACK
                0x080017de       0x28 ./Core/Src/main.o
 .text.LL_GPIO_ResetOutputPin
                0x08001806       0x1c ./Core/Src/main.o
 .text.main     0x08001822       0x2e ./Core/Src/main.o
                0x08001822                main
 .text.SystemClock_Config
                0x08001850       0xd0 ./Core/Src/main.o
                0x08001850                SystemClock_Config
 .text.MX_ADC1_Init
                0x08001920      0x238 ./Core/Src/main.o
 .text.MX_SPI1_Init
                0x08001b58      0x148 ./Core/Src/main.o
 .text.MX_TIM2_Init
                0x08001ca0       0x82 ./Core/Src/main.o
 *fill*         0x08001d22        0x2 
 .text.MX_USART1_UART_Init
                0x08001d24      0x1a0 ./Core/Src/main.o
 .text.MX_DMA_Init
                0x08001ec4       0x94 ./Core/Src/main.o
 .text.MX_GPIO_Init
                0x08001f58      0x168 ./Core/Src/main.o
 .text.Error_Handler
                0x080020c0        0xc ./Core/Src/main.o
                0x080020c0                Error_Handler
 .text.HAL_MspInit
                0x080020cc       0x48 ./Core/Src/stm32g4xx_hal_msp.o
                0x080020cc                HAL_MspInit
 .text.NMI_Handler
                0x08002114        0x8 ./Core/Src/stm32g4xx_it.o
                0x08002114                NMI_Handler
 .text.HardFault_Handler
                0x0800211c        0x8 ./Core/Src/stm32g4xx_it.o
                0x0800211c                HardFault_Handler
 .text.MemManage_Handler
                0x08002124        0x8 ./Core/Src/stm32g4xx_it.o
                0x08002124                MemManage_Handler
 .text.BusFault_Handler
                0x0800212c        0x8 ./Core/Src/stm32g4xx_it.o
                0x0800212c                BusFault_Handler
 .text.UsageFault_Handler
                0x08002134        0x8 ./Core/Src/stm32g4xx_it.o
                0x08002134                UsageFault_Handler
 .text.SVC_Handler
                0x0800213c        0xe ./Core/Src/stm32g4xx_it.o
                0x0800213c                SVC_Handler
 .text.DebugMon_Handler
                0x0800214a        0xe ./Core/Src/stm32g4xx_it.o
                0x0800214a                DebugMon_Handler
 .text.PendSV_Handler
                0x08002158        0xe ./Core/Src/stm32g4xx_it.o
                0x08002158                PendSV_Handler
 .text.SysTick_Handler
                0x08002166        0xc ./Core/Src/stm32g4xx_it.o
                0x08002166                SysTick_Handler
 .text.DMA1_Channel1_IRQHandler
                0x08002172        0xe ./Core/Src/stm32g4xx_it.o
                0x08002172                DMA1_Channel1_IRQHandler
 .text.DMA1_Channel2_IRQHandler
                0x08002180        0xc ./Core/Src/stm32g4xx_it.o
                0x08002180                DMA1_Channel2_IRQHandler
 .text.DMA1_Channel3_IRQHandler
                0x0800218c        0xe ./Core/Src/stm32g4xx_it.o
                0x0800218c                DMA1_Channel3_IRQHandler
 .text.DMA1_Channel4_IRQHandler
                0x0800219a        0xe ./Core/Src/stm32g4xx_it.o
                0x0800219a                DMA1_Channel4_IRQHandler
 .text.USB_LP_IRQHandler
                0x080021a8       0x14 ./Core/Src/stm32g4xx_it.o
                0x080021a8                USB_LP_IRQHandler
 .text.TIM2_IRQHandler
                0x080021bc        0xe ./Core/Src/stm32g4xx_it.o
                0x080021bc                TIM2_IRQHandler
 *fill*         0x080021ca        0x2 
 .text.SystemInit
                0x080021cc       0x24 ./Core/Src/system_stm32g4xx.o
                0x080021cc                SystemInit
 .text.Reset_Handler
                0x080021f0       0x50 ./Core/Startup/startup_stm32g431k8tx.o
                0x080021f0                Reset_Handler
 .text.Default_Handler
                0x08002240        0x2 ./Core/Startup/startup_stm32g431k8tx.o
                0x08002240                RTC_Alarm_IRQHandler
                0x08002240                EXTI2_IRQHandler
                0x08002240                TIM8_TRG_COM_IRQHandler
                0x08002240                TIM8_CC_IRQHandler
                0x08002240                TIM1_CC_IRQHandler
                0x08002240                USB_HP_IRQHandler
                0x08002240                CORDIC_IRQHandler
                0x08002240                EXTI3_IRQHandler
                0x08002240                I2C3_ER_IRQHandler
                0x08002240                EXTI0_IRQHandler
                0x08002240                I2C2_EV_IRQHandler
                0x08002240                FPU_IRQHandler
                0x08002240                FDCAN1_IT1_IRQHandler
                0x08002240                TIM1_UP_TIM16_IRQHandler
                0x08002240                ADC1_2_IRQHandler
                0x08002240                SPI1_IRQHandler
                0x08002240                TIM6_DAC_IRQHandler
                0x08002240                TIM8_UP_IRQHandler
                0x08002240                DMA2_Channel2_IRQHandler
                0x08002240                USART3_IRQHandler
                0x08002240                TIM4_IRQHandler
                0x08002240                DMA2_Channel1_IRQHandler
                0x08002240                I2C1_EV_IRQHandler
                0x08002240                DMA1_Channel6_IRQHandler
                0x08002240                UART4_IRQHandler
                0x08002240                DMA2_Channel4_IRQHandler
                0x08002240                TIM3_IRQHandler
                0x08002240                RCC_IRQHandler
                0x08002240                Default_Handler
                0x08002240                RTC_TAMP_LSECSS_IRQHandler
                0x08002240                FMAC_IRQHandler
                0x08002240                EXTI15_10_IRQHandler
                0x08002240                TIM7_IRQHandler
                0x08002240                UCPD1_IRQHandler
                0x08002240                I2C3_EV_IRQHandler
                0x08002240                EXTI9_5_IRQHandler
                0x08002240                RTC_WKUP_IRQHandler
                0x08002240                PVD_PVM_IRQHandler
                0x08002240                SPI2_IRQHandler
                0x08002240                DMA2_Channel5_IRQHandler
                0x08002240                CRS_IRQHandler
                0x08002240                DMA1_Channel5_IRQHandler
                0x08002240                EXTI4_IRQHandler
                0x08002240                RNG_IRQHandler
                0x08002240                TIM1_TRG_COM_TIM17_IRQHandler
                0x08002240                WWDG_IRQHandler
                0x08002240                LPUART1_IRQHandler
                0x08002240                DMA2_Channel6_IRQHandler
                0x08002240                FDCAN1_IT0_IRQHandler
                0x08002240                COMP1_2_3_IRQHandler
                0x08002240                EXTI1_IRQHandler
                0x08002240                USART2_IRQHandler
                0x08002240                I2C2_ER_IRQHandler
                0x08002240                TIM8_BRK_IRQHandler
                0x08002240                FLASH_IRQHandler
                0x08002240                USART1_IRQHandler
                0x08002240                SPI3_IRQHandler
                0x08002240                I2C1_ER_IRQHandler
                0x08002240                LPTIM1_IRQHandler
                0x08002240                DMAMUX_OVR_IRQHandler
                0x08002240                USBWakeUp_IRQHandler
                0x08002240                SAI1_IRQHandler
                0x08002240                DMA2_Channel3_IRQHandler
                0x08002240                COMP4_IRQHandler
                0x08002240                TIM1_BRK_TIM15_IRQHandler
 .text.HAL_Init
                0x08002242       0x30 ./Drivers/STM32G4xx_HAL_Driver/Src/stm32g4xx_hal.o
                0x08002242                HAL_Init
 *fill*         0x08002272        0x2 
 .text.HAL_InitTick
                0x08002274       0x74 ./Drivers/STM32G4xx_HAL_Driver/Src/stm32g4xx_hal.o
                0x08002274                HAL_InitTick
 .text.HAL_IncTick
                0x080022e8       0x24 ./Drivers/STM32G4xx_HAL_Driver/Src/stm32g4xx_hal.o
                0x080022e8                HAL_IncTick
 .text.HAL_GetTick
                0x0800230c       0x18 ./Drivers/STM32G4xx_HAL_Driver/Src/stm32g4xx_hal.o
                0x0800230c                HAL_GetTick
 .text.HAL_Delay
                0x08002324       0x44 ./Drivers/STM32G4xx_HAL_Driver/Src/stm32g4xx_hal.o
                0x08002324                HAL_Delay
 .text.__NVIC_SetPriorityGrouping
                0x08002368       0x48 ./Drivers/STM32G4xx_HAL_Driver/Src/stm32g4xx_hal_cortex.o
 .text.__NVIC_GetPriorityGrouping
                0x080023b0       0x1c ./Drivers/STM32G4xx_HAL_Driver/Src/stm32g4xx_hal_cortex.o
 .text.__NVIC_EnableIRQ
                0x080023cc       0x3c ./Drivers/STM32G4xx_HAL_Driver/Src/stm32g4xx_hal_cortex.o
 .text.__NVIC_SetPriority
                0x08002408       0x54 ./Drivers/STM32G4xx_HAL_Driver/Src/stm32g4xx_hal_cortex.o
 .text.NVIC_EncodePriority
                0x0800245c       0x66 ./Drivers/STM32G4xx_HAL_Driver/Src/stm32g4xx_hal_cortex.o
 *fill*         0x080024c2        0x2 
 .text.SysTick_Config
                0x080024c4       0x44 ./Drivers/STM32G4xx_HAL_Driver/Src/stm32g4xx_hal_cortex.o
 .text.HAL_NVIC_SetPriorityGrouping
                0x08002508       0x16 ./Drivers/STM32G4xx_HAL_Driver/Src/stm32g4xx_hal_cortex.o
                0x08002508                HAL_NVIC_SetPriorityGrouping
 .text.HAL_NVIC_SetPriority
                0x0800251e       0x34 ./Drivers/STM32G4xx_HAL_Driver/Src/stm32g4xx_hal_cortex.o
                0x0800251e                HAL_NVIC_SetPriority
 .text.HAL_NVIC_EnableIRQ
                0x08002552       0x1c ./Drivers/STM32G4xx_HAL_Driver/Src/stm32g4xx_hal_cortex.o
                0x08002552                HAL_NVIC_EnableIRQ
 .text.HAL_SYSTICK_Config
                0x0800256e       0x18 ./Drivers/STM32G4xx_HAL_Driver/Src/stm32g4xx_hal_cortex.o
                0x0800256e                HAL_SYSTICK_Config
 .text.HAL_PCD_Init
                0x08002586      0x19c ./Drivers/STM32G4xx_HAL_Driver/Src/stm32g4xx_hal_pcd.o
                0x08002586                HAL_PCD_Init
 .text.HAL_PCD_Start
                0x08002722       0x44 ./Drivers/STM32G4xx_HAL_Driver/Src/stm32g4xx_hal_pcd.o
                0x08002722                HAL_PCD_Start
 .text.HAL_PCD_IRQHandler
                0x08002766      0x24e ./Drivers/STM32G4xx_HAL_Driver/Src/stm32g4xx_hal_pcd.o
                0x08002766                HAL_PCD_IRQHandler
 .text.HAL_PCD_SetAddress
                0x080029b4       0x48 ./Drivers/STM32G4xx_HAL_Driver/Src/stm32g4xx_hal_pcd.o
                0x080029b4                HAL_PCD_SetAddress
 .text.HAL_PCD_EP_Open
                0x080029fc       0xbe ./Drivers/STM32G4xx_HAL_Driver/Src/stm32g4xx_hal_pcd.o
                0x080029fc                HAL_PCD_EP_Open
 .text.HAL_PCD_EP_Close
                0x08002aba       0x90 ./Drivers/STM32G4xx_HAL_Driver/Src/stm32g4xx_hal_pcd.o
                0x08002aba                HAL_PCD_EP_Close
 .text.HAL_PCD_EP_Receive
                0x08002b4a       0x62 ./Drivers/STM32G4xx_HAL_Driver/Src/stm32g4xx_hal_pcd.o
                0x08002b4a                HAL_PCD_EP_Receive
 .text.HAL_PCD_EP_GetRxCount
                0x08002bac       0x30 ./Drivers/STM32G4xx_HAL_Driver/Src/stm32g4xx_hal_pcd.o
                0x08002bac                HAL_PCD_EP_GetRxCount
 .text.HAL_PCD_EP_Transmit
                0x08002bdc       0x6e ./Drivers/STM32G4xx_HAL_Driver/Src/stm32g4xx_hal_pcd.o
                0x08002bdc                HAL_PCD_EP_Transmit
 .text.HAL_PCD_EP_SetStall
                0x08002c4a       0xa4 ./Drivers/STM32G4xx_HAL_Driver/Src/stm32g4xx_hal_pcd.o
                0x08002c4a                HAL_PCD_EP_SetStall
 .text.HAL_PCD_EP_ClrStall
                0x08002cee       0xa8 ./Drivers/STM32G4xx_HAL_Driver/Src/stm32g4xx_hal_pcd.o
                0x08002cee                HAL_PCD_EP_ClrStall
 .text.PCD_EP_ISR_Handler
                0x08002d96      0x68e ./Drivers/STM32G4xx_HAL_Driver/Src/stm32g4xx_hal_pcd.o
 .text.HAL_PCD_EP_DB_Receive
                0x08003424      0x212 ./Drivers/STM32G4xx_HAL_Driver/Src/stm32g4xx_hal_pcd.o
 .text.HAL_PCD_EP_DB_Transmit
                0x08003636      0x878 ./Drivers/STM32G4xx_HAL_Driver/Src/stm32g4xx_hal_pcd.o
 .text.HAL_PCDEx_PMAConfig
                0x08003eae       0x86 ./Drivers/STM32G4xx_HAL_Driver/Src/stm32g4xx_hal_pcd_ex.o
                0x08003eae                HAL_PCDEx_PMAConfig
 .text.HAL_PCDEx_ActivateLPM
                0x08003f34       0x54 ./Drivers/STM32G4xx_HAL_Driver/Src/stm32g4xx_hal_pcd_ex.o
                0x08003f34                HAL_PCDEx_ActivateLPM
 .text.HAL_PWREx_DisableUCPDDeadBattery
                0x08003f88       0x20 ./Drivers/STM32G4xx_HAL_Driver/Src/stm32g4xx_hal_pwr_ex.o
                0x08003f88                HAL_PWREx_DisableUCPDDeadBattery
 .text.LL_ADC_REG_SetSequencerLength
                0x08003fa8       0x26 ./Drivers/STM32G4xx_HAL_Driver/Src/stm32g4xx_ll_adc.o
 .text.LL_ADC_IsEnabled
                0x08003fce       0x26 ./Drivers/STM32G4xx_HAL_Driver/Src/stm32g4xx_ll_adc.o
 .text.LL_ADC_CommonInit
                0x08003ff4       0x80 ./Drivers/STM32G4xx_HAL_Driver/Src/stm32g4xx_ll_adc.o
                0x08003ff4                LL_ADC_CommonInit
 .text.LL_ADC_Init
                0x08004074       0x4c ./Drivers/STM32G4xx_HAL_Driver/Src/stm32g4xx_ll_adc.o
                0x08004074                LL_ADC_Init
 .text.LL_ADC_REG_Init
                0x080040c0       0x94 ./Drivers/STM32G4xx_HAL_Driver/Src/stm32g4xx_ll_adc.o
                0x080040c0                LL_ADC_REG_Init
 .text.LL_GPIO_SetPinMode
                0x08004154       0x7a ./Drivers/STM32G4xx_HAL_Driver/Src/stm32g4xx_ll_gpio.o
 .text.LL_GPIO_SetPinOutputType
                0x080041ce       0x30 ./Drivers/STM32G4xx_HAL_Driver/Src/stm32g4xx_ll_gpio.o
 .text.LL_GPIO_SetPinSpeed
                0x080041fe       0x7a ./Drivers/STM32G4xx_HAL_Driver/Src/stm32g4xx_ll_gpio.o
 .text.LL_GPIO_SetPinPull
                0x08004278       0x7a ./Drivers/STM32G4xx_HAL_Driver/Src/stm32g4xx_ll_gpio.o
 .text.LL_GPIO_SetAFPin_0_7
                0x080042f2       0x7a ./Drivers/STM32G4xx_HAL_Driver/Src/stm32g4xx_ll_gpio.o
 .text.LL_GPIO_SetAFPin_8_15
                0x0800436c       0x7e ./Drivers/STM32G4xx_HAL_Driver/Src/stm32g4xx_ll_gpio.o
 .text.LL_GPIO_Init
                0x080043ea       0xdc ./Drivers/STM32G4xx_HAL_Driver/Src/stm32g4xx_ll_gpio.o
                0x080043ea                LL_GPIO_Init
 *fill*         0x080044c6        0x2 
 .text.LL_RCC_HSI_IsReady
                0x080044c8       0x28 ./Drivers/STM32G4xx_HAL_Driver/Src/stm32g4xx_ll_rcc.o
 .text.LL_RCC_LSE_IsReady
                0x080044f0       0x28 ./Drivers/STM32G4xx_HAL_Driver/Src/stm32g4xx_ll_rcc.o
 .text.LL_RCC_GetSysClkSource
                0x08004518       0x1c ./Drivers/STM32G4xx_HAL_Driver/Src/stm32g4xx_ll_rcc.o
 .text.LL_RCC_GetAHBPrescaler
                0x08004534       0x1c ./Drivers/STM32G4xx_HAL_Driver/Src/stm32g4xx_ll_rcc.o
 .text.LL_RCC_GetAPB1Prescaler
                0x08004550       0x1c ./Drivers/STM32G4xx_HAL_Driver/Src/stm32g4xx_ll_rcc.o
 .text.LL_RCC_GetAPB2Prescaler
                0x0800456c       0x1c ./Drivers/STM32G4xx_HAL_Driver/Src/stm32g4xx_ll_rcc.o
 .text.LL_RCC_GetUSARTClockSource
                0x08004588       0x28 ./Drivers/STM32G4xx_HAL_Driver/Src/stm32g4xx_ll_rcc.o
 .text.LL_RCC_GetUARTClockSource
                0x080045b0       0x28 ./Drivers/STM32G4xx_HAL_Driver/Src/stm32g4xx_ll_rcc.o
 .text.LL_RCC_PLL_GetMainSource
                0x080045d8       0x1c ./Drivers/STM32G4xx_HAL_Driver/Src/stm32g4xx_ll_rcc.o
 .text.LL_RCC_PLL_GetN
                0x080045f4       0x1c ./Drivers/STM32G4xx_HAL_Driver/Src/stm32g4xx_ll_rcc.o
 .text.LL_RCC_PLL_GetR
                0x08004610       0x1c ./Drivers/STM32G4xx_HAL_Driver/Src/stm32g4xx_ll_rcc.o
 .text.LL_RCC_PLL_GetDivider
                0x0800462c       0x1c ./Drivers/STM32G4xx_HAL_Driver/Src/stm32g4xx_ll_rcc.o
 .text.LL_RCC_GetUSARTClockFreq
                0x08004648      0x188 ./Drivers/STM32G4xx_HAL_Driver/Src/stm32g4xx_ll_rcc.o
                0x08004648                LL_RCC_GetUSARTClockFreq
 .text.LL_RCC_GetUARTClockFreq
                0x080047d0       0x94 ./Drivers/STM32G4xx_HAL_Driver/Src/stm32g4xx_ll_rcc.o
                0x080047d0                LL_RCC_GetUARTClockFreq
 .text.RCC_GetSystemClockFreq
                0x08004864       0x4c ./Drivers/STM32G4xx_HAL_Driver/Src/stm32g4xx_ll_rcc.o
 .text.RCC_GetHCLKClockFreq
                0x080048b0       0x30 ./Drivers/STM32G4xx_HAL_Driver/Src/stm32g4xx_ll_rcc.o
 .text.RCC_GetPCLK1ClockFreq
                0x080048e0       0x2c ./Drivers/STM32G4xx_HAL_Driver/Src/stm32g4xx_ll_rcc.o
 .text.RCC_GetPCLK2ClockFreq
                0x0800490c       0x2c ./Drivers/STM32G4xx_HAL_Driver/Src/stm32g4xx_ll_rcc.o
 .text.RCC_PLL_GetFreqDomain_SYS
                0x08004938       0x68 ./Drivers/STM32G4xx_HAL_Driver/Src/stm32g4xx_ll_rcc.o
 .text.LL_SPI_IsEnabled
                0x080049a0       0x26 ./Drivers/STM32G4xx_HAL_Driver/Src/stm32g4xx_ll_spi.o
 .text.LL_SPI_SetRxFIFOThreshold
                0x080049c6       0x26 ./Drivers/STM32G4xx_HAL_Driver/Src/stm32g4xx_ll_spi.o
 .text.LL_SPI_SetCRCPolynomial
                0x080049ec       0x20 ./Drivers/STM32G4xx_HAL_Driver/Src/stm32g4xx_ll_spi.o
 .text.LL_SPI_Init
                0x08004a0c       0xbc ./Drivers/STM32G4xx_HAL_Driver/Src/stm32g4xx_ll_spi.o
                0x08004a0c                LL_SPI_Init
 .text.LL_TIM_SetPrescaler
                0x08004ac8       0x1c ./Drivers/STM32G4xx_HAL_Driver/Src/stm32g4xx_ll_tim.o
 .text.LL_TIM_SetAutoReload
                0x08004ae4       0x1c ./Drivers/STM32G4xx_HAL_Driver/Src/stm32g4xx_ll_tim.o
 .text.LL_TIM_SetRepetitionCounter
                0x08004b00       0x1c ./Drivers/STM32G4xx_HAL_Driver/Src/stm32g4xx_ll_tim.o
 .text.LL_TIM_GenerateEvent_UPDATE
                0x08004b1c       0x20 ./Drivers/STM32G4xx_HAL_Driver/Src/stm32g4xx_ll_tim.o
 .text.LL_TIM_Init
                0x08004b3c      0x114 ./Drivers/STM32G4xx_HAL_Driver/Src/stm32g4xx_ll_tim.o
                0x08004b3c                LL_TIM_Init
 .text.LL_USART_IsEnabled
                0x08004c50       0x26 ./Drivers/STM32G4xx_HAL_Driver/Src/stm32g4xx_ll_usart.o
 .text.LL_USART_SetPrescaler
                0x08004c76       0x28 ./Drivers/STM32G4xx_HAL_Driver/Src/stm32g4xx_ll_usart.o
 .text.LL_USART_SetStopBitsLength
                0x08004c9e       0x26 ./Drivers/STM32G4xx_HAL_Driver/Src/stm32g4xx_ll_usart.o
 .text.LL_USART_SetHWFlowCtrl
                0x08004cc4       0x26 ./Drivers/STM32G4xx_HAL_Driver/Src/stm32g4xx_ll_usart.o
 *fill*         0x08004cea        0x2 
 .text.LL_USART_SetBaudRate
                0x08004cec       0xa0 ./Drivers/STM32G4xx_HAL_Driver/Src/stm32g4xx_ll_usart.o
 .text.LL_USART_Init
                0x08004d8c       0xf4 ./Drivers/STM32G4xx_HAL_Driver/Src/stm32g4xx_ll_usart.o
                0x08004d8c                LL_USART_Init
 .text.USB_EnableGlobalInt
                0x08004e80       0x2e ./Drivers/STM32G4xx_HAL_Driver/Src/stm32g4xx_ll_usb.o
                0x08004e80                USB_EnableGlobalInt
 .text.USB_DisableGlobalInt
                0x08004eae       0x36 ./Drivers/STM32G4xx_HAL_Driver/Src/stm32g4xx_ll_usb.o
                0x08004eae                USB_DisableGlobalInt
 .text.USB_DevInit
                0x08004ee4       0x3c ./Drivers/STM32G4xx_HAL_Driver/Src/stm32g4xx_ll_usb.o
                0x08004ee4                USB_DevInit
 .text.USB_ActivateEndpoint
                0x08004f20      0x9d0 ./Drivers/STM32G4xx_HAL_Driver/Src/stm32g4xx_ll_usb.o
                0x08004f20                USB_ActivateEndpoint
 .text.USB_DeactivateEndpoint
                0x080058f0      0x3da ./Drivers/STM32G4xx_HAL_Driver/Src/stm32g4xx_ll_usb.o
                0x080058f0                USB_DeactivateEndpoint
 .text.USB_EPStartXfer
                0x08005cca      0xb5e ./Drivers/STM32G4xx_HAL_Driver/Src/stm32g4xx_ll_usb.o
                0x08005cca                USB_EPStartXfer
 .text.USB_EPSetStall
                0x08006828       0xa2 ./Drivers/STM32G4xx_HAL_Driver/Src/stm32g4xx_ll_usb.o
                0x08006828                USB_EPSetStall
 .text.USB_EPClearStall
                0x080068ca      0x152 ./Drivers/STM32G4xx_HAL_Driver/Src/stm32g4xx_ll_usb.o
                0x080068ca                USB_EPClearStall
 .text.USB_SetDevAddress
                0x08006a1c       0x28 ./Drivers/STM32G4xx_HAL_Driver/Src/stm32g4xx_ll_usb.o
                0x08006a1c                USB_SetDevAddress
 .text.USB_DevConnect
                0x08006a44       0x2e ./Drivers/STM32G4xx_HAL_Driver/Src/stm32g4xx_ll_usb.o
                0x08006a44                USB_DevConnect
 .text.USB_ReadInterrupts
                0x08006a72       0x20 ./Drivers/STM32G4xx_HAL_Driver/Src/stm32g4xx_ll_usb.o
                0x08006a72                USB_ReadInterrupts
 .text.USB_WritePMA
                0x08006a92       0x86 ./Drivers/STM32G4xx_HAL_Driver/Src/stm32g4xx_ll_usb.o
                0x08006a92                USB_WritePMA
 .text.USB_ReadPMA
                0x08006b18       0x98 ./Drivers/STM32G4xx_HAL_Driver/Src/stm32g4xx_ll_usb.o
                0x08006b18                USB_ReadPMA
 .text.LL_mDelay
                0x08006bb0       0x50 ./Drivers/STM32G4xx_HAL_Driver/Src/stm32g4xx_ll_utils.o
                0x08006bb0                LL_mDelay
 .text.LL_SetSystemCoreClock
                0x08006c00       0x20 ./Drivers/STM32G4xx_HAL_Driver/Src/stm32g4xx_ll_utils.o
                0x08006c00                LL_SetSystemCoreClock
 .text.USBD_CDC_Init
                0x08006c20       0xfe ./Middlewares/ST/STM32_USB_Device_Library/Class/CDC/Src/usbd_cdc.o
 .text.USBD_CDC_DeInit
                0x08006d1e       0x74 ./Middlewares/ST/STM32_USB_Device_Library/Class/CDC/Src/usbd_cdc.o
 *fill*         0x08006d92        0x2 
 .text.USBD_CDC_Setup
                0x08006d94      0x190 ./Middlewares/ST/STM32_USB_Device_Library/Class/CDC/Src/usbd_cdc.o
 .text.USBD_CDC_DataIn
                0x08006f24       0xca ./Middlewares/ST/STM32_USB_Device_Library/Class/CDC/Src/usbd_cdc.o
 .text.USBD_CDC_DataOut
                0x08006fee       0x56 ./Middlewares/ST/STM32_USB_Device_Library/Class/CDC/Src/usbd_cdc.o
 .text.USBD_CDC_EP0_RxReady
                0x08007044       0x58 ./Middlewares/ST/STM32_USB_Device_Library/Class/CDC/Src/usbd_cdc.o
 .text.USBD_CDC_GetFSCfgDesc
                0x0800709c       0x20 ./Middlewares/ST/STM32_USB_Device_Library/Class/CDC/Src/usbd_cdc.o
 .text.USBD_CDC_GetHSCfgDesc
                0x080070bc       0x20 ./Middlewares/ST/STM32_USB_Device_Library/Class/CDC/Src/usbd_cdc.o
 .text.USBD_CDC_GetOtherSpeedCfgDesc
                0x080070dc       0x20 ./Middlewares/ST/STM32_USB_Device_Library/Class/CDC/Src/usbd_cdc.o
 .text.USBD_CDC_GetDeviceQualifierDescriptor
                0x080070fc       0x20 ./Middlewares/ST/STM32_USB_Device_Library/Class/CDC/Src/usbd_cdc.o
                0x080070fc                USBD_CDC_GetDeviceQualifierDescriptor
 .text.USBD_CDC_RegisterInterface
                0x0800711c       0x2a ./Middlewares/ST/STM32_USB_Device_Library/Class/CDC/Src/usbd_cdc.o
                0x0800711c                USBD_CDC_RegisterInterface
 .text.USBD_CDC_SetTxBuffer
                0x08007146       0x3c ./Middlewares/ST/STM32_USB_Device_Library/Class/CDC/Src/usbd_cdc.o
                0x08007146                USBD_CDC_SetTxBuffer
 .text.USBD_CDC_SetRxBuffer
                0x08007182       0x32 ./Middlewares/ST/STM32_USB_Device_Library/Class/CDC/Src/usbd_cdc.o
                0x08007182                USBD_CDC_SetRxBuffer
 .text.USBD_CDC_ReceivePacket
                0x080071b4       0x54 ./Middlewares/ST/STM32_USB_Device_Library/Class/CDC/Src/usbd_cdc.o
                0x080071b4                USBD_CDC_ReceivePacket
 .text.USBD_Init
                0x08007208       0x60 ./Middlewares/ST/STM32_USB_Device_Library/Core/Src/usbd_core.o
                0x08007208                USBD_Init
 .text.USBD_RegisterClass
                0x08007268       0x4e ./Middlewares/ST/STM32_USB_Device_Library/Core/Src/usbd_core.o
                0x08007268                USBD_RegisterClass
 .text.USBD_Start
                0x080072b6       0x18 ./Middlewares/ST/STM32_USB_Device_Library/Core/Src/usbd_core.o
                0x080072b6                USBD_Start
 .text.USBD_RunTestMode
                0x080072ce       0x16 ./Middlewares/ST/STM32_USB_Device_Library/Core/Src/usbd_core.o
                0x080072ce                USBD_RunTestMode
 .text.USBD_SetClassConfig
                0x080072e4       0x38 ./Middlewares/ST/STM32_USB_Device_Library/Core/Src/usbd_core.o
                0x080072e4                USBD_SetClassConfig
 .text.USBD_ClrClassConfig
                0x0800731c       0x30 ./Middlewares/ST/STM32_USB_Device_Library/Core/Src/usbd_core.o
                0x0800731c                USBD_ClrClassConfig
 .text.USBD_LL_SetupStage
                0x0800734c       0xaa ./Middlewares/ST/STM32_USB_Device_Library/Core/Src/usbd_core.o
                0x0800734c                USBD_LL_SetupStage
 .text.USBD_LL_DataOutStage
                0x080073f6       0xc6 ./Middlewares/ST/STM32_USB_Device_Library/Core/Src/usbd_core.o
                0x080073f6                USBD_LL_DataOutStage
 .text.USBD_LL_DataInStage
                0x080074bc      0x12c ./Middlewares/ST/STM32_USB_Device_Library/Core/Src/usbd_core.o
                0x080074bc                USBD_LL_DataInStage
 .text.USBD_LL_Reset
                0x080075e8       0x9c ./Middlewares/ST/STM32_USB_Device_Library/Core/Src/usbd_core.o
                0x080075e8                USBD_LL_Reset
 .text.USBD_LL_SetSpeed
                0x08007684       0x20 ./Middlewares/ST/STM32_USB_Device_Library/Core/Src/usbd_core.o
                0x08007684                USBD_LL_SetSpeed
 .text.USBD_LL_Suspend
                0x080076a4       0x2c ./Middlewares/ST/STM32_USB_Device_Library/Core/Src/usbd_core.o
                0x080076a4                USBD_LL_Suspend
 .text.USBD_LL_Resume
                0x080076d0       0x30 ./Middlewares/ST/STM32_USB_Device_Library/Core/Src/usbd_core.o
                0x080076d0                USBD_LL_Resume
 .text.USBD_LL_SOF
                0x08007700       0x44 ./Middlewares/ST/STM32_USB_Device_Library/Core/Src/usbd_core.o
                0x08007700                USBD_LL_SOF
 .text.SWAPBYTE
                0x08007744       0x3e ./Middlewares/ST/STM32_USB_Device_Library/Core/Src/usbd_ctlreq.o
 *fill*         0x08007782        0x2 
 .text.USBD_StdDevReq
                0x08007784       0xdc ./Middlewares/ST/STM32_USB_Device_Library/Core/Src/usbd_ctlreq.o
                0x08007784                USBD_StdDevReq
 .text.USBD_StdItfReq
                0x08007860       0x92 ./Middlewares/ST/STM32_USB_Device_Library/Core/Src/usbd_ctlreq.o
                0x08007860                USBD_StdItfReq
 .text.USBD_StdEPReq
                0x080078f2      0x2c4 ./Middlewares/ST/STM32_USB_Device_Library/Core/Src/usbd_ctlreq.o
                0x080078f2                USBD_StdEPReq
 *fill*         0x08007bb6        0x2 
 .text.USBD_GetDescriptor
                0x08007bb8      0x328 ./Middlewares/ST/STM32_USB_Device_Library/Core/Src/usbd_ctlreq.o
 .text.USBD_SetAddress
                0x08007ee0       0x88 ./Middlewares/ST/STM32_USB_Device_Library/Core/Src/usbd_ctlreq.o
 .text.USBD_SetConfig
                0x08007f68      0x14c ./Middlewares/ST/STM32_USB_Device_Library/Core/Src/usbd_ctlreq.o
 .text.USBD_GetConfig
                0x080080b4       0x6c ./Middlewares/ST/STM32_USB_Device_Library/Core/Src/usbd_ctlreq.o
 .text.USBD_GetStatus
                0x08008120       0x68 ./Middlewares/ST/STM32_USB_Device_Library/Core/Src/usbd_ctlreq.o
 .text.USBD_SetFeature
                0x08008188       0x28 ./Middlewares/ST/STM32_USB_Device_Library/Core/Src/usbd_ctlreq.o
 .text.USBD_ClrFeature
                0x080081b0       0x44 ./Middlewares/ST/STM32_USB_Device_Library/Core/Src/usbd_ctlreq.o
 .text.USBD_ParseSetupRequest
                0x080081f4       0x74 ./Middlewares/ST/STM32_USB_Device_Library/Core/Src/usbd_ctlreq.o
                0x080081f4                USBD_ParseSetupRequest
 .text.USBD_CtlError
                0x08008268       0x22 ./Middlewares/ST/STM32_USB_Device_Library/Core/Src/usbd_ctlreq.o
                0x08008268                USBD_CtlError
 .text.USBD_GetString
                0x0800828a       0x8c ./Middlewares/ST/STM32_USB_Device_Library/Core/Src/usbd_ctlreq.o
                0x0800828a                USBD_GetString
 .text.USBD_GetLen
                0x08008316       0x34 ./Middlewares/ST/STM32_USB_Device_Library/Core/Src/usbd_ctlreq.o
 .text.USBD_CtlSendData
                0x0800834a       0x36 ./Middlewares/ST/STM32_USB_Device_Library/Core/Src/usbd_ioreq.o
                0x0800834a                USBD_CtlSendData
 .text.USBD_CtlContinueSendData
                0x08008380       0x22 ./Middlewares/ST/STM32_USB_Device_Library/Core/Src/usbd_ioreq.o
                0x08008380                USBD_CtlContinueSendData
 .text.USBD_CtlPrepareRx
                0x080083a2       0x3a ./Middlewares/ST/STM32_USB_Device_Library/Core/Src/usbd_ioreq.o
                0x080083a2                USBD_CtlPrepareRx
 .text.USBD_CtlContinueRx
                0x080083dc       0x22 ./Middlewares/ST/STM32_USB_Device_Library/Core/Src/usbd_ioreq.o
                0x080083dc                USBD_CtlContinueRx
 .text.USBD_CtlSendStatus
                0x080083fe       0x26 ./Middlewares/ST/STM32_USB_Device_Library/Core/Src/usbd_ioreq.o
                0x080083fe                USBD_CtlSendStatus
 .text.USBD_CtlReceiveStatus
                0x08008424       0x26 ./Middlewares/ST/STM32_USB_Device_Library/Core/Src/usbd_ioreq.o
                0x08008424                USBD_CtlReceiveStatus
 *fill*         0x0800844a        0x2 
 .text.MX_USB_Device_Init
                0x0800844c       0x60 ./USB_Device/App/usb_device.o
                0x0800844c                MX_USB_Device_Init
 .text.CDC_Init_FS
                0x080084ac       0x28 ./USB_Device/App/usbd_cdc_if.o
 .text.CDC_DeInit_FS
                0x080084d4       0x10 ./USB_Device/App/usbd_cdc_if.o
 .text.CDC_Control_FS
                0x080084e4       0xbc ./USB_Device/App/usbd_cdc_if.o
 .text.CDC_Receive_FS
                0x080085a0       0x28 ./USB_Device/App/usbd_cdc_if.o
 .text.CDC_TransmitCplt_FS
                0x080085c8       0x22 ./USB_Device/App/usbd_cdc_if.o
 *fill*         0x080085ea        0x2 
 .text.USBD_CDC_DeviceDescriptor
                0x080085ec       0x24 ./USB_Device/App/usbd_desc.o
                0x080085ec                USBD_CDC_DeviceDescriptor
 .text.USBD_CDC_LangIDStrDescriptor
                0x08008610       0x24 ./USB_Device/App/usbd_desc.o
                0x08008610                USBD_CDC_LangIDStrDescriptor
 .text.USBD_CDC_ProductStrDescriptor
                0x08008634       0x3c ./USB_Device/App/usbd_desc.o
                0x08008634                USBD_CDC_ProductStrDescriptor
 .text.USBD_CDC_ManufacturerStrDescriptor
                0x08008670       0x28 ./USB_Device/App/usbd_desc.o
                0x08008670                USBD_CDC_ManufacturerStrDescriptor
 .text.USBD_CDC_SerialStrDescriptor
                0x08008698       0x24 ./USB_Device/App/usbd_desc.o
                0x08008698                USBD_CDC_SerialStrDescriptor
 .text.USBD_CDC_ConfigStrDescriptor
                0x080086bc       0x3c ./USB_Device/App/usbd_desc.o
                0x080086bc                USBD_CDC_ConfigStrDescriptor
 .text.USBD_CDC_InterfaceStrDescriptor
                0x080086f8       0x3c ./USB_Device/App/usbd_desc.o
                0x080086f8                USBD_CDC_InterfaceStrDescriptor
 .text.Get_SerialNum
                0x08008734       0x58 ./USB_Device/App/usbd_desc.o
 .text.IntToUnicode
                0x0800878c       0x7e ./USB_Device/App/usbd_desc.o
 *fill*         0x0800880a        0x2 
 .text.LL_RCC_SetUSBClockSource
                0x0800880c       0x2c ./USB_Device/Target/usbd_conf.o
 .text.HAL_PCD_MspInit
                0x08008838       0x50 ./USB_Device/Target/usbd_conf.o
                0x08008838                HAL_PCD_MspInit
 .text.HAL_PCD_SetupStageCallback
                0x08008888       0x24 ./USB_Device/Target/usbd_conf.o
                0x08008888                HAL_PCD_SetupStageCallback
 .text.HAL_PCD_DataOutStageCallback
                0x080088ac       0x36 ./USB_Device/Target/usbd_conf.o
                0x080088ac                HAL_PCD_DataOutStageCallback
 .text.HAL_PCD_DataInStageCallback
                0x080088e2       0x34 ./USB_Device/Target/usbd_conf.o
                0x080088e2                HAL_PCD_DataInStageCallback
 .text.HAL_PCD_SOFCallback
                0x08008916       0x1c ./USB_Device/Target/usbd_conf.o
                0x08008916                HAL_PCD_SOFCallback
 .text.HAL_PCD_ResetCallback
                0x08008932       0x3c ./USB_Device/Target/usbd_conf.o
                0x08008932                HAL_PCD_ResetCallback
 *fill*         0x0800896e        0x2 
 .text.HAL_PCD_SuspendCallback
                0x08008970       0x34 ./USB_Device/Target/usbd_conf.o
                0x08008970                HAL_PCD_SuspendCallback
 .text.HAL_PCD_ResumeCallback
                0x080089a4       0x38 ./USB_Device/Target/usbd_conf.o
                0x080089a4                HAL_PCD_ResumeCallback
 .text.USBD_LL_Init
                0x080089dc       0xc0 ./USB_Device/Target/usbd_conf.o
                0x080089dc                USBD_LL_Init
 .text.USBD_LL_Start
                0x08008a9c       0x36 ./USB_Device/Target/usbd_conf.o
                0x08008a9c                USBD_LL_Start
 .text.USBD_LL_OpenEP
                0x08008ad2       0x4c ./USB_Device/Target/usbd_conf.o
                0x08008ad2                USBD_LL_OpenEP
 .text.USBD_LL_CloseEP
                0x08008b1e       0x3e ./USB_Device/Target/usbd_conf.o
                0x08008b1e                USBD_LL_CloseEP
 .text.USBD_LL_StallEP
                0x08008b5c       0x3e ./USB_Device/Target/usbd_conf.o
                0x08008b5c                USBD_LL_StallEP
 .text.USBD_LL_ClearStallEP
                0x08008b9a       0x3e ./USB_Device/Target/usbd_conf.o
                0x08008b9a                USBD_LL_ClearStallEP
 .text.USBD_LL_IsStallEP
                0x08008bd8       0x58 ./USB_Device/Target/usbd_conf.o
                0x08008bd8                USBD_LL_IsStallEP
 .text.USBD_LL_SetUSBAddress
                0x08008c30       0x3e ./USB_Device/Target/usbd_conf.o
                0x08008c30                USBD_LL_SetUSBAddress
 .text.USBD_LL_Transmit
                0x08008c6e       0x42 ./USB_Device/Target/usbd_conf.o
                0x08008c6e                USBD_LL_Transmit
 .text.USBD_LL_PrepareReceive
                0x08008cb0       0x42 ./USB_Device/Target/usbd_conf.o
                0x08008cb0                USBD_LL_PrepareReceive
 .text.USBD_LL_GetRxDataSize
                0x08008cf2       0x26 ./USB_Device/Target/usbd_conf.o
                0x08008cf2                USBD_LL_GetRxDataSize
 .text.HAL_PCDEx_LPM_Callback
                0x08008d18       0x6c ./USB_Device/Target/usbd_conf.o
                0x08008d18                HAL_PCDEx_LPM_Callback
 .text.USBD_static_malloc
                0x08008d84       0x1c ./USB_Device/Target/usbd_conf.o
                0x08008d84                USBD_static_malloc
 .text.USBD_static_free
                0x08008da0       0x14 ./USB_Device/Target/usbd_conf.o
                0x08008da0                USBD_static_free
 .text.SystemClockConfig_Resume
                0x08008db4        0xc ./USB_Device/Target/usbd_conf.o
 .text.USBD_Get_USB_Status
                0x08008dc0       0x58 ./USB_Device/Target/usbd_conf.o
 .text.memset   0x08008e18       0x10 /opt/st/stm32cubeide_2.2.0/plugins/com.st.stm32cube.ide.mcu.externaltools.gnu-tools-for-stm32.14.3.rel1.linux64_1.0.100.202602081740/tools/bin/../lib/gcc/arm-none-eabi/14.3.1/../../../../arm-none-eabi/lib/thumb/v7e-m+fp/hard/libc_nano.a(libc_a-memset.o)
                0x08008e18                memset
 .text.__libc_init_array
                0x08008e28       0x48 /opt/st/stm32cubeide_2.2.0/plugins/com.st.stm32cube.ide.mcu.externaltools.gnu-tools-for-stm32.14.3.rel1.linux64_1.0.100.202602081740/tools/bin/../lib/gcc/arm-none-eabi/14.3.1/../../../../arm-none-eabi/lib/thumb/v7e-m+fp/hard/libc_nano.a(libc_a-init.o)
                0x08008e28                __libc_init_array
 *(.glue_7)
 .glue_7        0x08008e70        0x0 linker stubs
 *(.glue_7t)
 .glue_7t       0x08008e70        0x0 linker stubs
 *(.eh_frame)
 .eh_frame      0x08008e70        0x0 /opt/st/stm32cubeide_2.2.0/plugins/com.st.stm32cube.ide.mcu.externaltools.gnu-tools-for-stm32.14.3.rel1.linux64_1.0.100.202602081740/tools/bin/../lib/gcc/arm-none-eabi/14.3.1/thumb/v7e-m+fp/hard/crtbegin.o
 *(.init)
 .init          0x08008e70        0x4 /opt/st/stm32cubeide_2.2.0/plugins/com.st.stm32cube.ide.mcu.externaltools.gnu-tools-for-stm32.14.3.rel1.linux64_1.0.100.202602081740/tools/bin/../lib/gcc/arm-none-eabi/14.3.1/thumb/v7e-m+fp/hard/crti.o
                0x08008e70                _init
 .init          0x08008e74        0x8 /opt/st/stm32cubeide_2.2.0/plugins/com.st.stm32cube.ide.mcu.externaltools.gnu-tools-for-stm32.14.3.rel1.linux64_1.0.100.202602081740/tools/bin/../lib/gcc/arm-none-eabi/14.3.1/thumb/v7e-m+fp/hard/crtn.o
 *(.fini)
 .fini          0x08008e7c        0x4 /opt/st/stm32cubeide_2.2.0/plugins/com.st.stm32cube.ide.mcu.externaltools.gnu-tools-for-stm32.14.3.rel1.linux64_1.0.100.202602081740/tools/bin/../lib/gcc/arm-none-eabi/14.3.1/thumb/v7e-m+fp/hard/crti.o
                0x08008e7c                _fini
 .fini          0x08008e80        0x8 /opt/st/stm32cubeide_2.2.0/plugins/com.st.stm32cube.ide.mcu.externaltools.gnu-tools-for-stm32.14.3.rel1.linux64_1.0.100.202602081740/tools/bin/../lib/gcc/arm-none-eabi/14.3.1/thumb/v7e-m+fp/hard/crtn.o
                0x08008e88                        . = ALIGN (0x4)
                0x08008e88                        _etext = .

.vfp11_veneer   0x08008e88        0x0
 .vfp11_veneer  0x08008e88        0x0 linker stubs

.v4_bx          0x08008e88        0x0
 .v4_bx         0x08008e88        0x0 linker stubs

.iplt           0x08008e88        0x0
 .iplt          0x08008e88        0x0 /opt/st/stm32cubeide_2.2.0/plugins/com.st.stm32cube.ide.mcu.externaltools.gnu-tools-for-stm32.14.3.rel1.linux64_1.0.100.202602081740/tools/bin/../lib/gcc/arm-none-eabi/14.3.1/thumb/v7e-m+fp/hard/crtbegin.o

.rodata         0x08008e88     0x2ec4
                0x08008e88                        . = ALIGN (0x4)
 *(.rodata)
 .rodata        0x08008e88       0x23 ./Core/Src/hmi.o
 *fill*         0x08008eab        0x1 
 .rodata        0x08008eac       0x46 ./USB_Device/App/usbd_desc.o
 *(.rodata*)
 *fill*         0x08008ef2        0x2 
 .rodata.CHANNEL_OFFSET_TAB
                0x08008ef4        0x6 ./Core/Src/ILI9341_driver.o
 *fill*         0x08008efa        0x2 
 .rodata.font11x23
                0x08008efc     0x2e00 ./Core/Src/fonts.o
                0x08008efc                font11x23
 .rodata.CHANNEL_OFFSET_TAB
                0x0800bcfc        0x6 ./Core/Src/main.o
 *fill*         0x0800bd02        0x2 
 .rodata.AHBPrescTable
                0x0800bd04       0x10 ./Core/Src/system_stm32g4xx.o
                0x0800bd04                AHBPrescTable
 .rodata.APBPrescTable
                0x0800bd14        0x8 ./Core/Src/system_stm32g4xx.o
                0x0800bd14                APBPrescTable
 .rodata.USART_PRESCALER_TAB
                0x0800bd1c       0x30 ./Drivers/STM32G4xx_HAL_Driver/Src/stm32g4xx_ll_usart.o
                0x0800bd4c                        . = ALIGN (0x4)

.ARM.extab      0x0800bd4c        0x0
                0x0800bd4c                        . = ALIGN (0x4)
 *(.ARM.extab* .gnu.linkonce.armextab.*)
                0x0800bd4c                        . = ALIGN (0x4)

.ARM            0x0800bd4c        0x0
                0x0800bd4c                        . = ALIGN (0x4)
                0x0800bd4c                        __exidx_start = .
 *(.ARM.exidx*)
                0x0800bd4c                        __exidx_end = .
                0x0800bd4c                        . = ALIGN (0x4)

.preinit_array  0x0800bd4c        0x0
                0x0800bd4c                        . = ALIGN (0x4)
                0x0800bd4c                        PROVIDE (__preinit_array_start = .)
 *(.preinit_array*)
                0x0800bd4c                        PROVIDE (__preinit_array_end = .)
                0x0800bd4c                        . = ALIGN (0x4)

.init_array     0x0800bd4c        0x4
                0x0800bd4c                        . = ALIGN (0x4)
                0x0800bd4c                        PROVIDE (__init_array_start = .)
 *(SORT_BY_NAME(.init_array.*))
 *(.init_array*)
 .init_array    0x0800bd4c        0x4 /opt/st/stm32cubeide_2.2.0/plugins/com.st.stm32cube.ide.mcu.externaltools.gnu-tools-for-stm32.14.3.rel1.linux64_1.0.100.202602081740/tools/bin/../lib/gcc/arm-none-eabi/14.3.1/thumb/v7e-m+fp/hard/crtbegin.o
                0x0800bd50                        PROVIDE (__init_array_end = .)
                0x0800bd50                        . = ALIGN (0x4)

.fini_array     0x0800bd50        0x4
                0x0800bd50                        . = ALIGN (0x4)
                [!provide]                        PROVIDE (__fini_array_start = .)
 *(SORT_BY_NAME(.fini_array.*))
 *(.fini_array*)
 .fini_array    0x0800bd50        0x4 /opt/st/stm32cubeide_2.2.0/plugins/com.st.stm32cube.ide.mcu.externaltools.gnu-tools-for-stm32.14.3.rel1.linux64_1.0.100.202602081740/tools/bin/../lib/gcc/arm-none-eabi/14.3.1/thumb/v7e-m+fp/hard/crtbegin.o
                [!provide]                        PROVIDE (__fini_array_end = .)
                0x0800bd54                        . = ALIGN (0x4)
                0x0800bd54                        _sidata = LOADADDR (.data)

.rel.dyn        0x0800bd54        0x0
 .rel.iplt      0x0800bd54        0x0 /opt/st/stm32cubeide_2.2.0/plugins/com.st.stm32cube.ide.mcu.externaltools.gnu-tools-for-stm32.14.3.rel1.linux64_1.0.100.202602081740/tools/bin/../lib/gcc/arm-none-eabi/14.3.1/thumb/v7e-m+fp/hard/crtbegin.o

.data           0x20000000      0x184 load address 0x0800bd54
                0x20000000                        . = ALIGN (0x4)
                0x20000000                        _sdata = .
 *(.data)
 *(.data*)
 .data.SystemCoreClock
                0x20000000        0x4 ./Core/Src/system_stm32g4xx.o
                0x20000000                SystemCoreClock
 .data.uwTickPrio
                0x20000004        0x4 ./Drivers/STM32G4xx_HAL_Driver/Src/stm32g4xx_hal.o
                0x20000004                uwTickPrio
 .data.uwTickFreq
                0x20000008        0x4 ./Drivers/STM32G4xx_HAL_Driver/Src/stm32g4xx_hal.o
                0x20000008                uwTickFreq
 .data.USBD_CDC_DeviceQualifierDesc
                0x2000000c        0xa ./Middlewares/ST/STM32_USB_Device_Library/Class/CDC/Src/usbd_cdc.o
 *fill*         0x20000016        0x2 
 .data.USBD_CDC
                0x20000018       0x38 ./Middlewares/ST/STM32_USB_Device_Library/Class/CDC/Src/usbd_cdc.o
                0x20000018                USBD_CDC
 .data.USBD_CDC_CfgHSDesc
                0x20000050       0x43 ./Middlewares/ST/STM32_USB_Device_Library/Class/CDC/Src/usbd_cdc.o
 *fill*         0x20000093        0x1 
 .data.USBD_CDC_CfgFSDesc
                0x20000094       0x43 ./Middlewares/ST/STM32_USB_Device_Library/Class/CDC/Src/usbd_cdc.o
 *fill*         0x200000d7        0x1 
 .data.USBD_CDC_OtherSpeedCfgDesc
                0x200000d8       0x43 ./Middlewares/ST/STM32_USB_Device_Library/Class/CDC/Src/usbd_cdc.o
 *fill*         0x2000011b        0x1 
 .data.USBD_Interface_fops_FS
                0x2000011c       0x14 ./USB_Device/App/usbd_cdc_if.o
                0x2000011c                USBD_Interface_fops_FS
 .data.CDC_Desc
                0x20000130       0x20 ./USB_Device/App/usbd_desc.o
                0x20000130                CDC_Desc
 .data.USBD_CDC_DeviceDesc
                0x20000150       0x12 ./USB_Device/App/usbd_desc.o
                0x20000150                USBD_CDC_DeviceDesc
 *fill*         0x20000162        0x2 
 .data.USBD_LangIDDesc
                0x20000164        0x4 ./USB_Device/App/usbd_desc.o
                0x20000164                USBD_LangIDDesc
 .data.USBD_StringSerial
                0x20000168       0x1a ./USB_Device/App/usbd_desc.o
                0x20000168                USBD_StringSerial
 *(.RamFunc)
 *(.RamFunc*)
                0x20000184                        . = ALIGN (0x4)
 *fill*         0x20000182        0x2 
                0x20000184                        _edata = .

.igot.plt       0x20000184        0x0 load address 0x0800bed8
 .igot.plt      0x20000184        0x0 /opt/st/stm32cubeide_2.2.0/plugins/com.st.stm32cube.ide.mcu.externaltools.gnu-tools-for-stm32.14.3.rel1.linux64_1.0.100.202602081740/tools/bin/../lib/gcc/arm-none-eabi/14.3.1/thumb/v7e-m+fp/hard/crtbegin.o
                0x20000184                        . = ALIGN (0x4)

.bss            0x20000184     0x4b70 load address 0x0800bed8
                0x20000184                        _sbss = .
                0x20000184                        __bss_start__ = _sbss
 *(.bss)
 .bss           0x20000184       0x1c /opt/st/stm32cubeide_2.2.0/plugins/com.st.stm32cube.ide.mcu.externaltools.gnu-tools-for-stm32.14.3.rel1.linux64_1.0.100.202602081740/tools/bin/../lib/gcc/arm-none-eabi/14.3.1/thumb/v7e-m+fp/hard/crtbegin.o
 *(.bss*)
 .bss.areabuff  0x200001a0     0x3980 ./Core/Src/ILI9341_driver.o
                0x200001a0                areabuff
 .bss.uwTick    0x20003b20        0x4 ./Drivers/STM32G4xx_HAL_Driver/Src/stm32g4xx_hal.o
                0x20003b20                uwTick
 .bss.cfgidx.0  0x20003b24        0x1 ./Middlewares/ST/STM32_USB_Device_Library/Core/Src/usbd_ctlreq.o
 *fill*         0x20003b25        0x3 
 .bss.hUsbDeviceFS
                0x20003b28      0x2d0 ./USB_Device/App/usb_device.o
                0x20003b28                hUsbDeviceFS
 .bss.UserRxBufferFS
                0x20003df8      0x400 ./USB_Device/App/usbd_cdc_if.o
                0x20003df8                UserRxBufferFS
 .bss.UserTxBufferFS
                0x200041f8      0x400 ./USB_Device/App/usbd_cdc_if.o
                0x200041f8                UserTxBufferFS
 .bss.USBD_StrDesc
                0x200045f8      0x200 ./USB_Device/App/usbd_desc.o
                0x200045f8                USBD_StrDesc
 .bss.hpcd_USB_FS
                0x200047f8      0x2dc ./USB_Device/Target/usbd_conf.o
                0x200047f8                hpcd_USB_FS
 .bss.mem.0     0x20004ad4      0x220 ./USB_Device/Target/usbd_conf.o
 *(COMMON)
                0x20004cf4                        . = ALIGN (0x4)
                0x20004cf4                        _ebss = .
                0x20004cf4                        __bss_end__ = _ebss

._user_heap_stack
                0x20004cf4      0x604 load address 0x0800bed8
                0x20004cf8                        . = ALIGN (0x8)
 *fill*         0x20004cf4        0x4 
                [!provide]                        PROVIDE (end = .)
                0x20004cf8                        PROVIDE (_end = .)
                0x20004ef8                        . = (. + _Min_Heap_Size)
 *fill*         0x20004cf8      0x200 
                0x200052f8                        . = (. + _Min_Stack_Size)
 *fill*         0x20004ef8      0x400 
                0x200052f8                        . = ALIGN (0x8)

/DISCARD/
 libc.a(*)
 libm.a(*)
 libgcc.a(*)

.ARM.attributes
                0x00000000       0x30
 *(.ARM.attributes)
 .ARM.attributes
                0x00000000       0x22 /opt/st/stm32cubeide_2.2.0/plugins/com.st.stm32cube.ide.mcu.externaltools.gnu-tools-for-stm32.14.3.rel1.linux64_1.0.100.202602081740/tools/bin/../lib/gcc/arm-none-eabi/14.3.1/thumb/v7e-m+fp/hard/crti.o
 .ARM.attributes
                0x00000022       0x34 /opt/st/stm32cubeide_2.2.0/plugins/com.st.stm32cube.ide.mcu.externaltools.gnu-tools-for-stm32.14.3.rel1.linux64_1.0.100.202602081740/tools/bin/../lib/gcc/arm-none-eabi/14.3.1/thumb/v7e-m+fp/hard/crtbegin.o
 .ARM.attributes
                0x00000056       0x34 ./Core/Src/ILI9341_driver.o
 .ARM.attributes
                0x0000008a       0x34 ./Core/Src/fonts.o
 .ARM.attributes
                0x000000be       0x34 ./Core/Src/hmi.o
 .ARM.attributes
                0x000000f2       0x34 ./Core/Src/main.o
 .ARM.attributes
                0x00000126       0x34 ./Core/Src/stm32g4xx_hal_msp.o
 .ARM.attributes
                0x0000015a       0x34 ./Core/Src/stm32g4xx_it.o
 .ARM.attributes
                0x0000018e       0x34 ./Core/Src/system_stm32g4xx.o
 .ARM.attributes
                0x000001c2       0x21 ./Core/Startup/startup_stm32g431k8tx.o
 .ARM.attributes
                0x000001e3       0x34 ./Drivers/STM32G4xx_HAL_Driver/Src/stm32g4xx_hal.o
 .ARM.attributes
                0x00000217       0x34 ./Drivers/STM32G4xx_HAL_Driver/Src/stm32g4xx_hal_cortex.o
 .ARM.attributes
                0x0000024b       0x34 ./Drivers/STM32G4xx_HAL_Driver/Src/stm32g4xx_hal_pcd.o
 .ARM.attributes
                0x0000027f       0x34 ./Drivers/STM32G4xx_HAL_Driver/Src/stm32g4xx_hal_pcd_ex.o
 .ARM.attributes
                0x000002b3       0x34 ./Drivers/STM32G4xx_HAL_Driver/Src/stm32g4xx_hal_pwr_ex.o
 .ARM.attributes
                0x000002e7       0x34 ./Drivers/STM32G4xx_HAL_Driver/Src/stm32g4xx_ll_adc.o
 .ARM.attributes
                0x0000031b       0x34 ./Drivers/STM32G4xx_HAL_Driver/Src/stm32g4xx_ll_gpio.o
 .ARM.attributes
                0x0000034f       0x34 ./Drivers/STM32G4xx_HAL_Driver/Src/stm32g4xx_ll_rcc.o
 .ARM.attributes
                0x00000383       0x34 ./Drivers/STM32G4xx_HAL_Driver/Src/stm32g4xx_ll_spi.o
 .ARM.attributes
                0x000003b7       0x34 ./Drivers/STM32G4xx_HAL_Driver/Src/stm32g4xx_ll_tim.o
 .ARM.attributes
                0x000003eb       0x34 ./Drivers/STM32G4xx_HAL_Driver/Src/stm32g4xx_ll_usart.o
 .ARM.attributes
                0x0000041f       0x34 ./Drivers/STM32G4xx_HAL_Driver/Src/stm32g4xx_ll_usb.o
 .ARM.attributes
                0x00000453       0x34 ./Drivers/STM32G4xx_HAL_Driver/Src/stm32g4xx_ll_utils.o
 .ARM.attributes
                0x00000487       0x34 ./Middlewares/ST/STM32_USB_Device_Library/Class/CDC/Src/usbd_cdc.o
 .ARM.attributes
                0x000004bb       0x34 ./Middlewares/ST/STM32_USB_Device_Library/Core/Src/usbd_core.o
 .ARM.attributes
                0x000004ef       0x34 ./Middlewares/ST/STM32_USB_Device_Library/Core/Src/usbd_ctlreq.o
 .ARM.attributes
                0x00000523       0x34 ./Middlewares/ST/STM32_USB_Device_Library/Core/Src/usbd_ioreq.o
 .ARM.attributes
                0x00000557       0x34 ./USB_Device/App/usb_device.o
 .ARM.attributes
                0x0000058b       0x34 ./USB_Device/App/usbd_cdc_if.o
 .ARM.attributes
                0x000005bf       0x34 ./USB_Device/App/usbd_desc.o
 .ARM.attributes
                0x000005f3       0x34 ./USB_Device/Target/usbd_conf.o
 .ARM.attributes
                0x00000627       0x34 /opt/st/stm32cubeide_2.2.0/plugins/com.st.stm32cube.ide.mcu.externaltools.gnu-tools-for-stm32.14.3.rel1.linux64_1.0.100.202602081740/tools/bin/../lib/gcc/arm-none-eabi/14.3.1/../../../../arm-none-eabi/lib/thumb/v7e-m+fp/hard/libc_nano.a(libc_a-memset.o)
 .ARM.attributes
                0x0000065b       0x34 /opt/st/stm32cubeide_2.2.0/plugins/com.st.stm32cube.ide.mcu.externaltools.gnu-tools-for-stm32.14.3.rel1.linux64_1.0.100.202602081740/tools/bin/../lib/gcc/arm-none-eabi/14.3.1/../../../../arm-none-eabi/lib/thumb/v7e-m+fp/hard/libc_nano.a(libc_a-init.o)
 .ARM.attributes
                0x0000068f       0x22 /opt/st/stm32cubeide_2.2.0/plugins/com.st.stm32cube.ide.mcu.externaltools.gnu-tools-for-stm32.14.3.rel1.linux64_1.0.100.202602081740/tools/bin/../lib/gcc/arm-none-eabi/14.3.1/thumb/v7e-m+fp/hard/crtn.o
OUTPUT(Touch.elf elf32-littlearm)
LOAD linker stubs
LOAD /opt/st/stm32cubeide_2.2.0/plugins/com.st.stm32cube.ide.mcu.externaltools.gnu-tools-for-stm32.14.3.rel1.linux64_1.0.100.202602081740/tools/bin/../lib/gcc/arm-none-eabi/14.3.1/../../../../arm-none-eabi/lib/thumb/v7e-m+fp/hard/libc.a
LOAD /opt/st/stm32cubeide_2.2.0/plugins/com.st.stm32cube.ide.mcu.externaltools.gnu-tools-for-stm32.14.3.rel1.linux64_1.0.100.202602081740/tools/bin/../lib/gcc/arm-none-eabi/14.3.1/../../../../arm-none-eabi/lib/thumb/v7e-m+fp/hard/libm.a
LOAD /opt/st/stm32cubeide_2.2.0/plugins/com.st.stm32cube.ide.mcu.externaltools.gnu-tools-for-stm32.14.3.rel1.linux64_1.0.100.202602081740/tools/bin/../lib/gcc/arm-none-eabi/14.3.1/thumb/v7e-m+fp/hard/libgcc.a

.debug_info     0x00000000    0x146b5
 .debug_info    0x00000000      0xd2f ./Core/Src/ILI9341_driver.o
 .debug_info    0x00000d2f       0xd5 ./Core/Src/fonts.o
 .debug_info    0x00000e04      0x3b5 ./Core/Src/hmi.o
 .debug_info    0x000011b9     0x2501 ./Core/Src/main.o
 .debug_info    0x000036ba      0x3bd ./Core/Src/stm32g4xx_hal_msp.o
 .debug_info    0x00003a77      0x757 ./Core/Src/stm32g4xx_it.o
 .debug_info    0x000041ce      0x58e ./Core/Src/system_stm32g4xx.o
 .debug_info    0x0000475c       0x30 ./Core/Startup/startup_stm32g431k8tx.o
 .debug_info    0x0000478c      0xadb ./Drivers/STM32G4xx_HAL_Driver/Src/stm32g4xx_hal.o
 .debug_info    0x00005267      0xd3f ./Drivers/STM32G4xx_HAL_Driver/Src/stm32g4xx_hal_cortex.o
 .debug_info    0x00005fa6     0x1610 ./Drivers/STM32G4xx_HAL_Driver/Src/stm32g4xx_hal_pcd.o
 .debug_info    0x000075b6      0x80a ./Drivers/STM32G4xx_HAL_Driver/Src/stm32g4xx_hal_pcd_ex.o
 .debug_info    0x00007dc0      0x93f ./Drivers/STM32G4xx_HAL_Driver/Src/stm32g4xx_hal_pwr_ex.o
 .debug_info    0x000086ff      0xb14 ./Drivers/STM32G4xx_HAL_Driver/Src/stm32g4xx_ll_adc.o
 .debug_info    0x00009213      0x95b ./Drivers/STM32G4xx_HAL_Driver/Src/stm32g4xx_ll_gpio.o
 .debug_info    0x00009b6e      0xb0b ./Drivers/STM32G4xx_HAL_Driver/Src/stm32g4xx_ll_rcc.o
 .debug_info    0x0000a679      0x7e4 ./Drivers/STM32G4xx_HAL_Driver/Src/stm32g4xx_ll_spi.o
 .debug_info    0x0000ae5d     0x11d8 ./Drivers/STM32G4xx_HAL_Driver/Src/stm32g4xx_ll_tim.o
 .debug_info    0x0000c035      0x7c3 ./Drivers/STM32G4xx_HAL_Driver/Src/stm32g4xx_ll_usart.o
 .debug_info    0x0000c7f8     0x1577 ./Drivers/STM32G4xx_HAL_Driver/Src/stm32g4xx_ll_usb.o
 .debug_info    0x0000dd6f      0xbbc ./Drivers/STM32G4xx_HAL_Driver/Src/stm32g4xx_ll_utils.o
 .debug_info    0x0000e92b     0x1124 ./Middlewares/ST/STM32_USB_Device_Library/Class/CDC/Src/usbd_cdc.o
 .debug_info    0x0000fa4f      0xb1b ./Middlewares/ST/STM32_USB_Device_Library/Core/Src/usbd_core.o
 .debug_info    0x0001056a      0xa57 ./Middlewares/ST/STM32_USB_Device_Library/Core/Src/usbd_ctlreq.o
 .debug_info    0x00010fc1      0x720 ./Middlewares/ST/STM32_USB_Device_Library/Core/Src/usbd_ioreq.o
 .debug_info    0x000116e1      0x6d7 ./USB_Device/App/usb_device.o
 .debug_info    0x00011db8      0x8be ./USB_Device/App/usbd_cdc_if.o
 .debug_info    0x00012676      0x45f ./USB_Device/App/usbd_desc.o
 .debug_info    0x00012ad5     0x1be0 ./USB_Device/Target/usbd_conf.o

.debug_abbrev   0x00000000     0x3c33
 .debug_abbrev  0x00000000      0x24a ./Core/Src/ILI9341_driver.o
 .debug_abbrev  0x0000024a       0x79 ./Core/Src/fonts.o
 .debug_abbrev  0x000002c3      0x158 ./Core/Src/hmi.o
 .debug_abbrev  0x0000041b      0x3cc ./Core/Src/main.o
 .debug_abbrev  0x000007e7       0xf0 ./Core/Src/stm32g4xx_hal_msp.o
 .debug_abbrev  0x000008d7      0x1ef ./Core/Src/stm32g4xx_it.o
 .debug_abbrev  0x00000ac6      0x11a ./Core/Src/system_stm32g4xx.o
 .debug_abbrev  0x00000be0       0x24 ./Core/Startup/startup_stm32g431k8tx.o
 .debug_abbrev  0x00000c04      0x271 ./Drivers/STM32G4xx_HAL_Driver/Src/stm32g4xx_hal.o
 .debug_abbrev  0x00000e75      0x31c ./Drivers/STM32G4xx_HAL_Driver/Src/stm32g4xx_hal_cortex.o
 .debug_abbrev  0x00001191      0x2b9 ./Drivers/STM32G4xx_HAL_Driver/Src/stm32g4xx_hal_pcd.o
 .debug_abbrev  0x0000144a      0x228 ./Drivers/STM32G4xx_HAL_Driver/Src/stm32g4xx_hal_pcd_ex.o
 .debug_abbrev  0x00001672      0x22c ./Drivers/STM32G4xx_HAL_Driver/Src/stm32g4xx_hal_pwr_ex.o
 .debug_abbrev  0x0000189e      0x1a9 ./Drivers/STM32G4xx_HAL_Driver/Src/stm32g4xx_ll_adc.o
 .debug_abbrev  0x00001a47      0x235 ./Drivers/STM32G4xx_HAL_Driver/Src/stm32g4xx_ll_gpio.o
 .debug_abbrev  0x00001c7c      0x234 ./Drivers/STM32G4xx_HAL_Driver/Src/stm32g4xx_ll_rcc.o
 .debug_abbrev  0x00001eb0      0x206 ./Drivers/STM32G4xx_HAL_Driver/Src/stm32g4xx_ll_spi.o
 .debug_abbrev  0x000020b6      0x23e ./Drivers/STM32G4xx_HAL_Driver/Src/stm32g4xx_ll_tim.o
 .debug_abbrev  0x000022f4      0x1de ./Drivers/STM32G4xx_HAL_Driver/Src/stm32g4xx_ll_usart.o
 .debug_abbrev  0x000024d2      0x247 ./Drivers/STM32G4xx_HAL_Driver/Src/stm32g4xx_ll_usb.o
 .debug_abbrev  0x00002719      0x25e ./Drivers/STM32G4xx_HAL_Driver/Src/stm32g4xx_ll_utils.o
 .debug_abbrev  0x00002977      0x2bc ./Middlewares/ST/STM32_USB_Device_Library/Class/CDC/Src/usbd_cdc.o
 .debug_abbrev  0x00002c33      0x24f ./Middlewares/ST/STM32_USB_Device_Library/Core/Src/usbd_core.o
 .debug_abbrev  0x00002e82      0x27e ./Middlewares/ST/STM32_USB_Device_Library/Core/Src/usbd_ctlreq.o
 .debug_abbrev  0x00003100      0x1a9 ./Middlewares/ST/STM32_USB_Device_Library/Core/Src/usbd_ioreq.o
 .debug_abbrev  0x000032a9      0x1a4 ./USB_Device/App/usb_device.o
 .debug_abbrev  0x0000344d      0x2ad ./USB_Device/App/usbd_cdc_if.o
 .debug_abbrev  0x000036fa      0x20e ./USB_Device/App/usbd_desc.o
 .debug_abbrev  0x00003908      0x32b ./USB_Device/Target/usbd_conf.o

.debug_aranges  0x00000000     0x1518
 .debug_aranges
                0x00000000      0x108 ./Core/Src/ILI9341_driver.o
 .debug_aranges
                0x00000108       0x18 ./Core/Src/fonts.o
 .debug_aranges
                0x00000120       0x58 ./Core/Src/hmi.o
 .debug_aranges
                0x00000178      0x228 ./Core/Src/main.o
 .debug_aranges
                0x000003a0       0x20 ./Core/Src/stm32g4xx_hal_msp.o
 .debug_aranges
                0x000003c0       0x90 ./Core/Src/stm32g4xx_it.o
 .debug_aranges
                0x00000450       0x28 ./Core/Src/system_stm32g4xx.o
 .debug_aranges
                0x00000478       0x28 ./Core/Startup/startup_stm32g431k8tx.o
 .debug_aranges
                0x000004a0      0x148 ./Drivers/STM32G4xx_HAL_Driver/Src/stm32g4xx_hal.o
 .debug_aranges
                0x000005e8      0x128 ./Drivers/STM32G4xx_HAL_Driver/Src/stm32g4xx_hal_cortex.o
 .debug_aranges
                0x00000710      0x138 ./Drivers/STM32G4xx_HAL_Driver/Src/stm32g4xx_hal_pcd.o
 .debug_aranges
                0x00000848       0x58 ./Drivers/STM32G4xx_HAL_Driver/Src/stm32g4xx_hal_pcd_ex.o
 .debug_aranges
                0x000008a0      0x140 ./Drivers/STM32G4xx_HAL_Driver/Src/stm32g4xx_hal_pwr_ex.o
 .debug_aranges
                0x000009e0       0xd0 ./Drivers/STM32G4xx_HAL_Driver/Src/stm32g4xx_ll_adc.o
 .debug_aranges
                0x00000ab0       0x70 ./Drivers/STM32G4xx_HAL_Driver/Src/stm32g4xx_ll_gpio.o
 .debug_aranges
                0x00000b20      0x1b8 ./Drivers/STM32G4xx_HAL_Driver/Src/stm32g4xx_ll_rcc.o
 .debug_aranges
                0x00000cd8       0x90 ./Drivers/STM32G4xx_HAL_Driver/Src/stm32g4xx_ll_spi.o
 .debug_aranges
                0x00000d68      0x148 ./Drivers/STM32G4xx_HAL_Driver/Src/stm32g4xx_ll_tim.o
 .debug_aranges
                0x00000eb0       0x88 ./Drivers/STM32G4xx_HAL_Driver/Src/stm32g4xx_ll_usart.o
 .debug_aranges
                0x00000f38       0xc8 ./Drivers/STM32G4xx_HAL_Driver/Src/stm32g4xx_ll_usb.o
 .debug_aranges
                0x00001000      0x100 ./Drivers/STM32G4xx_HAL_Driver/Src/stm32g4xx_ll_utils.o
 .debug_aranges
                0x00001100       0x90 ./Middlewares/ST/STM32_USB_Device_Library/Class/CDC/Src/usbd_cdc.o
 .debug_aranges
                0x00001190       0xb8 ./Middlewares/ST/STM32_USB_Device_Library/Core/Src/usbd_core.o
 .debug_aranges
                0x00001248       0x90 ./Middlewares/ST/STM32_USB_Device_Library/Core/Src/usbd_ctlreq.o
 .debug_aranges
                0x000012d8       0x50 ./Middlewares/ST/STM32_USB_Device_Library/Core/Src/usbd_ioreq.o
 .debug_aranges
                0x00001328       0x20 ./USB_Device/App/usb_device.o
 .debug_aranges
                0x00001348       0x48 ./USB_Device/App/usbd_cdc_if.o
 .debug_aranges
                0x00001390       0x60 ./USB_Device/App/usbd_desc.o
 .debug_aranges
                0x000013f0      0x128 ./USB_Device/Target/usbd_conf.o

.debug_rnglists
                0x00000000      0xf93
 .debug_rnglists
                0x00000000       0xcb ./Core/Src/ILI9341_driver.o
 .debug_rnglists
                0x000000cb       0x3d ./Core/Src/hmi.o
 .debug_rnglists
                0x00000108      0x1a0 ./Core/Src/main.o
 .debug_rnglists
                0x000002a8       0x13 ./Core/Src/stm32g4xx_hal_msp.o
 .debug_rnglists
                0x000002bb       0x67 ./Core/Src/stm32g4xx_it.o
 .debug_rnglists
                0x00000322       0x1a ./Core/Src/system_stm32g4xx.o
 .debug_rnglists
                0x0000033c       0x19 ./Core/Startup/startup_stm32g431k8tx.o
 .debug_rnglists
                0x00000355       0xf1 ./Drivers/STM32G4xx_HAL_Driver/Src/stm32g4xx_hal.o
 .debug_rnglists
                0x00000446       0xda ./Drivers/STM32G4xx_HAL_Driver/Src/stm32g4xx_hal_cortex.o
 .debug_rnglists
                0x00000520       0xee ./Drivers/STM32G4xx_HAL_Driver/Src/stm32g4xx_hal_pcd.o
 .debug_rnglists
                0x0000060e       0x3f ./Drivers/STM32G4xx_HAL_Driver/Src/stm32g4xx_hal_pcd_ex.o
 .debug_rnglists
                0x0000064d       0xf1 ./Drivers/STM32G4xx_HAL_Driver/Src/stm32g4xx_hal_pwr_ex.o
 .debug_rnglists
                0x0000073e       0x9a ./Drivers/STM32G4xx_HAL_Driver/Src/stm32g4xx_ll_adc.o
 .debug_rnglists
                0x000007d8       0x51 ./Drivers/STM32G4xx_HAL_Driver/Src/stm32g4xx_ll_gpio.o
 .debug_rnglists
                0x00000829      0x14d ./Drivers/STM32G4xx_HAL_Driver/Src/stm32g4xx_ll_rcc.o
 .debug_rnglists
                0x00000976       0x69 ./Drivers/STM32G4xx_HAL_Driver/Src/stm32g4xx_ll_spi.o
 .debug_rnglists
                0x000009df       0xfe ./Drivers/STM32G4xx_HAL_Driver/Src/stm32g4xx_ll_tim.o
 .debug_rnglists
                0x00000add       0x64 ./Drivers/STM32G4xx_HAL_Driver/Src/stm32g4xx_ll_usart.o
 .debug_rnglists
                0x00000b41       0x99 ./Drivers/STM32G4xx_HAL_Driver/Src/stm32g4xx_ll_usb.o
 .debug_rnglists
                0x00000bda       0xbf ./Drivers/STM32G4xx_HAL_Driver/Src/stm32g4xx_ll_utils.o
 .debug_rnglists
                0x00000c99       0x6a ./Middlewares/ST/STM32_USB_Device_Library/Class/CDC/Src/usbd_cdc.o
 .debug_rnglists
                0x00000d03       0x89 ./Middlewares/ST/STM32_USB_Device_Library/Core/Src/usbd_core.o
 .debug_rnglists
                0x00000d8c       0x6e ./Middlewares/ST/STM32_USB_Device_Library/Core/Src/usbd_ctlreq.o
 .debug_rnglists
                0x00000dfa       0x37 ./Middlewares/ST/STM32_USB_Device_Library/Core/Src/usbd_ioreq.o
 .debug_rnglists
                0x00000e31       0x13 ./USB_Device/App/usb_device.o
 .debug_rnglists
                0x00000e44       0x32 ./USB_Device/App/usbd_cdc_if.o
 .debug_rnglists
                0x00000e76       0x43 ./USB_Device/App/usbd_desc.o
 .debug_rnglists
                0x00000eb9       0xda ./USB_Device/Target/usbd_conf.o

.debug_macro    0x00000000    0x26cef
 .debug_macro   0x00000000      0x255 ./Core/Src/ILI9341_driver.o
 .debug_macro   0x00000255      0xade ./Core/Src/ILI9341_driver.o
 .debug_macro   0x00000d33       0x22 ./Core/Src/ILI9341_driver.o
 .debug_macro   0x00000d55       0x8e ./Core/Src/ILI9341_driver.o
 .debug_macro   0x00000de3       0x51 ./Core/Src/ILI9341_driver.o
 .debug_macro   0x00000e34      0x103 ./Core/Src/ILI9341_driver.o
 .debug_macro   0x00000f37       0x6a ./Core/Src/ILI9341_driver.o
 .debug_macro   0x00000fa1      0x1df ./Core/Src/ILI9341_driver.o
 .debug_macro   0x00001180       0x9a ./Core/Src/ILI9341_driver.o
 .debug_macro   0x0000121a       0x16 ./Core/Src/ILI9341_driver.o
 .debug_macro   0x00001230       0x2e ./Core/Src/ILI9341_driver.o
 .debug_macro   0x0000125e       0x28 ./Core/Src/ILI9341_driver.o
 .debug_macro   0x00001286       0x1c ./Core/Src/ILI9341_driver.o
 .debug_macro   0x000012a2       0x22 ./Core/Src/ILI9341_driver.o
 .debug_macro   0x000012c4       0xfb ./Core/Src/ILI9341_driver.o
 .debug_macro   0x000013bf     0x1011 ./Core/Src/ILI9341_driver.o
 .debug_macro   0x000023d0      0x11f ./Core/Src/ILI9341_driver.o
 .debug_macro   0x000024ef    0x1138f ./Core/Src/ILI9341_driver.o
 .debug_macro   0x0001387e       0x6d ./Core/Src/ILI9341_driver.o
 .debug_macro   0x000138eb      0x155 ./Core/Src/ILI9341_driver.o
 .debug_macro   0x00013a40     0x3558 ./Core/Src/ILI9341_driver.o
 .debug_macro   0x00016f98      0x190 ./Core/Src/ILI9341_driver.o
 .debug_macro   0x00017128       0x5c ./Core/Src/ILI9341_driver.o
 .debug_macro   0x00017184     0x141d ./Core/Src/ILI9341_driver.o
 .debug_macro   0x000185a1      0x535 ./Core/Src/ILI9341_driver.o
 .debug_macro   0x00018ad6      0x1b6 ./Core/Src/ILI9341_driver.o
 .debug_macro   0x00018c8c      0x288 ./Core/Src/ILI9341_driver.o
 .debug_macro   0x00018f14      0x41d ./Core/Src/ILI9341_driver.o
 .debug_macro   0x00019331      0x18b ./Core/Src/ILI9341_driver.o
 .debug_macro   0x000194bc       0x43 ./Core/Src/ILI9341_driver.o
 .debug_macro   0x000194ff      0x23d ./Core/Src/ILI9341_driver.o
 .debug_macro   0x0001973c      0x211 ./Core/Src/ILI9341_driver.o
 .debug_macro   0x0001994d      0x401 ./Core/Src/ILI9341_driver.o
 .debug_macro   0x00019d4e      0x107 ./Core/Src/ILI9341_driver.o
 .debug_macro   0x00019e55       0x73 ./Core/Src/ILI9341_driver.o
 .debug_macro   0x00019ec8      0x22d ./Core/Src/ILI9341_driver.o
 .debug_macro   0x0001a0f5      0x122 ./Core/Src/ILI9341_driver.o
 .debug_macro   0x0001a217      0x3d1 ./Core/Src/ILI9341_driver.o
 .debug_macro   0x0001a5e8      0x306 ./Core/Src/ILI9341_driver.o
 .debug_macro   0x0001a8ee      0x163 ./Core/Src/ILI9341_driver.o
 .debug_macro   0x0001aa51      0x2f0 ./Core/Src/ILI9341_driver.o
 .debug_macro   0x0001ad41       0xa0 ./Core/Src/ILI9341_driver.o
 .debug_macro   0x0001ade1      0x63e ./Core/Src/ILI9341_driver.o
 .debug_macro   0x0001b41f      0x24e ./Core/Src/ILI9341_driver.o
 .debug_macro   0x0001b66d       0x72 ./Core/Src/fonts.o
 .debug_macro   0x0001b6df       0x10 ./Core/Src/fonts.o
 .debug_macro   0x0001b6ef      0x2d3 ./Core/Src/hmi.o
 .debug_macro   0x0001b9c2     0x1112 ./Core/Src/hmi.o
 .debug_macro   0x0001cad4      0x5f7 ./Core/Src/hmi.o
 .debug_macro   0x0001d0cb      0x188 ./Core/Src/hmi.o
 .debug_macro   0x0001d253       0xd0 ./Core/Src/hmi.o
 .debug_macro   0x0001d323      0x28c ./Core/Src/hmi.o
 .debug_macro   0x0001d5af      0x155 ./Core/Src/hmi.o
 .debug_macro   0x0001d704      0x1a6 ./Core/Src/hmi.o
 .debug_macro   0x0001d8aa      0x231 ./Core/Src/hmi.o
 .debug_macro   0x0001dadb      0xd14 ./Core/Src/hmi.o
 .debug_macro   0x0001e7ef      0x40f ./Core/Src/hmi.o
 .debug_macro   0x0001ebfe      0x169 ./Core/Src/hmi.o
 .debug_macro   0x0001ed67       0xb8 ./Core/Src/hmi.o
 .debug_macro   0x0001ee1f       0xa0 ./Core/Src/hmi.o
 .debug_macro   0x0001eebf      0x3d4 ./Core/Src/main.o
 .debug_macro   0x0001f293       0x61 ./Core/Src/main.o
 .debug_macro   0x0001f2f4       0x2a ./Core/Src/main.o
 .debug_macro   0x0001f31e       0x43 ./Core/Src/main.o
 .debug_macro   0x0001f361       0x34 ./Core/Src/main.o
 .debug_macro   0x0001f395       0x16 ./Core/Src/main.o
 .debug_macro   0x0001f3ab       0x3c ./Core/Src/main.o
 .debug_macro   0x0001f3e7      0x364 ./Core/Src/main.o
 .debug_macro   0x0001f74b       0x10 ./Core/Src/main.o
 .debug_macro   0x0001f75b       0x16 ./Core/Src/main.o
 .debug_macro   0x0001f771       0x4a ./Core/Src/main.o
 .debug_macro   0x0001f7bb       0x34 ./Core/Src/main.o
 .debug_macro   0x0001f7ef       0x10 ./Core/Src/main.o
 .debug_macro   0x0001f7ff       0x58 ./Core/Src/main.o
 .debug_macro   0x0001f857       0x8e ./Core/Src/main.o
 .debug_macro   0x0001f8e5       0x1c ./Core/Src/main.o
 .debug_macro   0x0001f901      0x17e ./Core/Src/main.o
 .debug_macro   0x0001fa7f       0x16 ./Core/Src/main.o
 .debug_macro   0x0001fa95       0x16 ./Core/Src/main.o
 .debug_macro   0x0001faab      0x146 ./Core/Src/main.o
 .debug_macro   0x0001fbf1       0x16 ./Core/Src/main.o
 .debug_macro   0x0001fc07       0x16 ./Core/Src/main.o
 .debug_macro   0x0001fc1d       0x29 ./Core/Src/main.o
 .debug_macro   0x0001fc46       0x16 ./Core/Src/main.o
 .debug_macro   0x0001fc5c       0x20 ./Core/Src/main.o
 .debug_macro   0x0001fc7c       0x5f ./Core/Src/main.o
 .debug_macro   0x0001fcdb      0x1ef ./Core/Src/main.o
 .debug_macro   0x0001feca      0x266 ./Core/Src/stm32g4xx_hal_msp.o
 .debug_macro   0x00020130      0x28d ./Core/Src/stm32g4xx_it.o
 .debug_macro   0x000203bd      0x1ca ./Core/Src/system_stm32g4xx.o
 .debug_macro   0x00020587      0x218 ./Drivers/STM32G4xx_HAL_Driver/Src/stm32g4xx_hal.o
 .debug_macro   0x0002079f      0x1ca ./Drivers/STM32G4xx_HAL_Driver/Src/stm32g4xx_hal_cortex.o
 .debug_macro   0x00020969      0x1d6 ./Drivers/STM32G4xx_HAL_Driver/Src/stm32g4xx_hal_pcd.o
 .debug_macro   0x00020b3f      0x1ca ./Drivers/STM32G4xx_HAL_Driver/Src/stm32g4xx_hal_pcd_ex.o
 .debug_macro   0x00020d09      0x1f4 ./Drivers/STM32G4xx_HAL_Driver/Src/stm32g4xx_hal_pwr_ex.o
 .debug_macro   0x00020efd      0x27b ./Drivers/STM32G4xx_HAL_Driver/Src/stm32g4xx_ll_adc.o
 .debug_macro   0x00021178     0x110c ./Drivers/STM32G4xx_HAL_Driver/Src/stm32g4xx_ll_adc.o
 .debug_macro   0x00022284      0x20c ./Drivers/STM32G4xx_HAL_Driver/Src/stm32g4xx_ll_gpio.o
 .debug_macro   0x00022490      0x221 ./Drivers/STM32G4xx_HAL_Driver/Src/stm32g4xx_ll_rcc.o
 .debug_macro   0x000226b1      0x5f1 ./Drivers/STM32G4xx_HAL_Driver/Src/stm32g4xx_ll_rcc.o
 .debug_macro   0x00022ca2      0x279 ./Drivers/STM32G4xx_HAL_Driver/Src/stm32g4xx_ll_spi.o
 .debug_macro   0x00022f1b      0x2ea ./Drivers/STM32G4xx_HAL_Driver/Src/stm32g4xx_ll_spi.o
 .debug_macro   0x00023205      0x283 ./Drivers/STM32G4xx_HAL_Driver/Src/stm32g4xx_ll_tim.o
 .debug_macro   0x00023488      0xd0e ./Drivers/STM32G4xx_HAL_Driver/Src/stm32g4xx_ll_tim.o
 .debug_macro   0x00024196      0x245 ./Drivers/STM32G4xx_HAL_Driver/Src/stm32g4xx_ll_usart.o
 .debug_macro   0x000243db      0x409 ./Drivers/STM32G4xx_HAL_Driver/Src/stm32g4xx_ll_usart.o
 .debug_macro   0x000247e4      0x1ca ./Drivers/STM32G4xx_HAL_Driver/Src/stm32g4xx_ll_usb.o
 .debug_macro   0x000249ae      0x2be ./Drivers/STM32G4xx_HAL_Driver/Src/stm32g4xx_ll_utils.o
 .debug_macro   0x00024c6c       0x9a ./Drivers/STM32G4xx_HAL_Driver/Src/stm32g4xx_ll_utils.o
 .debug_macro   0x00024d06      0x359 ./Middlewares/ST/STM32_USB_Device_Library/Class/CDC/Src/usbd_cdc.o
 .debug_macro   0x0002505f       0x9e ./Middlewares/ST/STM32_USB_Device_Library/Class/CDC/Src/usbd_cdc.o
 .debug_macro   0x000250fd      0x112 ./Middlewares/ST/STM32_USB_Device_Library/Class/CDC/Src/usbd_cdc.o
 .debug_macro   0x0002520f       0x56 ./Middlewares/ST/STM32_USB_Device_Library/Class/CDC/Src/usbd_cdc.o
 .debug_macro   0x00025265       0x95 ./Middlewares/ST/STM32_USB_Device_Library/Class/CDC/Src/usbd_cdc.o
 .debug_macro   0x000252fa      0x340 ./Middlewares/ST/STM32_USB_Device_Library/Core/Src/usbd_core.o
 .debug_macro   0x0002563a      0x1f5 ./Middlewares/ST/STM32_USB_Device_Library/Core/Src/usbd_core.o
 .debug_macro   0x0002582f      0x34a ./Middlewares/ST/STM32_USB_Device_Library/Core/Src/usbd_ctlreq.o
 .debug_macro   0x00025b79      0x346 ./Middlewares/ST/STM32_USB_Device_Library/Core/Src/usbd_ioreq.o
 .debug_macro   0x00025ebf      0x37f ./USB_Device/App/usb_device.o
 .debug_macro   0x0002623e       0x22 ./USB_Device/App/usb_device.o
 .debug_macro   0x00026260       0x16 ./USB_Device/App/usb_device.o
 .debug_macro   0x00026276      0x364 ./USB_Device/App/usbd_cdc_if.o
 .debug_macro   0x000265da       0x10 ./USB_Device/App/usbd_cdc_if.o
 .debug_macro   0x000265ea      0x37d ./USB_Device/App/usbd_desc.o
 .debug_macro   0x00026967       0x1c ./USB_Device/App/usbd_desc.o
 .debug_macro   0x00026983      0x36c ./USB_Device/Target/usbd_conf.o

.debug_line     0x00000000    0x14675
 .debug_line    0x00000000      0xe33 ./Core/Src/ILI9341_driver.o
 .debug_line    0x00000e33      0x353 ./Core/Src/fonts.o
 .debug_line    0x00001186      0x8f9 ./Core/Src/hmi.o
 .debug_line    0x00001a7f     0x151e ./Core/Src/main.o
 .debug_line    0x00002f9d      0x7e7 ./Core/Src/stm32g4xx_hal_msp.o
 .debug_line    0x00003784      0x93a ./Core/Src/stm32g4xx_it.o
 .debug_line    0x000040be      0x6fa ./Core/Src/system_stm32g4xx.o
 .debug_line    0x000047b8       0x7b ./Core/Startup/startup_stm32g431k8tx.o
 .debug_line    0x00004833      0xac9 ./Drivers/STM32G4xx_HAL_Driver/Src/stm32g4xx_hal.o
 .debug_line    0x000052fc      0xc2b ./Drivers/STM32G4xx_HAL_Driver/Src/stm32g4xx_hal_cortex.o
 .debug_line    0x00005f27     0x1248 ./Drivers/STM32G4xx_HAL_Driver/Src/stm32g4xx_hal_pcd.o
 .debug_line    0x0000716f      0x82f ./Drivers/STM32G4xx_HAL_Driver/Src/stm32g4xx_hal_pcd_ex.o
 .debug_line    0x0000799e      0xc25 ./Drivers/STM32G4xx_HAL_Driver/Src/stm32g4xx_hal_pwr_ex.o
 .debug_line    0x000085c3      0xabe ./Drivers/STM32G4xx_HAL_Driver/Src/stm32g4xx_ll_adc.o
 .debug_line    0x00009081      0xa2a ./Drivers/STM32G4xx_HAL_Driver/Src/stm32g4xx_ll_gpio.o
 .debug_line    0x00009aab     0x1216 ./Drivers/STM32G4xx_HAL_Driver/Src/stm32g4xx_ll_rcc.o
 .debug_line    0x0000acc1      0x933 ./Drivers/STM32G4xx_HAL_Driver/Src/stm32g4xx_ll_spi.o
 .debug_line    0x0000b5f4      0xe1c ./Drivers/STM32G4xx_HAL_Driver/Src/stm32g4xx_ll_tim.o
 .debug_line    0x0000c410      0x902 ./Drivers/STM32G4xx_HAL_Driver/Src/stm32g4xx_ll_usart.o
 .debug_line    0x0000cd12      0xf4b ./Drivers/STM32G4xx_HAL_Driver/Src/stm32g4xx_ll_usb.o
 .debug_line    0x0000dc5d      0xc29 ./Drivers/STM32G4xx_HAL_Driver/Src/stm32g4xx_ll_utils.o
 .debug_line    0x0000e886      0xca9 ./Middlewares/ST/STM32_USB_Device_Library/Class/CDC/Src/usbd_cdc.o
 .debug_line    0x0000f52f      0xd2d ./Middlewares/ST/STM32_USB_Device_Library/Core/Src/usbd_core.o
 .debug_line    0x0001025c      0xfc4 ./Middlewares/ST/STM32_USB_Device_Library/Core/Src/usbd_ctlreq.o
 .debug_line    0x00011220      0x98c ./Middlewares/ST/STM32_USB_Device_Library/Core/Src/usbd_ioreq.o
 .debug_line    0x00011bac      0x958 ./USB_Device/App/usb_device.o
 .debug_line    0x00012504      0x9ab ./USB_Device/App/usbd_cdc_if.o
 .debug_line    0x00012eaf      0xa01 ./USB_Device/App/usbd_desc.o
 .debug_line    0x000138b0      0xdc5 ./USB_Device/Target/usbd_conf.o

.debug_str      0x00000000    0xde169
 .debug_str     0x00000000    0xde169 ./Core/Src/ILI9341_driver.o
                              0xb2f32 (size before relaxing)
 .debug_str     0x000de169     0x3df5 ./Core/Src/fonts.o
 .debug_str     0x000de169    0xce759 ./Core/Src/hmi.o
 .debug_str     0x000de169    0xd3ae4 ./Core/Src/main.o
 .debug_str     0x000de169    0xce544 ./Core/Src/stm32g4xx_hal_msp.o
 .debug_str     0x000de169    0xceac6 ./Core/Src/stm32g4xx_it.o
 .debug_str     0x000de169    0xace9b ./Core/Src/system_stm32g4xx.o
 .debug_str     0x000de169       0x8b ./Core/Startup/startup_stm32g431k8tx.o
 .debug_str     0x000de169    0xad9da ./Drivers/STM32G4xx_HAL_Driver/Src/stm32g4xx_hal.o
 .debug_str     0x000de169    0xad696 ./Drivers/STM32G4xx_HAL_Driver/Src/stm32g4xx_hal_cortex.o
 .debug_str     0x000de169    0xad617 ./Drivers/STM32G4xx_HAL_Driver/Src/stm32g4xx_hal_pcd.o
 .debug_str     0x000de169    0xad253 ./Drivers/STM32G4xx_HAL_Driver/Src/stm32g4xx_hal_pcd_ex.o
 .debug_str     0x000de169    0xad389 ./Drivers/STM32G4xx_HAL_Driver/Src/stm32g4xx_hal_pwr_ex.o
 .debug_str     0x000de169    0xbc38f ./Drivers/STM32G4xx_HAL_Driver/Src/stm32g4xx_ll_adc.o
 .debug_str     0x000de169    0xae721 ./Drivers/STM32G4xx_HAL_Driver/Src/stm32g4xx_ll_gpio.o
 .debug_str     0x000de169    0xb0d99 ./Drivers/STM32G4xx_HAL_Driver/Src/stm32g4xx_ll_rcc.o
 .debug_str     0x000de169    0xb2fa8 ./Drivers/STM32G4xx_HAL_Driver/Src/stm32g4xx_ll_spi.o
 .debug_str     0x000de169    0xb5eaa ./Drivers/STM32G4xx_HAL_Driver/Src/stm32g4xx_ll_tim.o
 .debug_str     0x000de169    0xb3231 ./Drivers/STM32G4xx_HAL_Driver/Src/stm32g4xx_ll_usart.o
 .debug_str     0x000de169    0xad154 ./Drivers/STM32G4xx_HAL_Driver/Src/stm32g4xx_ll_usb.o
 .debug_str     0x000de169    0xb375e ./Drivers/STM32G4xx_HAL_Driver/Src/stm32g4xx_ll_utils.o
 .debug_str     0x000de169    0xb1cfc ./Middlewares/ST/STM32_USB_Device_Library/Class/CDC/Src/usbd_cdc.o
 .debug_str     0x000de169    0xb15d8 ./Middlewares/ST/STM32_USB_Device_Library/Core/Src/usbd_core.o
 .debug_str     0x000de169    0xb152a ./Middlewares/ST/STM32_USB_Device_Library/Core/Src/usbd_ctlreq.o
 .debug_str     0x000de169    0xb141f ./Middlewares/ST/STM32_USB_Device_Library/Core/Src/usbd_ioreq.o
 .debug_str     0x000de169    0xb17d3 ./USB_Device/App/usb_device.o
 .debug_str     0x000de169    0xb1812 ./USB_Device/App/usbd_cdc_if.o
 .debug_str     0x000de169    0xb1329 ./USB_Device/App/usbd_desc.o
 .debug_str     0x000de169    0xb59e9 ./USB_Device/Target/usbd_conf.o

.comment        0x00000000       0x43
 .comment       0x00000000       0x43 ./Core/Src/ILI9341_driver.o
                                 0x44 (size before relaxing)
 .comment       0x00000043       0x44 ./Core/Src/fonts.o
 .comment       0x00000043       0x44 ./Core/Src/hmi.o
 .comment       0x00000043       0x44 ./Core/Src/main.o
 .comment       0x00000043       0x44 ./Core/Src/stm32g4xx_hal_msp.o
 .comment       0x00000043       0x44 ./Core/Src/stm32g4xx_it.o
 .comment       0x00000043       0x44 ./Core/Src/system_stm32g4xx.o
 .comment       0x00000043       0x44 ./Drivers/STM32G4xx_HAL_Driver/Src/stm32g4xx_hal.o
 .comment       0x00000043       0x44 ./Drivers/STM32G4xx_HAL_Driver/Src/stm32g4xx_hal_cortex.o
 .comment       0x00000043       0x44 ./Drivers/STM32G4xx_HAL_Driver/Src/stm32g4xx_hal_pcd.o
 .comment       0x00000043       0x44 ./Drivers/STM32G4xx_HAL_Driver/Src/stm32g4xx_hal_pcd_ex.o
 .comment       0x00000043       0x44 ./Drivers/STM32G4xx_HAL_Driver/Src/stm32g4xx_hal_pwr_ex.o
 .comment       0x00000043       0x44 ./Drivers/STM32G4xx_HAL_Driver/Src/stm32g4xx_ll_adc.o
 .comment       0x00000043       0x44 ./Drivers/STM32G4xx_HAL_Driver/Src/stm32g4xx_ll_gpio.o
 .comment       0x00000043       0x44 ./Drivers/STM32G4xx_HAL_Driver/Src/stm32g4xx_ll_rcc.o
 .comment       0x00000043       0x44 ./Drivers/STM32G4xx_HAL_Driver/Src/stm32g4xx_ll_spi.o
 .comment       0x00000043       0x44 ./Drivers/STM32G4xx_HAL_Driver/Src/stm32g4xx_ll_tim.o
 .comment       0x00000043       0x44 ./Drivers/STM32G4xx_HAL_Driver/Src/stm32g4xx_ll_usart.o
 .comment       0x00000043       0x44 ./Drivers/STM32G4xx_HAL_Driver/Src/stm32g4xx_ll_usb.o
 .comment       0x00000043       0x44 ./Drivers/STM32G4xx_HAL_Driver/Src/stm32g4xx_ll_utils.o
 .comment       0x00000043       0x44 ./Middlewares/ST/STM32_USB_Device_Library/Class/CDC/Src/usbd_cdc.o
 .comment       0x00000043       0x44 ./Middlewares/ST/STM32_USB_Device_Library/Core/Src/usbd_core.o
 .comment       0x00000043       0x44 ./Middlewares/ST/STM32_USB_Device_Library/Core/Src/usbd_ctlreq.o
 .comment       0x00000043       0x44 ./Middlewares/ST/STM32_USB_Device_Library/Core/Src/usbd_ioreq.o
 .comment       0x00000043       0x44 ./USB_Device/App/usb_device.o
 .comment       0x00000043       0x44 ./USB_Device/App/usbd_cdc_if.o
 .comment       0x00000043       0x44 ./USB_Device/App/usbd_desc.o
 .comment       0x00000043       0x44 ./USB_Device/Target/usbd_conf.o

.debug_frame    0x00000000     0x507c