Archive member included to satisfy reference by file (symbol)

/opt/st/stm32cubeide_2.2.0/plugins/com.st.stm32cube.ide.mcu.externaltools.gnu-tools-for-stm32.14.3.rel1.linux64_1.0.100.202602081740/tools/bin/../lib/gcc/arm-none-eabi/14.3.1/../../../../arm-none-eabi/lib/thumb/v7e-m+fp/hard/libc_nano.a(libc_a-exit.o)
                              /opt/st/stm32cubeide_2.2.0/plugins/com.st.stm32cube.ide.mcu.externaltools.gnu-tools-for-stm32.14.3.rel1.linux64_1.0.100.202602081740/tools/bin/../lib/gcc/arm-none-eabi/14.3.1/../../../../arm-none-eabi/lib/thumb/v7e-m+fp/hard/crt0.o (exit)
/opt/st/stm32cubeide_2.2.0/plugins/com.st.stm32cube.ide.mcu.externaltools.gnu-tools-for-stm32.14.3.rel1.linux64_1.0.100.202602081740/tools/bin/../lib/gcc/arm-none-eabi/14.3.1/../../../../arm-none-eabi/lib/thumb/v7e-m+fp/hard/libc_nano.a(libc_a-findfp.o)
                              /opt/st/stm32cubeide_2.2.0/plugins/com.st.stm32cube.ide.mcu.externaltools.gnu-tools-for-stm32.14.3.rel1.linux64_1.0.100.202602081740/tools/bin/../lib/gcc/arm-none-eabi/14.3.1/../../../../arm-none-eabi/lib/thumb/v7e-m+fp/hard/libc_nano.a(libc_a-exit.o) (__stdio_exit_handler)
/opt/st/stm32cubeide_2.2.0/plugins/com.st.stm32cube.ide.mcu.externaltools.gnu-tools-for-stm32.14.3.rel1.linux64_1.0.100.202602081740/tools/bin/../lib/gcc/arm-none-eabi/14.3.1/../../../../arm-none-eabi/lib/thumb/v7e-m+fp/hard/libc_nano.a(libc_a-fwalk.o)
                              /opt/st/stm32cubeide_2.2.0/plugins/com.st.stm32cube.ide.mcu.externaltools.gnu-tools-for-stm32.14.3.rel1.linux64_1.0.100.202602081740/tools/bin/../lib/gcc/arm-none-eabi/14.3.1/../../../../arm-none-eabi/lib/thumb/v7e-m+fp/hard/libc_nano.a(libc_a-findfp.o) (_fwalk_sglue)
/opt/st/stm32cubeide_2.2.0/plugins/com.st.stm32cube.ide.mcu.externaltools.gnu-tools-for-stm32.14.3.rel1.linux64_1.0.100.202602081740/tools/bin/../lib/gcc/arm-none-eabi/14.3.1/../../../../arm-none-eabi/lib/thumb/v7e-m+fp/hard/libc_nano.a(libc_a-stdio.o)
                              /opt/st/stm32cubeide_2.2.0/plugins/com.st.stm32cube.ide.mcu.externaltools.gnu-tools-for-stm32.14.3.rel1.linux64_1.0.100.202602081740/tools/bin/../lib/gcc/arm-none-eabi/14.3.1/../../../../arm-none-eabi/lib/thumb/v7e-m+fp/hard/libc_nano.a(libc_a-findfp.o) (__sread)
/opt/st/stm32cubeide_2.2.0/plugins/com.st.stm32cube.ide.mcu.externaltools.gnu-tools-for-stm32.14.3.rel1.linux64_1.0.100.202602081740/tools/bin/../lib/gcc/arm-none-eabi/14.3.1/../../../../arm-none-eabi/lib/thumb/v7e-m+fp/hard/libc_nano.a(libc_a-memset.o)
                              /opt/st/stm32cubeide_2.2.0/plugins/com.st.stm32cube.ide.mcu.externaltools.gnu-tools-for-stm32.14.3.rel1.linux64_1.0.100.202602081740/tools/bin/../lib/gcc/arm-none-eabi/14.3.1/../../../../arm-none-eabi/lib/thumb/v7e-m+fp/hard/crt0.o (memset)
/opt/st/stm32cubeide_2.2.0/plugins/com.st.stm32cube.ide.mcu.externaltools.gnu-tools-for-stm32.14.3.rel1.linux64_1.0.100.202602081740/tools/bin/../lib/gcc/arm-none-eabi/14.3.1/../../../../arm-none-eabi/lib/thumb/v7e-m+fp/hard/libc_nano.a(libc_a-closer.o)
                              /opt/st/stm32cubeide_2.2.0/plugins/com.st.stm32cube.ide.mcu.externaltools.gnu-tools-for-stm32.14.3.rel1.linux64_1.0.100.202602081740/tools/bin/../lib/gcc/arm-none-eabi/14.3.1/../../../../arm-none-eabi/lib/thumb/v7e-m+fp/hard/libc_nano.a(libc_a-stdio.o) (_close_r)
/opt/st/stm32cubeide_2.2.0/plugins/com.st.stm32cube.ide.mcu.externaltools.gnu-tools-for-stm32.14.3.rel1.linux64_1.0.100.202602081740/tools/bin/../lib/gcc/arm-none-eabi/14.3.1/../../../../arm-none-eabi/lib/thumb/v7e-m+fp/hard/libc_nano.a(libc_a-reent.o)
                              /opt/st/stm32cubeide_2.2.0/plugins/com.st.stm32cube.ide.mcu.externaltools.gnu-tools-for-stm32.14.3.rel1.linux64_1.0.100.202602081740/tools/bin/../lib/gcc/arm-none-eabi/14.3.1/../../../../arm-none-eabi/lib/thumb/v7e-m+fp/hard/libc_nano.a(libc_a-closer.o) (errno)
/opt/st/stm32cubeide_2.2.0/plugins/com.st.stm32cube.ide.mcu.externaltools.gnu-tools-for-stm32.14.3.rel1.linux64_1.0.100.202602081740/tools/bin/../lib/gcc/arm-none-eabi/14.3.1/../../../../arm-none-eabi/lib/thumb/v7e-m+fp/hard/libc_nano.a(libc_a-impure.o)
                              /opt/st/stm32cubeide_2.2.0/plugins/com.st.stm32cube.ide.mcu.externaltools.gnu-tools-for-stm32.14.3.rel1.linux64_1.0.100.202602081740/tools/bin/../lib/gcc/arm-none-eabi/14.3.1/../../../../arm-none-eabi/lib/thumb/v7e-m+fp/hard/libc_nano.a(libc_a-reent.o) (_impure_ptr)
/opt/st/stm32cubeide_2.2.0/plugins/com.st.stm32cube.ide.mcu.externaltools.gnu-tools-for-stm32.14.3.rel1.linux64_1.0.100.202602081740/tools/bin/../lib/gcc/arm-none-eabi/14.3.1/../../../../arm-none-eabi/lib/thumb/v7e-m+fp/hard/libc_nano.a(libc_a-lseekr.o)
                              /opt/st/stm32cubeide_2.2.0/plugins/com.st.stm32cube.ide.mcu.externaltools.gnu-tools-for-stm32.14.3.rel1.linux64_1.0.100.202602081740/tools/bin/../lib/gcc/arm-none-eabi/14.3.1/../../../../arm-none-eabi/lib/thumb/v7e-m+fp/hard/libc_nano.a(libc_a-stdio.o) (_lseek_r)
[...]
Memory Configuration

Name             Origin             Length             Attributes
RAM              0x20000000         0x00008000         xrw
FLASH            0x08000000         0x00010000         xr
*default*        0x00000000         0xffffffff

Linker script and memory map

LOAD /opt/st/stm32cubeide_2.2.0/plugins/com.st.stm32cube.ide.mcu.externaltools.gnu-tools-for-stm32.14.3.rel1.linux64_1.0.100.202602081740/tools/bin/../lib/gcc/arm-none-eabi/14.3.1/thumb/v7e-m+fp/hard/crti.o
LOAD /opt/st/stm32cubeide_2.2.0/plugins/com.st.stm32cube.ide.mcu.externaltools.gnu-tools-for-stm32.14.3.rel1.linux64_1.0.100.202602081740/tools/bin/../lib/gcc/arm-none-eabi/14.3.1/thumb/v7e-m+fp/hard/crtbegin.o
LOAD /opt/st/stm32cubeide_2.2.0/plugins/com.st.stm32cube.ide.mcu.externaltools.gnu-tools-for-stm32.14.3.rel1.linux64_1.0.100.202602081740/tools/bin/../lib/gcc/arm-none-eabi/14.3.1/../../../../arm-none-eabi/lib/thumb/v7e-m+fp/hard/crt0.o
LOAD ./Core/Src/ILI9341_driver.o
LOAD ./Core/Src/fonts.o
LOAD ./Core/Src/hmi.o
LOAD ./Core/Src/main.o
LOAD ./Core/Src/stm32g4xx_hal_msp.o
LOAD ./Core/Src/stm32g4xx_it.o
LOAD ./Core/Src/syscalls.o
LOAD ./Core/Src/sysmem.o
LOAD ./Core/Src/system_stm32g4xx.o
LOAD ./Core/Src/touch.o
LOAD ./Core/Startup/startup_stm32g431k8tx.o
LOAD ./Drivers/STM32G4xx_HAL_Driver/Src/stm32g4xx_hal.o
LOAD ./Drivers/STM32G4xx_HAL_Driver/Src/stm32g4xx_hal_cortex.o
LOAD ./Drivers/STM32G4xx_HAL_Driver/Src/stm32g4xx_hal_dma.o
LOAD ./Drivers/STM32G4xx_HAL_Driver/Src/stm32g4xx_hal_dma_ex.o
LOAD ./Drivers/STM32G4xx_HAL_Driver/Src/stm32g4xx_hal_exti.o
LOAD ./Drivers/STM32G4xx_HAL_Driver/Src/stm32g4xx_hal_flash.o
LOAD ./Drivers/STM32G4xx_HAL_Driver/Src/stm32g4xx_hal_flash_ex.o
LOAD ./Drivers/STM32G4xx_HAL_Driver/Src/stm32g4xx_hal_flash_ramfunc.o
LOAD ./Drivers/STM32G4xx_HAL_Driver/Src/stm32g4xx_hal_gpio.o
LOAD ./Drivers/STM32G4xx_HAL_Driver/Src/stm32g4xx_hal_pcd.o
LOAD ./Drivers/STM32G4xx_HAL_Driver/Src/stm32g4xx_hal_pcd_ex.o
LOAD ./Drivers/STM32G4xx_HAL_Driver/Src/stm32g4xx_hal_pwr.o
LOAD ./Drivers/STM32G4xx_HAL_Driver/Src/stm32g4xx_hal_pwr_ex.o
LOAD ./Drivers/STM32G4xx_HAL_Driver/Src/stm32g4xx_hal_rcc.o
LOAD ./Drivers/STM32G4xx_HAL_Driver/Src/stm32g4xx_hal_rcc_ex.o
LOAD ./Drivers/STM32G4xx_HAL_Driver/Src/stm32g4xx_ll_adc.o
LOAD ./Drivers/STM32G4xx_HAL_Driver/Src/stm32g4xx_ll_dma.o
LOAD ./Drivers/STM32G4xx_HAL_Driver/Src/stm32g4xx_ll_exti.o
LOAD ./Drivers/STM32G4xx_HAL_Driver/Src/stm32g4xx_ll_gpio.o
LOAD ./Drivers/STM32G4xx_HAL_Driver/Src/stm32g4xx_ll_rcc.o
LOAD ./Drivers/STM32G4xx_HAL_Driver/Src/stm32g4xx_ll_spi.o
LOAD ./Drivers/STM32G4xx_HAL_Driver/Src/stm32g4xx_ll_tim.o
LOAD ./Drivers/STM32G4xx_HAL_Driver/Src/stm32g4xx_ll_usart.o
LOAD ./Drivers/STM32G4xx_HAL_Driver/Src/stm32g4xx_ll_usb.o
LOAD ./Drivers/STM32G4xx_HAL_Driver/Src/stm32g4xx_ll_utils.o
LOAD ./Middlewares/ST/STM32_USB_Device_Library/Class/CDC/Src/usbd_cdc.o
LOAD ./Middlewares/ST/STM32_USB_Device_Library/Core/Src/usbd_core.o
LOAD ./Middlewares/ST/STM32_USB_Device_Library/Core/Src/usbd_ctlreq.o
LOAD ./Middlewares/ST/STM32_USB_Device_Library/Core/Src/usbd_ioreq.o
LOAD ./USB_Device/App/usb_device.o
LOAD ./USB_Device/App/usbd_cdc_if.o
LOAD ./USB_Device/App/usbd_desc.o
LOAD ./USB_Device/Target/usbd_conf.o
START GROUP
LOAD /opt/st/stm32cubeide_2.2.0/plugins/com.st.stm32cube.ide.mcu.externaltools.gnu-tools-for-stm32.14.3.rel1.linux64_1.0.100.202602081740/tools/bin/../lib/gcc/arm-none-eabi/14.3.1/../../../../arm-none-eabi/lib/thumb/v7e-m+fp/hard/libc_nano.a
LOAD /opt/st/stm32cubeide_2.2.0/plugins/com.st.stm32cube.ide.mcu.externaltools.gnu-tools-for-stm32.14.3.rel1.linux64_1.0.100.202602081740/tools/bin/../lib/gcc/arm-none-eabi/14.3.1/../../../../arm-none-eabi/lib/thumb/v7e-m+fp/hard/libm.a
END GROUP
START GROUP
LOAD /opt/st/stm32cubeide_2.2.0/plugins/com.st.stm32cube.ide.mcu.externaltools.gnu-tools-for-stm32.14.3.rel1.linux64_1.0.100.202602081740/tools/bin/../lib/gcc/arm-none-eabi/14.3.1/thumb/v7e-m+fp/hard/libgcc.a
LOAD /opt/st/stm32cubeide_2.2.0/plugins/com.st.stm32cube.ide.mcu.externaltools.gnu-tools-for-stm32.14.3.rel1.linux64_1.0.100.202602081740/tools/bin/../lib/gcc/arm-none-eabi/14.3.1/../../../../arm-none-eabi/lib/thumb/v7e-m+fp/hard/libc_nano.a
END GROUP
START GROUP
LOAD /opt/st/stm32cubeide_2.2.0/plugins/com.st.stm32cube.ide.mcu.externaltools.gnu-tools-for-stm32.14.3.rel1.linux64_1.0.100.202602081740/tools/bin/../lib/gcc/arm-none-eabi/14.3.1/thumb/v7e-m+fp/hard/libgcc.a
LOAD /opt/st/stm32cubeide_2.2.0/plugins/com.st.stm32cube.ide.mcu.externaltools.gnu-tools-for-stm32.14.3.rel1.linux64_1.0.100.202602081740/tools/bin/../lib/gcc/arm-none-eabi/14.3.1/../../../../arm-none-eabi/lib/thumb/v7e-m+fp/hard/libc_nano.a
LOAD /opt/st/stm32cubeide_2.2.0/plugins/com.st.stm32cube.ide.mcu.externaltools.gnu-tools-for-stm32.14.3.rel1.linux64_1.0.100.202602081740/tools/bin/../lib/gcc/arm-none-eabi/14.3.1/../../../../arm-none-eabi/lib/thumb/v7e-m+fp/hard/libnosys.a
END GROUP
START GROUP
LOAD /opt/st/stm32cubeide_2.2.0/plugins/com.st.stm32cube.ide.mcu.externaltools.gnu-tools-for-stm32.14.3.rel1.linux64_1.0.100.202602081740/tools/bin/../lib/gcc/arm-none-eabi/14.3.1/thumb/v7e-m+fp/hard/libgcc.a
LOAD /opt/st/stm32cubeide_2.2.0/plugins/com.st.stm32cube.ide.mcu.externaltools.gnu-tools-for-stm32.14.3.rel1.linux64_1.0.100.202602081740/tools/bin/../lib/gcc/arm-none-eabi/14.3.1/../../../../arm-none-eabi/lib/thumb/v7e-m+fp/hard/libc_nano.a
LOAD /opt/st/stm32cubeide_2.2.0/plugins/com.st.stm32cube.ide.mcu.externaltools.gnu-tools-for-stm32.14.3.rel1.linux64_1.0.100.202602081740/tools/bin/../lib/gcc/arm-none-eabi/14.3.1/../../../../arm-none-eabi/lib/thumb/v7e-m+fp/hard/libnosys.a
END GROUP
LOAD /opt/st/stm32cubeide_2.2.0/plugins/com.st.stm32cube.ide.mcu.externaltools.gnu-tools-for-stm32.14.3.rel1.linux64_1.0.100.202602081740/tools/bin/../lib/gcc/arm-none-eabi/14.3.1/thumb/v7e-m+fp/hard/crtend.o
LOAD /opt/st/stm32cubeide_2.2.0/plugins/com.st.stm32cube.ide.mcu.externaltools.gnu-tools-for-stm32.14.3.rel1.linux64_1.0.100.202602081740/tools/bin/../lib/gcc/arm-none-eabi/14.3.1/thumb/v7e-m+fp/hard/crtn.o
                0x20008000                        _estack = (ORIGIN (RAM) + LENGTH (RAM))
                0x00000200                        _Min_Heap_Size = 0x200
                0x00000400                        _Min_Stack_Size = 0x400

.isr_vector     0x08000000      0x1d8
                0x08000000                        . = ALIGN (0x4)
 *(.isr_vector)
 .isr_vector    0x08000000      0x1d8 ./Core/Startup/startup_stm32g431k8tx.o
                0x08000000                g_pfnVectors
                0x080001d8                        . = ALIGN (0x4)

.text           0x080001d8     0x8e8c
                0x080001d8                        . = ALIGN (0x4)
 *(.text)
 .text          0x080001d8       0x40 /opt/st/stm32cubeide_2.2.0/plugins/com.st.stm32cube.ide.mcu.externaltools.gnu-tools-for-stm32.14.3.rel1.linux64_1.0.100.202602081740/tools/bin/../lib/gcc/arm-none-eabi/14.3.1/thumb/v7e-m+fp/hard/crtbegin.o
 *(.text*)
 .text.LL_GPIO_SetOutputPin
                0x08000218       0x1c ./Core/Src/ILI9341_driver.o
 .text.LL_GPIO_ResetOutputPin
                0x08000234       0x1c ./Core/Src/ILI9341_driver.o
 .text.LL_SPI_Enable
                0x08000250       0x20 ./Core/Src/ILI9341_driver.o
 .text.LL_SPI_IsActiveFlag_TXE
                0x08000270       0x26 ./Core/Src/ILI9341_driver.o
 .text.LL_SPI_IsActiveFlag_BSY
                0x08000296       0x26 ./Core/Src/ILI9341_driver.o
 .text.LL_SPI_DisableDMAReq_TX
                0x080002bc       0x20 ./Core/Src/ILI9341_driver.o
 .text.LL_SPI_TransmitData8
                0x080002dc       0x24 ./Core/Src/ILI9341_driver.o
 .text.LL_DMA_DisableChannel
                0x08000300       0x44 ./Core/Src/ILI9341_driver.o
 .text.LL_DMA_IsActiveFlag_TC2
                0x08000344       0x26 ./Core/Src/ILI9341_driver.o
 .text.LL_DMA_ClearFlag_TC2
                0x0800036a       0x1a ./Core/Src/ILI9341_driver.o
 .text.ILI9341_SPI_Send
                0x08000384       0x30 ./Core/Src/ILI9341_driver.o
                0x08000384                ILI9341_SPI_Send
 .text.ILI9341_SetAddress
                0x080003b4       0xd8 ./Core/Src/ILI9341_driver.o
                0x080003b4                ILI9341_SetAddress
 .text.ILI9341_FillScreen
                0x0800048c       0x6c ./Core/Src/ILI9341_driver.o
                0x0800048c                ILI9341_FillScreen
 .text.ILI9341_FillRect
                0x080004f8       0xe4 ./Core/Src/ILI9341_driver.o
                0x080004f8                ILI9341_FillRect
 .text.ILI9341_DrawRect
                0x080005dc      0x120 ./Core/Src/ILI9341_driver.o
                0x080005dc                ILI9341_DrawRect
 .text.ILI9341_Init
                0x080006fc       0xd8 ./Core/Src/ILI9341_driver.o
                0x080006fc                ILI9341_Init
 .text.uDMA1_Channel2_IRQHandler
                0x080007d4       0x3c ./Core/Src/ILI9341_driver.o
                0x080007d4                uDMA1_Channel2_IRQHandler
 .text.ILI9341_DrawStringNoDMA
                0x08000810      0x1e8 ./Core/Src/ILI9341_driver.o
                0x08000810                ILI9341_DrawStringNoDMA
 .text.ILI9341_DrawStringScale
                0x080009f8      0x184 ./Core/Src/ILI9341_driver.o
                0x080009f8                ILI9341_DrawStringScale
 .text.ILI9341_DrawUpArrow
                0x08000b7c       0xf8 ./Core/Src/ILI9341_driver.o
                0x08000b7c                ILI9341_DrawUpArrow
 .text.ILI9341_DrawDownArrow
                0x08000c74       0x64 ./Core/Src/ILI9341_driver.o
                0x08000c74                ILI9341_DrawDownArrow
 .text.draw_menu_icon
                0x08000cd8       0x58 ./Core/Src/hmi.o
 .text.draw_memory_button
                0x08000d30       0x44 ./Core/Src/hmi.o
 .text.draw_lift_button
                0x08000d74       0x48 ./Core/Src/hmi.o
 .text.draw_lower_button
                0x08000dbc       0x48 ./Core/Src/hmi.o
 .text.draw_screen
                0x08000e04       0x5c ./Core/Src/hmi.o
 .text.hmi_main
                0x08000e60       0x16 ./Core/Src/hmi.o
                0x08000e60                hmi_main
 *fill*         0x08000e76        0x2 
 .text.__NVIC_GetPriorityGrouping
                0x08000e78       0x1c ./Core/Src/main.o
 .text.__NVIC_EnableIRQ
                0x08000e94       0x3c ./Core/Src/main.o
 .text.__NVIC_SetPriority
                0x08000ed0       0x54 ./Core/Src/main.o
 .text.NVIC_EncodePriority
                0x08000f24       0x66 ./Core/Src/main.o
 .text.LL_ADC_SetGainCompensation
                0x08000f8a       0x4a ./Core/Src/main.o
 .text.LL_ADC_REG_SetSequencerRanks
                0x08000fd4       0x58 ./Core/Src/main.o
 .text.LL_ADC_SetChannelSamplingTime
                0x0800102c       0x56 ./Core/Src/main.o
 *fill*         0x08001082        0x2 
 .text.LL_ADC_SetChannelSingleDiff
                0x08001084       0x48 ./Core/Src/main.o
 .text.LL_ADC_SetOverSamplingScope
                0x080010cc       0x2a ./Core/Src/main.o
 .text.LL_ADC_DisableDeepPowerDown
                0x080010f6       0x24 ./Core/Src/main.o
 .text.LL_ADC_EnableInternalRegulator
                0x0800111a       0x28 ./Core/Src/main.o
 *fill*         0x08001142        0x2 
 .text.LL_DMA_SetDataTransferDirection
                0x08001144       0x50 ./Core/Src/main.o
 .text.LL_DMA_SetMode
                0x08001194       0x4c ./Core/Src/main.o
 .text.LL_DMA_SetPeriphIncMode
                0x080011e0       0x4c ./Core/Src/main.o
 .text.LL_DMA_SetMemoryIncMode
                0x0800122c       0x4c ./Core/Src/main.o
 .text.LL_DMA_SetPeriphSize
                0x08001278       0x4c ./Core/Src/main.o
 .text.LL_DMA_SetMemorySize
                0x080012c4       0x4c ./Core/Src/main.o
 .text.LL_DMA_SetChannelPriorityLevel
                0x08001310       0x4c ./Core/Src/main.o
 .text.LL_DMA_SetPeriphRequest
                0x0800135c       0x54 ./Core/Src/main.o
 .text.LL_RCC_HSE_Enable
                0x080013b0       0x20 ./Core/Src/main.o
 .text.LL_RCC_HSE_IsReady
                0x080013d0       0x28 ./Core/Src/main.o
 .text.LL_RCC_HSI48_Enable
                0x080013f8       0x24 ./Core/Src/main.o
 .text.LL_RCC_HSI48_IsReady
                0x0800141c       0x28 ./Core/Src/main.o
 .text.LL_RCC_SetSysClkSource
                0x08001444       0x28 ./Core/Src/main.o
 .text.LL_RCC_GetSysClkSource
                0x0800146c       0x1c ./Core/Src/main.o
 .text.LL_RCC_SetAHBPrescaler
                0x08001488       0x28 ./Core/Src/main.o
 .text.LL_RCC_SetAPB1Prescaler
                0x080014b0       0x28 ./Core/Src/main.o
 .text.LL_RCC_SetAPB2Prescaler
                0x080014d8       0x28 ./Core/Src/main.o
 .text.LL_RCC_SetUSARTClockSource
                0x08001500       0x34 ./Core/Src/main.o
 .text.LL_RCC_SetADCClockSource
                0x08001534       0x48 ./Core/Src/main.o
 .text.LL_RCC_PLL_Enable
                0x0800157c       0x20 ./Core/Src/main.o
 .text.LL_RCC_PLL_IsReady
                0x0800159c       0x28 ./Core/Src/main.o
 .text.LL_RCC_PLL_ConfigDomain_SYS
                0x080015c4       0x40 ./Core/Src/main.o
 .text.LL_RCC_PLL_ConfigDomain_ADC
                0x08001604       0x40 ./Core/Src/main.o
 .text.LL_RCC_PLL_EnableDomain_ADC
                0x08001644       0x20 ./Core/Src/main.o
 .text.LL_RCC_PLL_EnableDomain_SYS
                0x08001664       0x20 ./Core/Src/main.o
 .text.LL_AHB1_GRP1_EnableClock
                0x08001684       0x30 ./Core/Src/main.o
 .text.LL_AHB2_GRP1_EnableClock
                0x080016b4       0x30 ./Core/Src/main.o
 .text.LL_APB1_GRP1_EnableClock
                0x080016e4       0x30 ./Core/Src/main.o
 .text.LL_APB2_GRP1_EnableClock
                0x08001714       0x30 ./Core/Src/main.o
 .text.LL_FLASH_SetLatency
                0x08001744       0x28 ./Core/Src/main.o
 .text.LL_FLASH_GetLatency
                0x0800176c       0x1c ./Core/Src/main.o
 .text.LL_PWR_SetRegulVoltageScaling
                0x08001788       0x28 ./Core/Src/main.o
 .text.LL_SPI_SetStandard
                0x080017b0       0x26 ./Core/Src/main.o
 .text.LL_SPI_EnableNSSPulseMgt
                0x080017d6       0x20 ./Core/Src/main.o
 .text.LL_TIM_DisableARRPreload
                0x080017f6       0x20 ./Core/Src/main.o
 .text.LL_TIM_SetClockSource
                0x08001816       0x2a ./Core/Src/main.o
 .text.LL_TIM_SetTriggerOutput
                0x08001840       0x2a ./Core/Src/main.o
 .text.LL_TIM_DisableMasterSlaveMode
                0x0800186a       0x20 ./Core/Src/main.o
 .text.LL_USART_Enable
                0x0800188a       0x20 ./Core/Src/main.o
 .text.LL_USART_DisableFIFO
                0x080018aa       0x20 ./Core/Src/main.o
 .text.LL_USART_SetTXFIFOThreshold
                0x080018ca       0x4e ./Core/Src/main.o
 .text.LL_USART_SetRXFIFOThreshold
                0x08001918       0x4e ./Core/Src/main.o
 .text.LL_USART_ConfigAsyncMode
                0x08001966       0x2c ./Core/Src/main.o
 .text.LL_USART_IsActiveFlag_TEACK
                0x08001992       0x28 ./Core/Src/main.o
 .text.LL_USART_IsActiveFlag_REACK
                0x080019ba       0x28 ./Core/Src/main.o
 .text.LL_GPIO_ResetOutputPin
                0x080019e2       0x1c ./Core/Src/main.o
 .text.main     0x080019fe       0x2e ./Core/Src/main.o
                0x080019fe                main
 .text.SystemClock_Config
                0x08001a2c       0xd0 ./Core/Src/main.o
                0x08001a2c                SystemClock_Config
 .text.MX_ADC1_Init
                0x08001afc      0x238 ./Core/Src/main.o
 .text.MX_SPI1_Init
                0x08001d34      0x148 ./Core/Src/main.o
 .text.MX_TIM2_Init
                0x08001e7c       0x82 ./Core/Src/main.o
 *fill*         0x08001efe        0x2 
 .text.MX_USART1_UART_Init
                0x08001f00      0x1a0 ./Core/Src/main.o
 .text.MX_DMA_Init
                0x080020a0       0x94 ./Core/Src/main.o
 .text.MX_GPIO_Init
                0x08002134      0x168 ./Core/Src/main.o
 .text.Error_Handler
                0x0800229c        0xc ./Core/Src/main.o
                0x0800229c                Error_Handler
 .text.HAL_MspInit
                0x080022a8       0x48 ./Core/Src/stm32g4xx_hal_msp.o
                0x080022a8                HAL_MspInit
 .text.NMI_Handler
                0x080022f0        0x8 ./Core/Src/stm32g4xx_it.o
                0x080022f0                NMI_Handler
 .text.HardFault_Handler
                0x080022f8        0x8 ./Core/Src/stm32g4xx_it.o
                0x080022f8                HardFault_Handler
 .text.MemManage_Handler
                0x08002300        0x8 ./Core/Src/stm32g4xx_it.o
                0x08002300                MemManage_Handler
 .text.BusFault_Handler
                0x08002308        0x8 ./Core/Src/stm32g4xx_it.o
                0x08002308                BusFault_Handler
 .text.UsageFault_Handler
                0x08002310        0x8 ./Core/Src/stm32g4xx_it.o
                0x08002310                UsageFault_Handler
 .text.SVC_Handler
                0x08002318        0xe ./Core/Src/stm32g4xx_it.o
                0x08002318                SVC_Handler
 .text.DebugMon_Handler
                0x08002326        0xe ./Core/Src/stm32g4xx_it.o
                0x08002326                DebugMon_Handler
 .text.PendSV_Handler
                0x08002334        0xe ./Core/Src/stm32g4xx_it.o
                0x08002334                PendSV_Handler
 .text.SysTick_Handler
                0x08002342        0xc ./Core/Src/stm32g4xx_it.o
                0x08002342                SysTick_Handler
 .text.DMA1_Channel1_IRQHandler
                0x0800234e        0xe ./Core/Src/stm32g4xx_it.o
                0x0800234e                DMA1_Channel1_IRQHandler
 .text.DMA1_Channel2_IRQHandler
                0x0800235c        0xc ./Core/Src/stm32g4xx_it.o
                0x0800235c                DMA1_Channel2_IRQHandler
 .text.DMA1_Channel3_IRQHandler
                0x08002368        0xe ./Core/Src/stm32g4xx_it.o
                0x08002368                DMA1_Channel3_IRQHandler
 .text.DMA1_Channel4_IRQHandler
                0x08002376        0xe ./Core/Src/stm32g4xx_it.o
                0x08002376                DMA1_Channel4_IRQHandler
 .text.USB_LP_IRQHandler
                0x08002384       0x14 ./Core/Src/stm32g4xx_it.o
                0x08002384                USB_LP_IRQHandler
 .text.TIM2_IRQHandler
                0x08002398        0xe ./Core/Src/stm32g4xx_it.o
                0x08002398                TIM2_IRQHandler
 *fill*         0x080023a6        0x2 
 .text.SystemInit
                0x080023a8       0x24 ./Core/Src/system_stm32g4xx.o
                0x080023a8                SystemInit
 .text.Reset_Handler
                0x080023cc       0x50 ./Core/Startup/startup_stm32g431k8tx.o
                0x080023cc                Reset_Handler
 .text.Default_Handler
                0x0800241c        0x2 ./Core/Startup/startup_stm32g431k8tx.o
                0x0800241c                RTC_Alarm_IRQHandler
                0x0800241c                EXTI2_IRQHandler
                0x0800241c                TIM8_TRG_COM_IRQHandler
                0x0800241c                TIM8_CC_IRQHandler
                0x0800241c                TIM1_CC_IRQHandler
                0x0800241c                USB_HP_IRQHandler
                0x0800241c                CORDIC_IRQHandler
                0x0800241c                EXTI3_IRQHandler
                0x0800241c                I2C3_ER_IRQHandler
                0x0800241c                EXTI0_IRQHandler
                0x0800241c                I2C2_EV_IRQHandler
                0x0800241c                FPU_IRQHandler
                0x0800241c                FDCAN1_IT1_IRQHandler
                0x0800241c                TIM1_UP_TIM16_IRQHandler
                0x0800241c                ADC1_2_IRQHandler
                0x0800241c                SPI1_IRQHandler
                0x0800241c                TIM6_DAC_IRQHandler
                0x0800241c                TIM8_UP_IRQHandler
                0x0800241c                DMA2_Channel2_IRQHandler
                0x0800241c                USART3_IRQHandler
                0x0800241c                TIM4_IRQHandler
                0x0800241c                DMA2_Channel1_IRQHandler
                0x0800241c                I2C1_EV_IRQHandler
                0x0800241c                DMA1_Channel6_IRQHandler
                0x0800241c                UART4_IRQHandler
                0x0800241c                DMA2_Channel4_IRQHandler
                0x0800241c                TIM3_IRQHandler
                0x0800241c                RCC_IRQHandler
                0x0800241c                Default_Handler
                0x0800241c                RTC_TAMP_LSECSS_IRQHandler
                0x0800241c                FMAC_IRQHandler
                0x0800241c                EXTI15_10_IRQHandler
                0x0800241c                TIM7_IRQHandler
                0x0800241c                UCPD1_IRQHandler
                0x0800241c                I2C3_EV_IRQHandler
                0x0800241c                EXTI9_5_IRQHandler
                0x0800241c                RTC_WKUP_IRQHandler
                0x0800241c                PVD_PVM_IRQHandler
                0x0800241c                SPI2_IRQHandler
                0x0800241c                DMA2_Channel5_IRQHandler
                0x0800241c                CRS_IRQHandler
                0x0800241c                DMA1_Channel5_IRQHandler
                0x0800241c                EXTI4_IRQHandler
                0x0800241c                RNG_IRQHandler
                0x0800241c                TIM1_TRG_COM_TIM17_IRQHandler
                0x0800241c                WWDG_IRQHandler
                0x0800241c                LPUART1_IRQHandler
                0x0800241c                DMA2_Channel6_IRQHandler
                0x0800241c                FDCAN1_IT0_IRQHandler
                0x0800241c                COMP1_2_3_IRQHandler
                0x0800241c                EXTI1_IRQHandler
                0x0800241c                USART2_IRQHandler
                0x0800241c                I2C2_ER_IRQHandler
                0x0800241c                TIM8_BRK_IRQHandler
                0x0800241c                FLASH_IRQHandler
                0x0800241c                USART1_IRQHandler
                0x0800241c                SPI3_IRQHandler
                0x0800241c                I2C1_ER_IRQHandler
                0x0800241c                LPTIM1_IRQHandler
                0x0800241c                DMAMUX_OVR_IRQHandler
                0x0800241c                USBWakeUp_IRQHandler
                0x0800241c                SAI1_IRQHandler
                0x0800241c                DMA2_Channel3_IRQHandler
                0x0800241c                COMP4_IRQHandler
                0x0800241c                TIM1_BRK_TIM15_IRQHandler
 .text.HAL_Init
                0x0800241e       0x30 ./Drivers/STM32G4xx_HAL_Driver/Src/stm32g4xx_hal.o
                0x0800241e                HAL_Init
 *fill*         0x0800244e        0x2 
 .text.HAL_InitTick
                0x08002450       0x74 ./Drivers/STM32G4xx_HAL_Driver/Src/stm32g4xx_hal.o
                0x08002450                HAL_InitTick
 .text.HAL_IncTick
                0x080024c4       0x24 ./Drivers/STM32G4xx_HAL_Driver/Src/stm32g4xx_hal.o
                0x080024c4                HAL_IncTick
 .text.HAL_GetTick
                0x080024e8       0x18 ./Drivers/STM32G4xx_HAL_Driver/Src/stm32g4xx_hal.o
                0x080024e8                HAL_GetTick
 .text.HAL_Delay
                0x08002500       0x44 ./Drivers/STM32G4xx_HAL_Driver/Src/stm32g4xx_hal.o
                0x08002500                HAL_Delay
 .text.__NVIC_SetPriorityGrouping
                0x08002544       0x48 ./Drivers/STM32G4xx_HAL_Driver/Src/stm32g4xx_hal_cortex.o
 .text.__NVIC_GetPriorityGrouping
                0x0800258c       0x1c ./Drivers/STM32G4xx_HAL_Driver/Src/stm32g4xx_hal_cortex.o
 .text.__NVIC_EnableIRQ
                0x080025a8       0x3c ./Drivers/STM32G4xx_HAL_Driver/Src/stm32g4xx_hal_cortex.o
 .text.__NVIC_SetPriority
                0x080025e4       0x54 ./Drivers/STM32G4xx_HAL_Driver/Src/stm32g4xx_hal_cortex.o
 .text.NVIC_EncodePriority
                0x08002638       0x66 ./Drivers/STM32G4xx_HAL_Driver/Src/stm32g4xx_hal_cortex.o
 *fill*         0x0800269e        0x2 
 .text.SysTick_Config
                0x080026a0       0x44 ./Drivers/STM32G4xx_HAL_Driver/Src/stm32g4xx_hal_cortex.o
 .text.HAL_NVIC_SetPriorityGrouping
                0x080026e4       0x16 ./Drivers/STM32G4xx_HAL_Driver/Src/stm32g4xx_hal_cortex.o
                0x080026e4                HAL_NVIC_SetPriorityGrouping
 .text.HAL_NVIC_SetPriority
                0x080026fa       0x34 ./Drivers/STM32G4xx_HAL_Driver/Src/stm32g4xx_hal_cortex.o
                0x080026fa                HAL_NVIC_SetPriority
 .text.HAL_NVIC_EnableIRQ
                0x0800272e       0x1c ./Drivers/STM32G4xx_HAL_Driver/Src/stm32g4xx_hal_cortex.o
                0x0800272e                HAL_NVIC_EnableIRQ
 .text.HAL_SYSTICK_Config
                0x0800274a       0x18 ./Drivers/STM32G4xx_HAL_Driver/Src/stm32g4xx_hal_cortex.o
                0x0800274a                HAL_SYSTICK_Config
 .text.HAL_PCD_Init
                0x08002762      0x19c ./Drivers/STM32G4xx_HAL_Driver/Src/stm32g4xx_hal_pcd.o
                0x08002762                HAL_PCD_Init
 .text.HAL_PCD_Start
                0x080028fe       0x44 ./Drivers/STM32G4xx_HAL_Driver/Src/stm32g4xx_hal_pcd.o
                0x080028fe                HAL_PCD_Start
 .text.HAL_PCD_IRQHandler
                0x08002942      0x24e ./Drivers/STM32G4xx_HAL_Driver/Src/stm32g4xx_hal_pcd.o
                0x08002942                HAL_PCD_IRQHandler
 .text.HAL_PCD_SetAddress
                0x08002b90       0x48 ./Drivers/STM32G4xx_HAL_Driver/Src/stm32g4xx_hal_pcd.o
                0x08002b90                HAL_PCD_SetAddress
 .text.HAL_PCD_EP_Open
                0x08002bd8       0xbe ./Drivers/STM32G4xx_HAL_Driver/Src/stm32g4xx_hal_pcd.o
                0x08002bd8                HAL_PCD_EP_Open
 .text.HAL_PCD_EP_Close
                0x08002c96       0x90 ./Drivers/STM32G4xx_HAL_Driver/Src/stm32g4xx_hal_pcd.o
                0x08002c96                HAL_PCD_EP_Close
 .text.HAL_PCD_EP_Receive
                0x08002d26       0x62 ./Drivers/STM32G4xx_HAL_Driver/Src/stm32g4xx_hal_pcd.o
                0x08002d26                HAL_PCD_EP_Receive
 .text.HAL_PCD_EP_GetRxCount
                0x08002d88       0x30 ./Drivers/STM32G4xx_HAL_Driver/Src/stm32g4xx_hal_pcd.o
                0x08002d88                HAL_PCD_EP_GetRxCount
 .text.HAL_PCD_EP_Transmit
                0x08002db8       0x6e ./Drivers/STM32G4xx_HAL_Driver/Src/stm32g4xx_hal_pcd.o
                0x08002db8                HAL_PCD_EP_Transmit
 .text.HAL_PCD_EP_SetStall
                0x08002e26       0xa4 ./Drivers/STM32G4xx_HAL_Driver/Src/stm32g4xx_hal_pcd.o
                0x08002e26                HAL_PCD_EP_SetStall
 .text.HAL_PCD_EP_ClrStall
                0x08002eca       0xa8 ./Drivers/STM32G4xx_HAL_Driver/Src/stm32g4xx_hal_pcd.o
                0x08002eca                HAL_PCD_EP_ClrStall
 .text.PCD_EP_ISR_Handler
                0x08002f72      0x68e ./Drivers/STM32G4xx_HAL_Driver/Src/stm32g4xx_hal_pcd.o
 .text.HAL_PCD_EP_DB_Receive
                0x08003600      0x212 ./Drivers/STM32G4xx_HAL_Driver/Src/stm32g4xx_hal_pcd.o
 .text.HAL_PCD_EP_DB_Transmit
                0x08003812      0x878 ./Drivers/STM32G4xx_HAL_Driver/Src/stm32g4xx_hal_pcd.o
 .text.HAL_PCDEx_PMAConfig
                0x0800408a       0x86 ./Drivers/STM32G4xx_HAL_Driver/Src/stm32g4xx_hal_pcd_ex.o
                0x0800408a                HAL_PCDEx_PMAConfig
 .text.HAL_PCDEx_ActivateLPM
                0x08004110       0x54 ./Drivers/STM32G4xx_HAL_Driver/Src/stm32g4xx_hal_pcd_ex.o
                0x08004110                HAL_PCDEx_ActivateLPM
 .text.HAL_PWREx_DisableUCPDDeadBattery
                0x08004164       0x20 ./Drivers/STM32G4xx_HAL_Driver/Src/stm32g4xx_hal_pwr_ex.o
                0x08004164                HAL_PWREx_DisableUCPDDeadBattery
 .text.LL_ADC_REG_SetSequencerLength
                0x08004184       0x26 ./Drivers/STM32G4xx_HAL_Driver/Src/stm32g4xx_ll_adc.o
 .text.LL_ADC_IsEnabled
                0x080041aa       0x26 ./Drivers/STM32G4xx_HAL_Driver/Src/stm32g4xx_ll_adc.o
 .text.LL_ADC_CommonInit
                0x080041d0       0x80 ./Drivers/STM32G4xx_HAL_Driver/Src/stm32g4xx_ll_adc.o
                0x080041d0                LL_ADC_CommonInit
 .text.LL_ADC_Init
                0x08004250       0x4c ./Drivers/STM32G4xx_HAL_Driver/Src/stm32g4xx_ll_adc.o
                0x08004250                LL_ADC_Init
 .text.LL_ADC_REG_Init
                0x0800429c       0x94 ./Drivers/STM32G4xx_HAL_Driver/Src/stm32g4xx_ll_adc.o
                0x0800429c                LL_ADC_REG_Init
 .text.LL_GPIO_SetPinMode
                0x08004330       0x7a ./Drivers/STM32G4xx_HAL_Driver/Src/stm32g4xx_ll_gpio.o
 .text.LL_GPIO_SetPinOutputType
                0x080043aa       0x30 ./Drivers/STM32G4xx_HAL_Driver/Src/stm32g4xx_ll_gpio.o
 .text.LL_GPIO_SetPinSpeed
                0x080043da       0x7a ./Drivers/STM32G4xx_HAL_Driver/Src/stm32g4xx_ll_gpio.o
 .text.LL_GPIO_SetPinPull
                0x08004454       0x7a ./Drivers/STM32G4xx_HAL_Driver/Src/stm32g4xx_ll_gpio.o
 .text.LL_GPIO_SetAFPin_0_7
                0x080044ce       0x7a ./Drivers/STM32G4xx_HAL_Driver/Src/stm32g4xx_ll_gpio.o
 .text.LL_GPIO_SetAFPin_8_15
                0x08004548       0x7e ./Drivers/STM32G4xx_HAL_Driver/Src/stm32g4xx_ll_gpio.o
 .text.LL_GPIO_Init
                0x080045c6       0xdc ./Drivers/STM32G4xx_HAL_Driver/Src/stm32g4xx_ll_gpio.o
                0x080045c6                LL_GPIO_Init
 *fill*         0x080046a2        0x2 
 .text.LL_RCC_HSI_IsReady
                0x080046a4       0x28 ./Drivers/STM32G4xx_HAL_Driver/Src/stm32g4xx_ll_rcc.o
 .text.LL_RCC_LSE_IsReady
                0x080046cc       0x28 ./Drivers/STM32G4xx_HAL_Driver/Src/stm32g4xx_ll_rcc.o
 .text.LL_RCC_GetSysClkSource
                0x080046f4       0x1c ./Drivers/STM32G4xx_HAL_Driver/Src/stm32g4xx_ll_rcc.o
 .text.LL_RCC_GetAHBPrescaler
                0x08004710       0x1c ./Drivers/STM32G4xx_HAL_Driver/Src/stm32g4xx_ll_rcc.o
 .text.LL_RCC_GetAPB1Prescaler
                0x0800472c       0x1c ./Drivers/STM32G4xx_HAL_Driver/Src/stm32g4xx_ll_rcc.o
 .text.LL_RCC_GetAPB2Prescaler
                0x08004748       0x1c ./Drivers/STM32G4xx_HAL_Driver/Src/stm32g4xx_ll_rcc.o
 .text.LL_RCC_GetUSARTClockSource
                0x08004764       0x28 ./Drivers/STM32G4xx_HAL_Driver/Src/stm32g4xx_ll_rcc.o
 .text.LL_RCC_GetUARTClockSource
                0x0800478c       0x28 ./Drivers/STM32G4xx_HAL_Driver/Src/stm32g4xx_ll_rcc.o
 .text.LL_RCC_PLL_GetMainSource
                0x080047b4       0x1c ./Drivers/STM32G4xx_HAL_Driver/Src/stm32g4xx_ll_rcc.o
 .text.LL_RCC_PLL_GetN
                0x080047d0       0x1c ./Drivers/STM32G4xx_HAL_Driver/Src/stm32g4xx_ll_rcc.o
 .text.LL_RCC_PLL_GetR
                0x080047ec       0x1c ./Drivers/STM32G4xx_HAL_Driver/Src/stm32g4xx_ll_rcc.o
 .text.LL_RCC_PLL_GetDivider
                0x08004808       0x1c ./Drivers/STM32G4xx_HAL_Driver/Src/stm32g4xx_ll_rcc.o
 .text.LL_RCC_GetUSARTClockFreq
                0x08004824      0x188 ./Drivers/STM32G4xx_HAL_Driver/Src/stm32g4xx_ll_rcc.o
                0x08004824                LL_RCC_GetUSARTClockFreq
 .text.LL_RCC_GetUARTClockFreq
                0x080049ac       0x94 ./Drivers/STM32G4xx_HAL_Driver/Src/stm32g4xx_ll_rcc.o
                0x080049ac                LL_RCC_GetUARTClockFreq
 .text.RCC_GetSystemClockFreq
                0x08004a40       0x4c ./Drivers/STM32G4xx_HAL_Driver/Src/stm32g4xx_ll_rcc.o
 .text.RCC_GetHCLKClockFreq
                0x08004a8c       0x30 ./Drivers/STM32G4xx_HAL_Driver/Src/stm32g4xx_ll_rcc.o
 .text.RCC_GetPCLK1ClockFreq
                0x08004abc       0x2c ./Drivers/STM32G4xx_HAL_Driver/Src/stm32g4xx_ll_rcc.o
 .text.RCC_GetPCLK2ClockFreq
                0x08004ae8       0x2c ./Drivers/STM32G4xx_HAL_Driver/Src/stm32g4xx_ll_rcc.o
 .text.RCC_PLL_GetFreqDomain_SYS
                0x08004b14       0x68 ./Drivers/STM32G4xx_HAL_Driver/Src/stm32g4xx_ll_rcc.o
 .text.LL_SPI_IsEnabled
                0x08004b7c       0x26 ./Drivers/STM32G4xx_HAL_Driver/Src/stm32g4xx_ll_spi.o
 .text.LL_SPI_SetRxFIFOThreshold
                0x08004ba2       0x26 ./Drivers/STM32G4xx_HAL_Driver/Src/stm32g4xx_ll_spi.o
 .text.LL_SPI_SetCRCPolynomial
                0x08004bc8       0x20 ./Drivers/STM32G4xx_HAL_Driver/Src/stm32g4xx_ll_spi.o
 .text.LL_SPI_Init
                0x08004be8       0xbc ./Drivers/STM32G4xx_HAL_Driver/Src/stm32g4xx_ll_spi.o
                0x08004be8                LL_SPI_Init
 .text.LL_TIM_SetPrescaler
                0x08004ca4       0x1c ./Drivers/STM32G4xx_HAL_Driver/Src/stm32g4xx_ll_tim.o
 .text.LL_TIM_SetAutoReload
                0x08004cc0       0x1c ./Drivers/STM32G4xx_HAL_Driver/Src/stm32g4xx_ll_tim.o
 .text.LL_TIM_SetRepetitionCounter
                0x08004cdc       0x1c ./Drivers/STM32G4xx_HAL_Driver/Src/stm32g4xx_ll_tim.o
 .text.LL_TIM_GenerateEvent_UPDATE
                0x08004cf8       0x20 ./Drivers/STM32G4xx_HAL_Driver/Src/stm32g4xx_ll_tim.o
 .text.LL_TIM_Init
                0x08004d18      0x114 ./Drivers/STM32G4xx_HAL_Driver/Src/stm32g4xx_ll_tim.o
                0x08004d18                LL_TIM_Init
 .text.LL_USART_IsEnabled
                0x08004e2c       0x26 ./Drivers/STM32G4xx_HAL_Driver/Src/stm32g4xx_ll_usart.o
 .text.LL_USART_SetPrescaler
                0x08004e52       0x28 ./Drivers/STM32G4xx_HAL_Driver/Src/stm32g4xx_ll_usart.o
 .text.LL_USART_SetStopBitsLength
                0x08004e7a       0x26 ./Drivers/STM32G4xx_HAL_Driver/Src/stm32g4xx_ll_usart.o
 .text.LL_USART_SetHWFlowCtrl
                0x08004ea0       0x26 ./Drivers/STM32G4xx_HAL_Driver/Src/stm32g4xx_ll_usart.o
 *fill*         0x08004ec6        0x2 
 .text.LL_USART_SetBaudRate
                0x08004ec8       0xa0 ./Drivers/STM32G4xx_HAL_Driver/Src/stm32g4xx_ll_usart.o
 .text.LL_USART_Init
                0x08004f68       0xf4 ./Drivers/STM32G4xx_HAL_Driver/Src/stm32g4xx_ll_usart.o
                0x08004f68                LL_USART_Init
 .text.USB_EnableGlobalInt
                0x0800505c       0x2e ./Drivers/STM32G4xx_HAL_Driver/Src/stm32g4xx_ll_usb.o
                0x0800505c                USB_EnableGlobalInt
 .text.USB_DisableGlobalInt
                0x0800508a       0x36 ./Drivers/STM32G4xx_HAL_Driver/Src/stm32g4xx_ll_usb.o
                0x0800508a                USB_DisableGlobalInt
 .text.USB_DevInit
                0x080050c0       0x3c ./Drivers/STM32G4xx_HAL_Driver/Src/stm32g4xx_ll_usb.o
                0x080050c0                USB_DevInit
 .text.USB_ActivateEndpoint
                0x080050fc      0x9d0 ./Drivers/STM32G4xx_HAL_Driver/Src/stm32g4xx_ll_usb.o
                0x080050fc                USB_ActivateEndpoint
 .text.USB_DeactivateEndpoint
                0x08005acc      0x3da ./Drivers/STM32G4xx_HAL_Driver/Src/stm32g4xx_ll_usb.o
                0x08005acc                USB_DeactivateEndpoint
 .text.USB_EPStartXfer
                0x08005ea6      0xb5e ./Drivers/STM32G4xx_HAL_Driver/Src/stm32g4xx_ll_usb.o
                0x08005ea6                USB_EPStartXfer
 .text.USB_EPSetStall
                0x08006a04       0xa2 ./Drivers/STM32G4xx_HAL_Driver/Src/stm32g4xx_ll_usb.o
                0x08006a04                USB_EPSetStall
 .text.USB_EPClearStall
                0x08006aa6      0x152 ./Drivers/STM32G4xx_HAL_Driver/Src/stm32g4xx_ll_usb.o
                0x08006aa6                USB_EPClearStall
 .text.USB_SetDevAddress
                0x08006bf8       0x28 ./Drivers/STM32G4xx_HAL_Driver/Src/stm32g4xx_ll_usb.o
                0x08006bf8                USB_SetDevAddress
 .text.USB_DevConnect
                0x08006c20       0x2e ./Drivers/STM32G4xx_HAL_Driver/Src/stm32g4xx_ll_usb.o
                0x08006c20                USB_DevConnect
 .text.USB_ReadInterrupts
                0x08006c4e       0x20 ./Drivers/STM32G4xx_HAL_Driver/Src/stm32g4xx_ll_usb.o
                0x08006c4e                USB_ReadInterrupts
 .text.USB_WritePMA
                0x08006c6e       0x86 ./Drivers/STM32G4xx_HAL_Driver/Src/stm32g4xx_ll_usb.o
                0x08006c6e                USB_WritePMA
 .text.USB_ReadPMA
                0x08006cf4       0x98 ./Drivers/STM32G4xx_HAL_Driver/Src/stm32g4xx_ll_usb.o
                0x08006cf4                USB_ReadPMA
 .text.LL_mDelay
                0x08006d8c       0x50 ./Drivers/STM32G4xx_HAL_Driver/Src/stm32g4xx_ll_utils.o
                0x08006d8c                LL_mDelay
 .text.LL_SetSystemCoreClock
                0x08006ddc       0x20 ./Drivers/STM32G4xx_HAL_Driver/Src/stm32g4xx_ll_utils.o
                0x08006ddc                LL_SetSystemCoreClock
 .text.USBD_CDC_Init
                0x08006dfc       0xfe ./Middlewares/ST/STM32_USB_Device_Library/Class/CDC/Src/usbd_cdc.o
 .text.USBD_CDC_DeInit
                0x08006efa       0x74 ./Middlewares/ST/STM32_USB_Device_Library/Class/CDC/Src/usbd_cdc.o
 *fill*         0x08006f6e        0x2 
 .text.USBD_CDC_Setup
                0x08006f70      0x190 ./Middlewares/ST/STM32_USB_Device_Library/Class/CDC/Src/usbd_cdc.o
 .text.USBD_CDC_DataIn
                0x08007100       0xca ./Middlewares/ST/STM32_USB_Device_Library/Class/CDC/Src/usbd_cdc.o
 .text.USBD_CDC_DataOut
                0x080071ca       0x56 ./Middlewares/ST/STM32_USB_Device_Library/Class/CDC/Src/usbd_cdc.o
 .text.USBD_CDC_EP0_RxReady
                0x08007220       0x58 ./Middlewares/ST/STM32_USB_Device_Library/Class/CDC/Src/usbd_cdc.o
 .text.USBD_CDC_GetFSCfgDesc
                0x08007278       0x20 ./Middlewares/ST/STM32_USB_Device_Library/Class/CDC/Src/usbd_cdc.o
 .text.USBD_CDC_GetHSCfgDesc
                0x08007298       0x20 ./Middlewares/ST/STM32_USB_Device_Library/Class/CDC/Src/usbd_cdc.o
 .text.USBD_CDC_GetOtherSpeedCfgDesc
                0x080072b8       0x20 ./Middlewares/ST/STM32_USB_Device_Library/Class/CDC/Src/usbd_cdc.o
 .text.USBD_CDC_GetDeviceQualifierDescriptor
                0x080072d8       0x20 ./Middlewares/ST/STM32_USB_Device_Library/Class/CDC/Src/usbd_cdc.o
                0x080072d8                USBD_CDC_GetDeviceQualifierDescriptor
 .text.USBD_CDC_RegisterInterface
                0x080072f8       0x2a ./Middlewares/ST/STM32_USB_Device_Library/Class/CDC/Src/usbd_cdc.o
                0x080072f8                USBD_CDC_RegisterInterface
 .text.USBD_CDC_SetTxBuffer
                0x08007322       0x3c ./Middlewares/ST/STM32_USB_Device_Library/Class/CDC/Src/usbd_cdc.o
                0x08007322                USBD_CDC_SetTxBuffer
 .text.USBD_CDC_SetRxBuffer
                0x0800735e       0x32 ./Middlewares/ST/STM32_USB_Device_Library/Class/CDC/Src/usbd_cdc.o
                0x0800735e                USBD_CDC_SetRxBuffer
 .text.USBD_CDC_ReceivePacket
                0x08007390       0x54 ./Middlewares/ST/STM32_USB_Device_Library/Class/CDC/Src/usbd_cdc.o
                0x08007390                USBD_CDC_ReceivePacket
 .text.USBD_Init
                0x080073e4       0x60 ./Middlewares/ST/STM32_USB_Device_Library/Core/Src/usbd_core.o
                0x080073e4                USBD_Init
 .text.USBD_RegisterClass
                0x08007444       0x4e ./Middlewares/ST/STM32_USB_Device_Library/Core/Src/usbd_core.o
                0x08007444                USBD_RegisterClass
 .text.USBD_Start
                0x08007492       0x18 ./Middlewares/ST/STM32_USB_Device_Library/Core/Src/usbd_core.o
                0x08007492                USBD_Start
 .text.USBD_RunTestMode
                0x080074aa       0x16 ./Middlewares/ST/STM32_USB_Device_Library/Core/Src/usbd_core.o
                0x080074aa                USBD_RunTestMode
 .text.USBD_SetClassConfig
                0x080074c0       0x38 ./Middlewares/ST/STM32_USB_Device_Library/Core/Src/usbd_core.o
                0x080074c0                USBD_SetClassConfig
 .text.USBD_ClrClassConfig
                0x080074f8       0x30 ./Middlewares/ST/STM32_USB_Device_Library/Core/Src/usbd_core.o
                0x080074f8                USBD_ClrClassConfig
 .text.USBD_LL_SetupStage
                0x08007528       0xaa ./Middlewares/ST/STM32_USB_Device_Library/Core/Src/usbd_core.o
                0x08007528                USBD_LL_SetupStage
 .text.USBD_LL_DataOutStage
                0x080075d2       0xc6 ./Middlewares/ST/STM32_USB_Device_Library/Core/Src/usbd_core.o
                0x080075d2                USBD_LL_DataOutStage
 .text.USBD_LL_DataInStage
                0x08007698      0x12c ./Middlewares/ST/STM32_USB_Device_Library/Core/Src/usbd_core.o
                0x08007698                USBD_LL_DataInStage
 .text.USBD_LL_Reset
                0x080077c4       0x9c ./Middlewares/ST/STM32_USB_Device_Library/Core/Src/usbd_core.o
                0x080077c4                USBD_LL_Reset
 .text.USBD_LL_SetSpeed
                0x08007860       0x20 ./Middlewares/ST/STM32_USB_Device_Library/Core/Src/usbd_core.o
                0x08007860                USBD_LL_SetSpeed
 .text.USBD_LL_Suspend
                0x08007880       0x2c ./Middlewares/ST/STM32_USB_Device_Library/Core/Src/usbd_core.o
                0x08007880                USBD_LL_Suspend
 .text.USBD_LL_Resume
                0x080078ac       0x30 ./Middlewares/ST/STM32_USB_Device_Library/Core/Src/usbd_core.o
                0x080078ac                USBD_LL_Resume
 .text.USBD_LL_SOF
                0x080078dc       0x44 ./Middlewares/ST/STM32_USB_Device_Library/Core/Src/usbd_core.o
                0x080078dc                USBD_LL_SOF
 .text.SWAPBYTE
                0x08007920       0x3e ./Middlewares/ST/STM32_USB_Device_Library/Core/Src/usbd_ctlreq.o
 *fill*         0x0800795e        0x2 
 .text.USBD_StdDevReq
                0x08007960       0xdc ./Middlewares/ST/STM32_USB_Device_Library/Core/Src/usbd_ctlreq.o
                0x08007960                USBD_StdDevReq
 .text.USBD_StdItfReq
                0x08007a3c       0x92 ./Middlewares/ST/STM32_USB_Device_Library/Core/Src/usbd_ctlreq.o
                0x08007a3c                USBD_StdItfReq
 .text.USBD_StdEPReq
                0x08007ace      0x2c4 ./Middlewares/ST/STM32_USB_Device_Library/Core/Src/usbd_ctlreq.o
                0x08007ace                USBD_StdEPReq
 *fill*         0x08007d92        0x2 
 .text.USBD_GetDescriptor
                0x08007d94      0x328 ./Middlewares/ST/STM32_USB_Device_Library/Core/Src/usbd_ctlreq.o
 .text.USBD_SetAddress
                0x080080bc       0x88 ./Middlewares/ST/STM32_USB_Device_Library/Core/Src/usbd_ctlreq.o
 .text.USBD_SetConfig
                0x08008144      0x14c ./Middlewares/ST/STM32_USB_Device_Library/Core/Src/usbd_ctlreq.o
 .text.USBD_GetConfig
                0x08008290       0x6c ./Middlewares/ST/STM32_USB_Device_Library/Core/Src/usbd_ctlreq.o
 .text.USBD_GetStatus
                0x080082fc       0x68 ./Middlewares/ST/STM32_USB_Device_Library/Core/Src/usbd_ctlreq.o
 .text.USBD_SetFeature
                0x08008364       0x28 ./Middlewares/ST/STM32_USB_Device_Library/Core/Src/usbd_ctlreq.o
 .text.USBD_ClrFeature
                0x0800838c       0x44 ./Middlewares/ST/STM32_USB_Device_Library/Core/Src/usbd_ctlreq.o
 .text.USBD_ParseSetupRequest
                0x080083d0       0x74 ./Middlewares/ST/STM32_USB_Device_Library/Core/Src/usbd_ctlreq.o
                0x080083d0                USBD_ParseSetupRequest
 .text.USBD_CtlError
                0x08008444       0x22 ./Middlewares/ST/STM32_USB_Device_Library/Core/Src/usbd_ctlreq.o
                0x08008444                USBD_CtlError
 .text.USBD_GetString
                0x08008466       0x8c ./Middlewares/ST/STM32_USB_Device_Library/Core/Src/usbd_ctlreq.o
                0x08008466                USBD_GetString
 .text.USBD_GetLen
                0x080084f2       0x34 ./Middlewares/ST/STM32_USB_Device_Library/Core/Src/usbd_ctlreq.o
 .text.USBD_CtlSendData
                0x08008526       0x36 ./Middlewares/ST/STM32_USB_Device_Library/Core/Src/usbd_ioreq.o
                0x08008526                USBD_CtlSendData
 .text.USBD_CtlContinueSendData
                0x0800855c       0x22 ./Middlewares/ST/STM32_USB_Device_Library/Core/Src/usbd_ioreq.o
                0x0800855c                USBD_CtlContinueSendData
 .text.USBD_CtlPrepareRx
                0x0800857e       0x3a ./Middlewares/ST/STM32_USB_Device_Library/Core/Src/usbd_ioreq.o
                0x0800857e                USBD_CtlPrepareRx
 .text.USBD_CtlContinueRx
                0x080085b8       0x22 ./Middlewares/ST/STM32_USB_Device_Library/Core/Src/usbd_ioreq.o
                0x080085b8                USBD_CtlContinueRx
 .text.USBD_CtlSendStatus
                0x080085da       0x26 ./Middlewares/ST/STM32_USB_Device_Library/Core/Src/usbd_ioreq.o
                0x080085da                USBD_CtlSendStatus
 .text.USBD_CtlReceiveStatus
                0x08008600       0x26 ./Middlewares/ST/STM32_USB_Device_Library/Core/Src/usbd_ioreq.o
                0x08008600                USBD_CtlReceiveStatus
 *fill*         0x08008626        0x2 
 .text.MX_USB_Device_Init
                0x08008628       0x60 ./USB_Device/App/usb_device.o
                0x08008628                MX_USB_Device_Init
 .text.CDC_Init_FS
                0x08008688       0x28 ./USB_Device/App/usbd_cdc_if.o
 .text.CDC_DeInit_FS
                0x080086b0       0x10 ./USB_Device/App/usbd_cdc_if.o
 .text.CDC_Control_FS
                0x080086c0       0xbc ./USB_Device/App/usbd_cdc_if.o
 .text.CDC_Receive_FS
                0x0800877c       0x28 ./USB_Device/App/usbd_cdc_if.o
 .text.CDC_TransmitCplt_FS
                0x080087a4       0x22 ./USB_Device/App/usbd_cdc_if.o
 *fill*         0x080087c6        0x2 
 .text.USBD_CDC_DeviceDescriptor
                0x080087c8       0x24 ./USB_Device/App/usbd_desc.o
                0x080087c8                USBD_CDC_DeviceDescriptor
 .text.USBD_CDC_LangIDStrDescriptor
                0x080087ec       0x24 ./USB_Device/App/usbd_desc.o
                0x080087ec                USBD_CDC_LangIDStrDescriptor
 .text.USBD_CDC_ProductStrDescriptor
                0x08008810       0x3c ./USB_Device/App/usbd_desc.o
                0x08008810                USBD_CDC_ProductStrDescriptor
 .text.USBD_CDC_ManufacturerStrDescriptor
                0x0800884c       0x28 ./USB_Device/App/usbd_desc.o
                0x0800884c                USBD_CDC_ManufacturerStrDescriptor
 .text.USBD_CDC_SerialStrDescriptor
                0x08008874       0x24 ./USB_Device/App/usbd_desc.o
                0x08008874                USBD_CDC_SerialStrDescriptor
 .text.USBD_CDC_ConfigStrDescriptor
                0x08008898       0x3c ./USB_Device/App/usbd_desc.o
                0x08008898                USBD_CDC_ConfigStrDescriptor
 .text.USBD_CDC_InterfaceStrDescriptor
                0x080088d4       0x3c ./USB_Device/App/usbd_desc.o
                0x080088d4                USBD_CDC_InterfaceStrDescriptor
 .text.Get_SerialNum
                0x08008910       0x58 ./USB_Device/App/usbd_desc.o
 .text.IntToUnicode
                0x08008968       0x7e ./USB_Device/App/usbd_desc.o
 *fill*         0x080089e6        0x2 
 .text.LL_RCC_SetUSBClockSource
                0x080089e8       0x2c ./USB_Device/Target/usbd_conf.o
 .text.HAL_PCD_MspInit
                0x08008a14       0x50 ./USB_Device/Target/usbd_conf.o
                0x08008a14                HAL_PCD_MspInit
 .text.HAL_PCD_SetupStageCallback
                0x08008a64       0x24 ./USB_Device/Target/usbd_conf.o
                0x08008a64                HAL_PCD_SetupStageCallback
 .text.HAL_PCD_DataOutStageCallback
                0x08008a88       0x36 ./USB_Device/Target/usbd_conf.o
                0x08008a88                HAL_PCD_DataOutStageCallback
 .text.HAL_PCD_DataInStageCallback
                0x08008abe       0x34 ./USB_Device/Target/usbd_conf.o
                0x08008abe                HAL_PCD_DataInStageCallback
 .text.HAL_PCD_SOFCallback
                0x08008af2       0x1c ./USB_Device/Target/usbd_conf.o
                0x08008af2                HAL_PCD_SOFCallback
 .text.HAL_PCD_ResetCallback
                0x08008b0e       0x3c ./USB_Device/Target/usbd_conf.o
                0x08008b0e                HAL_PCD_ResetCallback
 *fill*         0x08008b4a        0x2 
 .text.HAL_PCD_SuspendCallback
                0x08008b4c       0x34 ./USB_Device/Target/usbd_conf.o
                0x08008b4c                HAL_PCD_SuspendCallback
 .text.HAL_PCD_ResumeCallback
                0x08008b80       0x38 ./USB_Device/Target/usbd_conf.o
                0x08008b80                HAL_PCD_ResumeCallback
 .text.USBD_LL_Init
                0x08008bb8       0xc0 ./USB_Device/Target/usbd_conf.o
                0x08008bb8                USBD_LL_Init
 .text.USBD_LL_Start
                0x08008c78       0x36 ./USB_Device/Target/usbd_conf.o
                0x08008c78                USBD_LL_Start
 .text.USBD_LL_OpenEP
                0x08008cae       0x4c ./USB_Device/Target/usbd_conf.o
                0x08008cae                USBD_LL_OpenEP
 .text.USBD_LL_CloseEP
                0x08008cfa       0x3e ./USB_Device/Target/usbd_conf.o
                0x08008cfa                USBD_LL_CloseEP
 .text.USBD_LL_StallEP
                0x08008d38       0x3e ./USB_Device/Target/usbd_conf.o
                0x08008d38                USBD_LL_StallEP
 .text.USBD_LL_ClearStallEP
                0x08008d76       0x3e ./USB_Device/Target/usbd_conf.o
                0x08008d76                USBD_LL_ClearStallEP
 .text.USBD_LL_IsStallEP
                0x08008db4       0x58 ./USB_Device/Target/usbd_conf.o
                0x08008db4                USBD_LL_IsStallEP
 .text.USBD_LL_SetUSBAddress
                0x08008e0c       0x3e ./USB_Device/Target/usbd_conf.o
                0x08008e0c                USBD_LL_SetUSBAddress
 .text.USBD_LL_Transmit
                0x08008e4a       0x42 ./USB_Device/Target/usbd_conf.o
                0x08008e4a                USBD_LL_Transmit
 .text.USBD_LL_PrepareReceive
                0x08008e8c       0x42 ./USB_Device/Target/usbd_conf.o
                0x08008e8c                USBD_LL_PrepareReceive
 .text.USBD_LL_GetRxDataSize
                0x08008ece       0x26 ./USB_Device/Target/usbd_conf.o
                0x08008ece                USBD_LL_GetRxDataSize
 .text.HAL_PCDEx_LPM_Callback
                0x08008ef4       0x6c ./USB_Device/Target/usbd_conf.o
                0x08008ef4                HAL_PCDEx_LPM_Callback
 .text.USBD_static_malloc
                0x08008f60       0x1c ./USB_Device/Target/usbd_conf.o
                0x08008f60                USBD_static_malloc
 .text.USBD_static_free
                0x08008f7c       0x14 ./USB_Device/Target/usbd_conf.o
                0x08008f7c                USBD_static_free
 .text.SystemClockConfig_Resume
                0x08008f90        0xc ./USB_Device/Target/usbd_conf.o
 .text.USBD_Get_USB_Status
                0x08008f9c       0x58 ./USB_Device/Target/usbd_conf.o
 .text.memset   0x08008ff4       0x10 /opt/st/stm32cubeide_2.2.0/plugins/com.st.stm32cube.ide.mcu.externaltools.gnu-tools-for-stm32.14.3.rel1.linux64_1.0.100.202602081740/tools/bin/../lib/gcc/arm-none-eabi/14.3.1/../../../../arm-none-eabi/lib/thumb/v7e-m+fp/hard/libc_nano.a(libc_a-memset.o)
                0x08008ff4                memset
 .text.__libc_init_array
                0x08009004       0x48 /opt/st/stm32cubeide_2.2.0/plugins/com.st.stm32cube.ide.mcu.externaltools.gnu-tools-for-stm32.14.3.rel1.linux64_1.0.100.202602081740/tools/bin/../lib/gcc/arm-none-eabi/14.3.1/../../../../arm-none-eabi/lib/thumb/v7e-m+fp/hard/libc_nano.a(libc_a-init.o)
                0x08009004                __libc_init_array
 *(.glue_7)
 .glue_7        0x0800904c        0x0 linker stubs
 *(.glue_7t)
 .glue_7t       0x0800904c        0x0 linker stubs
 *(.eh_frame)
 .eh_frame      0x0800904c        0x0 /opt/st/stm32cubeide_2.2.0/plugins/com.st.stm32cube.ide.mcu.externaltools.gnu-tools-for-stm32.14.3.rel1.linux64_1.0.100.202602081740/tools/bin/../lib/gcc/arm-none-eabi/14.3.1/thumb/v7e-m+fp/hard/crtbegin.o
 *(.init)
 .init          0x0800904c        0x4 /opt/st/stm32cubeide_2.2.0/plugins/com.st.stm32cube.ide.mcu.externaltools.gnu-tools-for-stm32.14.3.rel1.linux64_1.0.100.202602081740/tools/bin/../lib/gcc/arm-none-eabi/14.3.1/thumb/v7e-m+fp/hard/crti.o
                0x0800904c                _init
 .init          0x08009050        0x8 /opt/st/stm32cubeide_2.2.0/plugins/com.st.stm32cube.ide.mcu.externaltools.gnu-tools-for-stm32.14.3.rel1.linux64_1.0.100.202602081740/tools/bin/../lib/gcc/arm-none-eabi/14.3.1/thumb/v7e-m+fp/hard/crtn.o
 *(.fini)
 .fini          0x08009058        0x4 /opt/st/stm32cubeide_2.2.0/plugins/com.st.stm32cube.ide.mcu.externaltools.gnu-tools-for-stm32.14.3.rel1.linux64_1.0.100.202602081740/tools/bin/../lib/gcc/arm-none-eabi/14.3.1/thumb/v7e-m+fp/hard/crti.o
                0x08009058                _fini
 .fini          0x0800905c        0x8 /opt/st/stm32cubeide_2.2.0/plugins/com.st.stm32cube.ide.mcu.externaltools.gnu-tools-for-stm32.14.3.rel1.linux64_1.0.100.202602081740/tools/bin/../lib/gcc/arm-none-eabi/14.3.1/thumb/v7e-m+fp/hard/crtn.o
                0x08009064                        . = ALIGN (0x4)
                0x08009064                        _etext = .

.vfp11_veneer   0x08009064        0x0
 .vfp11_veneer  0x08009064        0x0 linker stubs

.v4_bx          0x08009064        0x0
 .v4_bx         0x08009064        0x0 linker stubs

.iplt           0x08009064        0x0
 .iplt          0x08009064        0x0 /opt/st/stm32cubeide_2.2.0/plugins/com.st.stm32cube.ide.mcu.externaltools.gnu-tools-for-stm32.14.3.rel1.linux64_1.0.100.202602081740/tools/bin/../lib/gcc/arm-none-eabi/14.3.1/thumb/v7e-m+fp/hard/crtbegin.o

.rodata         0x08009064     0x2ec4
                0x08009064                        . = ALIGN (0x4)
 *(.rodata)
 .rodata        0x08009064       0x23 ./Core/Src/hmi.o
 *fill*         0x08009087        0x1 
 .rodata        0x08009088       0x46 ./USB_Device/App/usbd_desc.o
 *(.rodata*)
 *fill*         0x080090ce        0x2 
 .rodata.CHANNEL_OFFSET_TAB
                0x080090d0        0x6 ./Core/Src/ILI9341_driver.o
 *fill*         0x080090d6        0x2 
 .rodata.font11x23
                0x080090d8     0x2e00 ./Core/Src/fonts.o
                0x080090d8                font11x23
 .rodata.CHANNEL_OFFSET_TAB
                0x0800bed8        0x6 ./Core/Src/main.o
 *fill*         0x0800bede        0x2 
 .rodata.AHBPrescTable
                0x0800bee0       0x10 ./Core/Src/system_stm32g4xx.o
                0x0800bee0                AHBPrescTable
 .rodata.APBPrescTable
                0x0800bef0        0x8 ./Core/Src/system_stm32g4xx.o
                0x0800bef0                APBPrescTable
 .rodata.USART_PRESCALER_TAB
                0x0800bef8       0x30 ./Drivers/STM32G4xx_HAL_Driver/Src/stm32g4xx_ll_usart.o
                0x0800bf28                        . = ALIGN (0x4)

.ARM.extab      0x0800bf28        0x0
                0x0800bf28                        . = ALIGN (0x4)
 *(.ARM.extab* .gnu.linkonce.armextab.*)
                0x0800bf28                        . = ALIGN (0x4)

.ARM            0x0800bf28        0x0
                0x0800bf28                        . = ALIGN (0x4)
                0x0800bf28                        __exidx_start = .
 *(.ARM.exidx*)
                0x0800bf28                        __exidx_end = .
                0x0800bf28                        . = ALIGN (0x4)

.preinit_array  0x0800bf28        0x0
                0x0800bf28                        . = ALIGN (0x4)
                0x0800bf28                        PROVIDE (__preinit_array_start = .)
 *(.preinit_array*)
                0x0800bf28                        PROVIDE (__preinit_array_end = .)
                0x0800bf28                        . = ALIGN (0x4)

.init_array     0x0800bf28        0x4
                0x0800bf28                        . = ALIGN (0x4)
                0x0800bf28                        PROVIDE (__init_array_start = .)
 *(SORT_BY_NAME(.init_array.*))
 *(.init_array*)
 .init_array    0x0800bf28        0x4 /opt/st/stm32cubeide_2.2.0/plugins/com.st.stm32cube.ide.mcu.externaltools.gnu-tools-for-stm32.14.3.rel1.linux64_1.0.100.202602081740/tools/bin/../lib/gcc/arm-none-eabi/14.3.1/thumb/v7e-m+fp/hard/crtbegin.o
                0x0800bf2c                        PROVIDE (__init_array_end = .)
                0x0800bf2c                        . = ALIGN (0x4)

.fini_array     0x0800bf2c        0x4
                0x0800bf2c                        . = ALIGN (0x4)
                [!provide]                        PROVIDE (__fini_array_start = .)
 *(SORT_BY_NAME(.fini_array.*))
 *(.fini_array*)
 .fini_array    0x0800bf2c        0x4 /opt/st/stm32cubeide_2.2.0/plugins/com.st.stm32cube.ide.mcu.externaltools.gnu-tools-for-stm32.14.3.rel1.linux64_1.0.100.202602081740/tools/bin/../lib/gcc/arm-none-eabi/14.3.1/thumb/v7e-m+fp/hard/crtbegin.o
                [!provide]                        PROVIDE (__fini_array_end = .)
                0x0800bf30                        . = ALIGN (0x4)
                0x0800bf30                        _sidata = LOADADDR (.data)

.rel.dyn        0x0800bf30        0x0
 .rel.iplt      0x0800bf30        0x0 /opt/st/stm32cubeide_2.2.0/plugins/com.st.stm32cube.ide.mcu.externaltools.gnu-tools-for-stm32.14.3.rel1.linux64_1.0.100.202602081740/tools/bin/../lib/gcc/arm-none-eabi/14.3.1/thumb/v7e-m+fp/hard/crtbegin.o

.data           0x20000000      0x184 load address 0x0800bf30
                0x20000000                        . = ALIGN (0x4)
                0x20000000                        _sdata = .
 *(.data)
 *(.data*)
 .data.SystemCoreClock
                0x20000000        0x4 ./Core/Src/system_stm32g4xx.o
                0x20000000                SystemCoreClock
 .data.uwTickPrio
                0x20000004        0x4 ./Drivers/STM32G4xx_HAL_Driver/Src/stm32g4xx_hal.o
                0x20000004                uwTickPrio
 .data.uwTickFreq
                0x20000008        0x4 ./Drivers/STM32G4xx_HAL_Driver/Src/stm32g4xx_hal.o
                0x20000008                uwTickFreq
 .data.USBD_CDC_DeviceQualifierDesc
                0x2000000c        0xa ./Middlewares/ST/STM32_USB_Device_Library/Class/CDC/Src/usbd_cdc.o
 *fill*         0x20000016        0x2 
 .data.USBD_CDC
                0x20000018       0x38 ./Middlewares/ST/STM32_USB_Device_Library/Class/CDC/Src/usbd_cdc.o
                0x20000018                USBD_CDC
 .data.USBD_CDC_CfgHSDesc
                0x20000050       0x43 ./Middlewares/ST/STM32_USB_Device_Library/Class/CDC/Src/usbd_cdc.o
 *fill*         0x20000093        0x1 
 .data.USBD_CDC_CfgFSDesc
                0x20000094       0x43 ./Middlewares/ST/STM32_USB_Device_Library/Class/CDC/Src/usbd_cdc.o
 *fill*         0x200000d7        0x1 
 .data.USBD_CDC_OtherSpeedCfgDesc
                0x200000d8       0x43 ./Middlewares/ST/STM32_USB_Device_Library/Class/CDC/Src/usbd_cdc.o
 *fill*         0x2000011b        0x1 
 .data.USBD_Interface_fops_FS
                0x2000011c       0x14 ./USB_Device/App/usbd_cdc_if.o
                0x2000011c                USBD_Interface_fops_FS
 .data.CDC_Desc
                0x20000130       0x20 ./USB_Device/App/usbd_desc.o
                0x20000130                CDC_Desc
 .data.USBD_CDC_DeviceDesc
                0x20000150       0x12 ./USB_Device/App/usbd_desc.o
                0x20000150                USBD_CDC_DeviceDesc
 *fill*         0x20000162        0x2 
 .data.USBD_LangIDDesc
                0x20000164        0x4 ./USB_Device/App/usbd_desc.o
                0x20000164                USBD_LangIDDesc
 .data.USBD_StringSerial
                0x20000168       0x1a ./USB_Device/App/usbd_desc.o
                0x20000168                USBD_StringSerial
 *(.RamFunc)
 *(.RamFunc*)
                0x20000184                        . = ALIGN (0x4)
 *fill*         0x20000182        0x2 
                0x20000184                        _edata = .

.igot.plt       0x20000184        0x0 load address 0x0800c0b4
 .igot.plt      0x20000184        0x0 /opt/st/stm32cubeide_2.2.0/plugins/com.st.stm32cube.ide.mcu.externaltools.gnu-tools-for-stm32.14.3.rel1.linux64_1.0.100.202602081740/tools/bin/../lib/gcc/arm-none-eabi/14.3.1/thumb/v7e-m+fp/hard/crtbegin.o
                0x20000184                        . = ALIGN (0x4)

.bss            0x20000184     0x4b70 load address 0x0800c0b4
                0x20000184                        _sbss = .
                0x20000184                        __bss_start__ = _sbss
 *(.bss)
 .bss           0x20000184       0x1c /opt/st/stm32cubeide_2.2.0/plugins/com.st.stm32cube.ide.mcu.externaltools.gnu-tools-for-stm32.14.3.rel1.linux64_1.0.100.202602081740/tools/bin/../lib/gcc/arm-none-eabi/14.3.1/thumb/v7e-m+fp/hard/crtbegin.o
 *(.bss*)
 .bss.areabuff  0x200001a0     0x3980 ./Core/Src/ILI9341_driver.o
                0x200001a0                areabuff
 .bss.uwTick    0x20003b20        0x4 ./Drivers/STM32G4xx_HAL_Driver/Src/stm32g4xx_hal.o
                0x20003b20                uwTick
 .bss.cfgidx.0  0x20003b24        0x1 ./Middlewares/ST/STM32_USB_Device_Library/Core/Src/usbd_ctlreq.o
 *fill*         0x20003b25        0x3 
 .bss.hUsbDeviceFS
                0x20003b28      0x2d0 ./USB_Device/App/usb_device.o
                0x20003b28                hUsbDeviceFS
 .bss.UserRxBufferFS
                0x20003df8      0x400 ./USB_Device/App/usbd_cdc_if.o
                0x20003df8                UserRxBufferFS
 .bss.UserTxBufferFS
                0x200041f8      0x400 ./USB_Device/App/usbd_cdc_if.o
                0x200041f8                UserTxBufferFS
 .bss.USBD_StrDesc
                0x200045f8      0x200 ./USB_Device/App/usbd_desc.o
                0x200045f8                USBD_StrDesc
 .bss.hpcd_USB_FS
                0x200047f8      0x2dc ./USB_Device/Target/usbd_conf.o
                0x200047f8                hpcd_USB_FS
 .bss.mem.0     0x20004ad4      0x220 ./USB_Device/Target/usbd_conf.o
 *(COMMON)
                0x20004cf4                        . = ALIGN (0x4)
                0x20004cf4                        _ebss = .
                0x20004cf4                        __bss_end__ = _ebss

._user_heap_stack
                0x20004cf4      0x604 load address 0x0800c0b4
                0x20004cf8                        . = ALIGN (0x8)
 *fill*         0x20004cf4        0x4 
                [!provide]                        PROVIDE (end = .)
                0x20004cf8                        PROVIDE (_end = .)
                0x20004ef8                        . = (. + _Min_Heap_Size)
 *fill*         0x20004cf8      0x200 
                0x200052f8                        . = (. + _Min_Stack_Size)
 *fill*         0x20004ef8      0x400 
                0x200052f8                        . = ALIGN (0x8)

/DISCARD/
 libc.a(*)
 libm.a(*)
 libgcc.a(*)

.ARM.attributes
                0x00000000       0x30
 *(.ARM.attributes)
 .ARM.attributes
                0x00000000       0x22 /opt/st/stm32cubeide_2.2.0/plugins/com.st.stm32cube.ide.mcu.externaltools.gnu-tools-for-stm32.14.3.rel1.linux64_1.0.100.202602081740/tools/bin/../lib/gcc/arm-none-eabi/14.3.1/thumb/v7e-m+fp/hard/crti.o
 .ARM.attributes
                0x00000022       0x34 /opt/st/stm32cubeide_2.2.0/plugins/com.st.stm32cube.ide.mcu.externaltools.gnu-tools-for-stm32.14.3.rel1.linux64_1.0.100.202602081740/tools/bin/../lib/gcc/arm-none-eabi/14.3.1/thumb/v7e-m+fp/hard/crtbegin.o
 .ARM.attributes
                0x00000056       0x34 ./Core/Src/ILI9341_driver.o
 .ARM.attributes
                0x0000008a       0x34 ./Core/Src/fonts.o
 .ARM.attributes
                0x000000be       0x34 ./Core/Src/hmi.o
 .ARM.attributes
                0x000000f2       0x34 ./Core/Src/main.o
 .ARM.attributes
                0x00000126       0x34 ./Core/Src/stm32g4xx_hal_msp.o
 .ARM.attributes
                0x0000015a       0x34 ./Core/Src/stm32g4xx_it.o
 .ARM.attributes
                0x0000018e       0x34 ./Core/Src/system_stm32g4xx.o
 .ARM.attributes
                0x000001c2       0x21 ./Core/Startup/startup_stm32g431k8tx.o
 .ARM.attributes
                0x000001e3       0x34 ./Drivers/STM32G4xx_HAL_Driver/Src/stm32g4xx_hal.o
 .ARM.attributes
                0x00000217       0x34 ./Drivers/STM32G4xx_HAL_Driver/Src/stm32g4xx_hal_cortex.o
 .ARM.attributes
                0x0000024b       0x34 ./Drivers/STM32G4xx_HAL_Driver/Src/stm32g4xx_hal_pcd.o
 .ARM.attributes
                0x0000027f       0x34 ./Drivers/STM32G4xx_HAL_Driver/Src/stm32g4xx_hal_pcd_ex.o
 .ARM.attributes
                0x000002b3       0x34 ./Drivers/STM32G4xx_HAL_Driver/Src/stm32g4xx_hal_pwr_ex.o
 .ARM.attributes
                0x000002e7       0x34 ./Drivers/STM32G4xx_HAL_Driver/Src/stm32g4xx_ll_adc.o
 .ARM.attributes
                0x0000031b       0x34 ./Drivers/STM32G4xx_HAL_Driver/Src/stm32g4xx_ll_gpio.o
 .ARM.attributes
                0x0000034f       0x34 ./Drivers/STM32G4xx_HAL_Driver/Src/stm32g4xx_ll_rcc.o
 .ARM.attributes
                0x00000383       0x34 ./Drivers/STM32G4xx_HAL_Driver/Src/stm32g4xx_ll_spi.o
 .ARM.attributes
                0x000003b7       0x34 ./Drivers/STM32G4xx_HAL_Driver/Src/stm32g4xx_ll_tim.o
 .ARM.attributes
                0x000003eb       0x34 ./Drivers/STM32G4xx_HAL_Driver/Src/stm32g4xx_ll_usart.o
 .ARM.attributes
                0x0000041f       0x34 ./Drivers/STM32G4xx_HAL_Driver/Src/stm32g4xx_ll_usb.o
 .ARM.attributes
                0x00000453       0x34 ./Drivers/STM32G4xx_HAL_Driver/Src/stm32g4xx_ll_utils.o
 .ARM.attributes
                0x00000487       0x34 ./Middlewares/ST/STM32_USB_Device_Library/Class/CDC/Src/usbd_cdc.o
 .ARM.attributes
                0x000004bb       0x34 ./Middlewares/ST/STM32_USB_Device_Library/Core/Src/usbd_core.o
 .ARM.attributes
                0x000004ef       0x34 ./Middlewares/ST/STM32_USB_Device_Library/Core/Src/usbd_ctlreq.o
 .ARM.attributes
                0x00000523       0x34 ./Middlewares/ST/STM32_USB_Device_Library/Core/Src/usbd_ioreq.o
 .ARM.attributes
                0x00000557       0x34 ./USB_Device/App/usb_device.o
 .ARM.attributes
                0x0000058b       0x34 ./USB_Device/App/usbd_cdc_if.o
 .ARM.attributes
                0x000005bf       0x34 ./USB_Device/App/usbd_desc.o
 .ARM.attributes
                0x000005f3       0x34 ./USB_Device/Target/usbd_conf.o
 .ARM.attributes
                0x00000627       0x34 /opt/st/stm32cubeide_2.2.0/plugins/com.st.stm32cube.ide.mcu.externaltools.gnu-tools-for-stm32.14.3.rel1.linux64_1.0.100.202602081740/tools/bin/../lib/gcc/arm-none-eabi/14.3.1/../../../../arm-none-eabi/lib/thumb/v7e-m+fp/hard/libc_nano.a(libc_a-memset.o)
 .ARM.attributes
                0x0000065b       0x34 /opt/st/stm32cubeide_2.2.0/plugins/com.st.stm32cube.ide.mcu.externaltools.gnu-tools-for-stm32.14.3.rel1.linux64_1.0.100.202602081740/tools/bin/../lib/gcc/arm-none-eabi/14.3.1/../../../../arm-none-eabi/lib/thumb/v7e-m+fp/hard/libc_nano.a(libc_a-init.o)
 .ARM.attributes
                0x0000068f       0x22 /opt/st/stm32cubeide_2.2.0/plugins/com.st.stm32cube.ide.mcu.externaltools.gnu-tools-for-stm32.14.3.rel1.linux64_1.0.100.202602081740/tools/bin/../lib/gcc/arm-none-eabi/14.3.1/thumb/v7e-m+fp/hard/crtn.o
OUTPUT(Touch.elf elf32-littlearm)
LOAD linker stubs
LOAD /opt/st/stm32cubeide_2.2.0/plugins/com.st.stm32cube.ide.mcu.externaltools.gnu-tools-for-stm32.14.3.rel1.linux64_1.0.100.202602081740/tools/bin/../lib/gcc/arm-none-eabi/14.3.1/../../../../arm-none-eabi/lib/thumb/v7e-m+fp/hard/libc.a
LOAD /opt/st/stm32cubeide_2.2.0/plugins/com.st.stm32cube.ide.mcu.externaltools.gnu-tools-for-stm32.14.3.rel1.linux64_1.0.100.202602081740/tools/bin/../lib/gcc/arm-none-eabi/14.3.1/../../../../arm-none-eabi/lib/thumb/v7e-m+fp/hard/libm.a
LOAD /opt/st/stm32cubeide_2.2.0/plugins/com.st.stm32cube.ide.mcu.externaltools.gnu-tools-for-stm32.14.3.rel1.linux64_1.0.100.202602081740/tools/bin/../lib/gcc/arm-none-eabi/14.3.1/thumb/v7e-m+fp/hard/libgcc.a

.debug_info     0x00000000    0x14849
 .debug_info    0x00000000      0xf61 ./Core/Src/ILI9341_driver.o
 .debug_info    0x00000f61       0xd5 ./Core/Src/fonts.o
 .debug_info    0x00001036      0x317 ./Core/Src/hmi.o
 .debug_info    0x0000134d     0x2501 ./Core/Src/main.o
 .debug_info    0x0000384e      0x3bd ./Core/Src/stm32g4xx_hal_msp.o
 .debug_info    0x00003c0b      0x757 ./Core/Src/stm32g4xx_it.o
 .debug_info    0x00004362      0x58e ./Core/Src/system_stm32g4xx.o
 .debug_info    0x000048f0       0x30 ./Core/Startup/startup_stm32g431k8tx.o
 .debug_info    0x00004920      0xadb ./Drivers/STM32G4xx_HAL_Driver/Src/stm32g4xx_hal.o
 .debug_info    0x000053fb      0xd3f ./Drivers/STM32G4xx_HAL_Driver/Src/stm32g4xx_hal_cortex.o
 .debug_info    0x0000613a     0x1610 ./Drivers/STM32G4xx_HAL_Driver/Src/stm32g4xx_hal_pcd.o
 .debug_info    0x0000774a      0x80a ./Drivers/STM32G4xx_HAL_Driver/Src/stm32g4xx_hal_pcd_ex.o
 .debug_info    0x00007f54      0x93f ./Drivers/STM32G4xx_HAL_Driver/Src/stm32g4xx_hal_pwr_ex.o
 .debug_info    0x00008893      0xb14 ./Drivers/STM32G4xx_HAL_Driver/Src/stm32g4xx_ll_adc.o
 .debug_info    0x000093a7      0x95b ./Drivers/STM32G4xx_HAL_Driver/Src/stm32g4xx_ll_gpio.o
 .debug_info    0x00009d02      0xb0b ./Drivers/STM32G4xx_HAL_Driver/Src/stm32g4xx_ll_rcc.o
 .debug_info    0x0000a80d      0x7e4 ./Drivers/STM32G4xx_HAL_Driver/Src/stm32g4xx_ll_spi.o
 .debug_info    0x0000aff1     0x11d8 ./Drivers/STM32G4xx_HAL_Driver/Src/stm32g4xx_ll_tim.o
 .debug_info    0x0000c1c9      0x7c3 ./Drivers/STM32G4xx_HAL_Driver/Src/stm32g4xx_ll_usart.o
 .debug_info    0x0000c98c     0x1577 ./Drivers/STM32G4xx_HAL_Driver/Src/stm32g4xx_ll_usb.o
 .debug_info    0x0000df03      0xbbc ./Drivers/STM32G4xx_HAL_Driver/Src/stm32g4xx_ll_utils.o
 .debug_info    0x0000eabf     0x1124 ./Middlewares/ST/STM32_USB_Device_Library/Class/CDC/Src/usbd_cdc.o
 .debug_info    0x0000fbe3      0xb1b ./Middlewares/ST/STM32_USB_Device_Library/Core/Src/usbd_core.o
 .debug_info    0x000106fe      0xa57 ./Middlewares/ST/STM32_USB_Device_Library/Core/Src/usbd_ctlreq.o
 .debug_info    0x00011155      0x720 ./Middlewares/ST/STM32_USB_Device_Library/Core/Src/usbd_ioreq.o
 .debug_info    0x00011875      0x6d7 ./USB_Device/App/usb_device.o
 .debug_info    0x00011f4c      0x8be ./USB_Device/App/usbd_cdc_if.o
 .debug_info    0x0001280a      0x45f ./USB_Device/App/usbd_desc.o
 .debug_info    0x00012c69     0x1be0 ./USB_Device/Target/usbd_conf.o

.debug_abbrev   0x00000000     0x3bfc
 .debug_abbrev  0x00000000      0x24a ./Core/Src/ILI9341_driver.o
 .debug_abbrev  0x0000024a       0x79 ./Core/Src/fonts.o
 .debug_abbrev  0x000002c3      0x121 ./Core/Src/hmi.o
 .debug_abbrev  0x000003e4      0x3cc ./Core/Src/main.o
 .debug_abbrev  0x000007b0       0xf0 ./Core/Src/stm32g4xx_hal_msp.o
 .debug_abbrev  0x000008a0      0x1ef ./Core/Src/stm32g4xx_it.o
 .debug_abbrev  0x00000a8f      0x11a ./Core/Src/system_stm32g4xx.o
 .debug_abbrev  0x00000ba9       0x24 ./Core/Startup/startup_stm32g431k8tx.o
 .debug_abbrev  0x00000bcd      0x271 ./Drivers/STM32G4xx_HAL_Driver/Src/stm32g4xx_hal.o
 .debug_abbrev  0x00000e3e      0x31c ./Drivers/STM32G4xx_HAL_Driver/Src/stm32g4xx_hal_cortex.o
 .debug_abbrev  0x0000115a      0x2b9 ./Drivers/STM32G4xx_HAL_Driver/Src/stm32g4xx_hal_pcd.o
 .debug_abbrev  0x00001413      0x228 ./Drivers/STM32G4xx_HAL_Driver/Src/stm32g4xx_hal_pcd_ex.o
 .debug_abbrev  0x0000163b      0x22c ./Drivers/STM32G4xx_HAL_Driver/Src/stm32g4xx_hal_pwr_ex.o
 .debug_abbrev  0x00001867      0x1a9 ./Drivers/STM32G4xx_HAL_Driver/Src/stm32g4xx_ll_adc.o
 .debug_abbrev  0x00001a10      0x235 ./Drivers/STM32G4xx_HAL_Driver/Src/stm32g4xx_ll_gpio.o
 .debug_abbrev  0x00001c45      0x234 ./Drivers/STM32G4xx_HAL_Driver/Src/stm32g4xx_ll_rcc.o
 .debug_abbrev  0x00001e79      0x206 ./Drivers/STM32G4xx_HAL_Driver/Src/stm32g4xx_ll_spi.o
 .debug_abbrev  0x0000207f      0x23e ./Drivers/STM32G4xx_HAL_Driver/Src/stm32g4xx_ll_tim.o
 .debug_abbrev  0x000022bd      0x1de ./Drivers/STM32G4xx_HAL_Driver/Src/stm32g4xx_ll_usart.o
 .debug_abbrev  0x0000249b      0x247 ./Drivers/STM32G4xx_HAL_Driver/Src/stm32g4xx_ll_usb.o
 .debug_abbrev  0x000026e2      0x25e ./Drivers/STM32G4xx_HAL_Driver/Src/stm32g4xx_ll_utils.o
 .debug_abbrev  0x00002940      0x2bc ./Middlewares/ST/STM32_USB_Device_Library/Class/CDC/Src/usbd_cdc.o
 .debug_abbrev  0x00002bfc      0x24f ./Middlewares/ST/STM32_USB_Device_Library/Core/Src/usbd_core.o
 .debug_abbrev  0x00002e4b      0x27e ./Middlewares/ST/STM32_USB_Device_Library/Core/Src/usbd_ctlreq.o
 .debug_abbrev  0x000030c9      0x1a9 ./Middlewares/ST/STM32_USB_Device_Library/Core/Src/usbd_ioreq.o
 .debug_abbrev  0x00003272      0x1a4 ./USB_Device/App/usb_device.o
 .debug_abbrev  0x00003416      0x2ad ./USB_Device/App/usbd_cdc_if.o
 .debug_abbrev  0x000036c3      0x20e ./USB_Device/App/usbd_desc.o
 .debug_abbrev  0x000038d1      0x32b ./USB_Device/Target/usbd_conf.o

.debug_aranges  0x00000000     0x1520
 .debug_aranges
                0x00000000      0x120 ./Core/Src/ILI9341_driver.o
 .debug_aranges
                0x00000120       0x18 ./Core/Src/fonts.o
 .debug_aranges
                0x00000138       0x48 ./Core/Src/hmi.o
 .debug_aranges
                0x00000180      0x228 ./Core/Src/main.o
 .debug_aranges
                0x000003a8       0x20 ./Core/Src/stm32g4xx_hal_msp.o
 .debug_aranges
                0x000003c8       0x90 ./Core/Src/stm32g4xx_it.o
 .debug_aranges
                0x00000458       0x28 ./Core/Src/system_stm32g4xx.o
 .debug_aranges
                0x00000480       0x28 ./Core/Startup/startup_stm32g431k8tx.o
 .debug_aranges
                0x000004a8      0x148 ./Drivers/STM32G4xx_HAL_Driver/Src/stm32g4xx_hal.o
 .debug_aranges
                0x000005f0      0x128 ./Drivers/STM32G4xx_HAL_Driver/Src/stm32g4xx_hal_cortex.o
 .debug_aranges
                0x00000718      0x138 ./Drivers/STM32G4xx_HAL_Driver/Src/stm32g4xx_hal_pcd.o
 .debug_aranges
                0x00000850       0x58 ./Drivers/STM32G4xx_HAL_Driver/Src/stm32g4xx_hal_pcd_ex.o
 .debug_aranges
                0x000008a8      0x140 ./Drivers/STM32G4xx_HAL_Driver/Src/stm32g4xx_hal_pwr_ex.o
 .debug_aranges
                0x000009e8       0xd0 ./Drivers/STM32G4xx_HAL_Driver/Src/stm32g4xx_ll_adc.o
 .debug_aranges
                0x00000ab8       0x70 ./Drivers/STM32G4xx_HAL_Driver/Src/stm32g4xx_ll_gpio.o
 .debug_aranges
                0x00000b28      0x1b8 ./Drivers/STM32G4xx_HAL_Driver/Src/stm32g4xx_ll_rcc.o
 .debug_aranges
                0x00000ce0       0x90 ./Drivers/STM32G4xx_HAL_Driver/Src/stm32g4xx_ll_spi.o
 .debug_aranges
                0x00000d70      0x148 ./Drivers/STM32G4xx_HAL_Driver/Src/stm32g4xx_ll_tim.o
 .debug_aranges
                0x00000eb8       0x88 ./Drivers/STM32G4xx_HAL_Driver/Src/stm32g4xx_ll_usart.o
 .debug_aranges
                0x00000f40       0xc8 ./Drivers/STM32G4xx_HAL_Driver/Src/stm32g4xx_ll_usb.o
 .debug_aranges
                0x00001008      0x100 ./Drivers/STM32G4xx_HAL_Driver/Src/stm32g4xx_ll_utils.o
 .debug_aranges
                0x00001108       0x90 ./Middlewares/ST/STM32_USB_Device_Library/Class/CDC/Src/usbd_cdc.o
 .debug_aranges
                0x00001198       0xb8 ./Middlewares/ST/STM32_USB_Device_Library/Core/Src/usbd_core.o
 .debug_aranges
                0x00001250       0x90 ./Middlewares/ST/STM32_USB_Device_Library/Core/Src/usbd_ctlreq.o
 .debug_aranges
                0x000012e0       0x50 ./Middlewares/ST/STM32_USB_Device_Library/Core/Src/usbd_ioreq.o
 .debug_aranges
                0x00001330       0x20 ./USB_Device/App/usb_device.o
 .debug_aranges
                0x00001350       0x48 ./USB_Device/App/usbd_cdc_if.o
 .debug_aranges
                0x00001398       0x60 ./USB_Device/App/usbd_desc.o
 .debug_aranges
                0x000013f8      0x128 ./USB_Device/Target/usbd_conf.o

.debug_rnglists
                0x00000000      0xf9a
 .debug_rnglists
                0x00000000       0xde ./Core/Src/ILI9341_driver.o
 .debug_rnglists
                0x000000de       0x31 ./Core/Src/hmi.o
 .debug_rnglists
                0x0000010f      0x1a0 ./Core/Src/main.o
 .debug_rnglists
                0x000002af       0x13 ./Core/Src/stm32g4xx_hal_msp.o
 .debug_rnglists
                0x000002c2       0x67 ./Core/Src/stm32g4xx_it.o
 .debug_rnglists
                0x00000329       0x1a ./Core/Src/system_stm32g4xx.o
 .debug_rnglists
                0x00000343       0x19 ./Core/Startup/startup_stm32g431k8tx.o
 .debug_rnglists
                0x0000035c       0xf1 ./Drivers/STM32G4xx_HAL_Driver/Src/stm32g4xx_hal.o
 .debug_rnglists
                0x0000044d       0xda ./Drivers/STM32G4xx_HAL_Driver/Src/stm32g4xx_hal_cortex.o
 .debug_rnglists
                0x00000527       0xee ./Drivers/STM32G4xx_HAL_Driver/Src/stm32g4xx_hal_pcd.o
 .debug_rnglists
                0x00000615       0x3f ./Drivers/STM32G4xx_HAL_Driver/Src/stm32g4xx_hal_pcd_ex.o
 .debug_rnglists
                0x00000654       0xf1 ./Drivers/STM32G4xx_HAL_Driver/Src/stm32g4xx_hal_pwr_ex.o
 .debug_rnglists
                0x00000745       0x9a ./Drivers/STM32G4xx_HAL_Driver/Src/stm32g4xx_ll_adc.o
 .debug_rnglists
                0x000007df       0x51 ./Drivers/STM32G4xx_HAL_Driver/Src/stm32g4xx_ll_gpio.o
 .debug_rnglists
                0x00000830      0x14d ./Drivers/STM32G4xx_HAL_Driver/Src/stm32g4xx_ll_rcc.o
 .debug_rnglists
                0x0000097d       0x69 ./Drivers/STM32G4xx_HAL_Driver/Src/stm32g4xx_ll_spi.o
 .debug_rnglists
                0x000009e6       0xfe ./Drivers/STM32G4xx_HAL_Driver/Src/stm32g4xx_ll_tim.o
 .debug_rnglists
                0x00000ae4       0x64 ./Drivers/STM32G4xx_HAL_Driver/Src/stm32g4xx_ll_usart.o
 .debug_rnglists
                0x00000b48       0x99 ./Drivers/STM32G4xx_HAL_Driver/Src/stm32g4xx_ll_usb.o
 .debug_rnglists
                0x00000be1       0xbf ./Drivers/STM32G4xx_HAL_Driver/Src/stm32g4xx_ll_utils.o
 .debug_rnglists
                0x00000ca0       0x6a ./Middlewares/ST/STM32_USB_Device_Library/Class/CDC/Src/usbd_cdc.o
 .debug_rnglists
                0x00000d0a       0x89 ./Middlewares/ST/STM32_USB_Device_Library/Core/Src/usbd_core.o
 .debug_rnglists
                0x00000d93       0x6e ./Middlewares/ST/STM32_USB_Device_Library/Core/Src/usbd_ctlreq.o
 .debug_rnglists
                0x00000e01       0x37 ./Middlewares/ST/STM32_USB_Device_Library/Core/Src/usbd_ioreq.o
 .debug_rnglists
                0x00000e38       0x13 ./USB_Device/App/usb_device.o
 .debug_rnglists
                0x00000e4b       0x32 ./USB_Device/App/usbd_cdc_if.o
 .debug_rnglists
                0x00000e7d       0x43 ./USB_Device/App/usbd_desc.o
 .debug_rnglists
                0x00000ec0       0xda ./USB_Device/Target/usbd_conf.o

.debug_macro    0x00000000    0x26cf5
 .debug_macro   0x00000000      0x255 ./Core/Src/ILI9341_driver.o
 .debug_macro   0x00000255      0xade ./Core/Src/ILI9341_driver.o
 .debug_macro   0x00000d33       0x22 ./Core/Src/ILI9341_driver.o
 .debug_macro   0x00000d55       0x8e ./Core/Src/ILI9341_driver.o
 .debug_macro   0x00000de3       0x51 ./Core/Src/ILI9341_driver.o
 .debug_macro   0x00000e34      0x103 ./Core/Src/ILI9341_driver.o
 .debug_macro   0x00000f37       0x6a ./Core/Src/ILI9341_driver.o
 .debug_macro   0x00000fa1      0x1df ./Core/Src/ILI9341_driver.o
 .debug_macro   0x00001180       0x9a ./Core/Src/ILI9341_driver.o
 .debug_macro   0x0000121a       0x16 ./Core/Src/ILI9341_driver.o
 .debug_macro   0x00001230       0x2e ./Core/Src/ILI9341_driver.o
 .debug_macro   0x0000125e       0x28 ./Core/Src/ILI9341_driver.o
 .debug_macro   0x00001286       0x1c ./Core/Src/ILI9341_driver.o
 .debug_macro   0x000012a2       0x22 ./Core/Src/ILI9341_driver.o
 .debug_macro   0x000012c4       0xfb ./Core/Src/ILI9341_driver.o
 .debug_macro   0x000013bf     0x1011 ./Core/Src/ILI9341_driver.o
 .debug_macro   0x000023d0      0x11f ./Core/Src/ILI9341_driver.o
 .debug_macro   0x000024ef    0x1138f ./Core/Src/ILI9341_driver.o
 .debug_macro   0x0001387e       0x6d ./Core/Src/ILI9341_driver.o
 .debug_macro   0x000138eb      0x155 ./Core/Src/ILI9341_driver.o
 .debug_macro   0x00013a40     0x3558 ./Core/Src/ILI9341_driver.o
 .debug_macro   0x00016f98      0x190 ./Core/Src/ILI9341_driver.o
 .debug_macro   0x00017128       0x5c ./Core/Src/ILI9341_driver.o
 .debug_macro   0x00017184     0x141d ./Core/Src/ILI9341_driver.o
 .debug_macro   0x000185a1      0x535 ./Core/Src/ILI9341_driver.o
 .debug_macro   0x00018ad6      0x1b6 ./Core/Src/ILI9341_driver.o
 .debug_macro   0x00018c8c      0x288 ./Core/Src/ILI9341_driver.o
 .debug_macro   0x00018f14      0x41d ./Core/Src/ILI9341_driver.o
 .debug_macro   0x00019331      0x18b ./Core/Src/ILI9341_driver.o
 .debug_macro   0x000194bc       0x43 ./Core/Src/ILI9341_driver.o
 .debug_macro   0x000194ff      0x23d ./Core/Src/ILI9341_driver.o
 .debug_macro   0x0001973c      0x211 ./Core/Src/ILI9341_driver.o
 .debug_macro   0x0001994d      0x401 ./Core/Src/ILI9341_driver.o
 .debug_macro   0x00019d4e      0x107 ./Core/Src/ILI9341_driver.o
 .debug_macro   0x00019e55       0x73 ./Core/Src/ILI9341_driver.o
 .debug_macro   0x00019ec8      0x22d ./Core/Src/ILI9341_driver.o
 .debug_macro   0x0001a0f5      0x122 ./Core/Src/ILI9341_driver.o
 .debug_macro   0x0001a217      0x3d1 ./Core/Src/ILI9341_driver.o
 .debug_macro   0x0001a5e8      0x306 ./Core/Src/ILI9341_driver.o
 .debug_macro   0x0001a8ee      0x163 ./Core/Src/ILI9341_driver.o
 .debug_macro   0x0001aa51      0x2f0 ./Core/Src/ILI9341_driver.o
 .debug_macro   0x0001ad41       0xa0 ./Core/Src/ILI9341_driver.o
 .debug_macro   0x0001ade1      0x63e ./Core/Src/ILI9341_driver.o
 .debug_macro   0x0001b41f      0x24e ./Core/Src/ILI9341_driver.o
 .debug_macro   0x0001b66d       0x72 ./Core/Src/fonts.o
 .debug_macro   0x0001b6df       0x10 ./Core/Src/fonts.o
 .debug_macro   0x0001b6ef      0x2d9 ./Core/Src/hmi.o
 .debug_macro   0x0001b9c8     0x1112 ./Core/Src/hmi.o
 .debug_macro   0x0001cada      0x5f7 ./Core/Src/hmi.o
 .debug_macro   0x0001d0d1      0x188 ./Core/Src/hmi.o
 .debug_macro   0x0001d259       0xd0 ./Core/Src/hmi.o
 .debug_macro   0x0001d329      0x28c ./Core/Src/hmi.o
 .debug_macro   0x0001d5b5      0x155 ./Core/Src/hmi.o
 .debug_macro   0x0001d70a      0x1a6 ./Core/Src/hmi.o
 .debug_macro   0x0001d8b0      0x231 ./Core/Src/hmi.o
 .debug_macro   0x0001dae1      0xd14 ./Core/Src/hmi.o
 .debug_macro   0x0001e7f5      0x40f ./Core/Src/hmi.o
 .debug_macro   0x0001ec04      0x169 ./Core/Src/hmi.o
 .debug_macro   0x0001ed6d       0xb8 ./Core/Src/hmi.o
 .debug_macro   0x0001ee25       0xa0 ./Core/Src/hmi.o
 .debug_macro   0x0001eec5      0x3d4 ./Core/Src/main.o
 .debug_macro   0x0001f299       0x61 ./Core/Src/main.o
 .debug_macro   0x0001f2fa       0x2a ./Core/Src/main.o
 .debug_macro   0x0001f324       0x43 ./Core/Src/main.o
 .debug_macro   0x0001f367       0x34 ./Core/Src/main.o
 .debug_macro   0x0001f39b       0x16 ./Core/Src/main.o
 .debug_macro   0x0001f3b1       0x3c ./Core/Src/main.o
 .debug_macro   0x0001f3ed      0x364 ./Core/Src/main.o
 .debug_macro   0x0001f751       0x10 ./Core/Src/main.o
 .debug_macro   0x0001f761       0x16 ./Core/Src/main.o
 .debug_macro   0x0001f777       0x4a ./Core/Src/main.o
 .debug_macro   0x0001f7c1       0x34 ./Core/Src/main.o
 .debug_macro   0x0001f7f5       0x10 ./Core/Src/main.o
 .debug_macro   0x0001f805       0x58 ./Core/Src/main.o
 .debug_macro   0x0001f85d       0x8e ./Core/Src/main.o
 .debug_macro   0x0001f8eb       0x1c ./Core/Src/main.o
 .debug_macro   0x0001f907      0x17e ./Core/Src/main.o
 .debug_macro   0x0001fa85       0x16 ./Core/Src/main.o
 .debug_macro   0x0001fa9b       0x16 ./Core/Src/main.o
 .debug_macro   0x0001fab1      0x146 ./Core/Src/main.o
 .debug_macro   0x0001fbf7       0x16 ./Core/Src/main.o
 .debug_macro   0x0001fc0d       0x16 ./Core/Src/main.o
 .debug_macro   0x0001fc23       0x29 ./Core/Src/main.o
 .debug_macro   0x0001fc4c       0x16 ./Core/Src/main.o
 .debug_macro   0x0001fc62       0x20 ./Core/Src/main.o
 .debug_macro   0x0001fc82       0x5f ./Core/Src/main.o
 .debug_macro   0x0001fce1      0x1ef ./Core/Src/main.o
 .debug_macro   0x0001fed0      0x266 ./Core/Src/stm32g4xx_hal_msp.o
 .debug_macro   0x00020136      0x28d ./Core/Src/stm32g4xx_it.o
 .debug_macro   0x000203c3      0x1ca ./Core/Src/system_stm32g4xx.o
 .debug_macro   0x0002058d      0x218 ./Drivers/STM32G4xx_HAL_Driver/Src/stm32g4xx_hal.o
 .debug_macro   0x000207a5      0x1ca ./Drivers/STM32G4xx_HAL_Driver/Src/stm32g4xx_hal_cortex.o
 .debug_macro   0x0002096f      0x1d6 ./Drivers/STM32G4xx_HAL_Driver/Src/stm32g4xx_hal_pcd.o
 .debug_macro   0x00020b45      0x1ca ./Drivers/STM32G4xx_HAL_Driver/Src/stm32g4xx_hal_pcd_ex.o
 .debug_macro   0x00020d0f      0x1f4 ./Drivers/STM32G4xx_HAL_Driver/Src/stm32g4xx_hal_pwr_ex.o
 .debug_macro   0x00020f03      0x27b ./Drivers/STM32G4xx_HAL_Driver/Src/stm32g4xx_ll_adc.o
 .debug_macro   0x0002117e     0x110c ./Drivers/STM32G4xx_HAL_Driver/Src/stm32g4xx_ll_adc.o
 .debug_macro   0x0002228a      0x20c ./Drivers/STM32G4xx_HAL_Driver/Src/stm32g4xx_ll_gpio.o
 .debug_macro   0x00022496      0x221 ./Drivers/STM32G4xx_HAL_Driver/Src/stm32g4xx_ll_rcc.o
 .debug_macro   0x000226b7      0x5f1 ./Drivers/STM32G4xx_HAL_Driver/Src/stm32g4xx_ll_rcc.o
 .debug_macro   0x00022ca8      0x279 ./Drivers/STM32G4xx_HAL_Driver/Src/stm32g4xx_ll_spi.o
 .debug_macro   0x00022f21      0x2ea ./Drivers/STM32G4xx_HAL_Driver/Src/stm32g4xx_ll_spi.o
 .debug_macro   0x0002320b      0x283 ./Drivers/STM32G4xx_HAL_Driver/Src/stm32g4xx_ll_tim.o
 .debug_macro   0x0002348e      0xd0e ./Drivers/STM32G4xx_HAL_Driver/Src/stm32g4xx_ll_tim.o
 .debug_macro   0x0002419c      0x245 ./Drivers/STM32G4xx_HAL_Driver/Src/stm32g4xx_ll_usart.o
 .debug_macro   0x000243e1      0x409 ./Drivers/STM32G4xx_HAL_Driver/Src/stm32g4xx_ll_usart.o
 .debug_macro   0x000247ea      0x1ca ./Drivers/STM32G4xx_HAL_Driver/Src/stm32g4xx_ll_usb.o
 .debug_macro   0x000249b4      0x2be ./Drivers/STM32G4xx_HAL_Driver/Src/stm32g4xx_ll_utils.o
 .debug_macro   0x00024c72       0x9a ./Drivers/STM32G4xx_HAL_Driver/Src/stm32g4xx_ll_utils.o
 .debug_macro   0x00024d0c      0x359 ./Middlewares/ST/STM32_USB_Device_Library/Class/CDC/Src/usbd_cdc.o
 .debug_macro   0x00025065       0x9e ./Middlewares/ST/STM32_USB_Device_Library/Class/CDC/Src/usbd_cdc.o
 .debug_macro   0x00025103      0x112 ./Middlewares/ST/STM32_USB_Device_Library/Class/CDC/Src/usbd_cdc.o
 .debug_macro   0x00025215       0x56 ./Middlewares/ST/STM32_USB_Device_Library/Class/CDC/Src/usbd_cdc.o
 .debug_macro   0x0002526b       0x95 ./Middlewares/ST/STM32_USB_Device_Library/Class/CDC/Src/usbd_cdc.o
 .debug_macro   0x00025300      0x340 ./Middlewares/ST/STM32_USB_Device_Library/Core/Src/usbd_core.o
 .debug_macro   0x00025640      0x1f5 ./Middlewares/ST/STM32_USB_Device_Library/Core/Src/usbd_core.o
 .debug_macro   0x00025835      0x34a ./Middlewares/ST/STM32_USB_Device_Library/Core/Src/usbd_ctlreq.o
 .debug_macro   0x00025b7f      0x346 ./Middlewares/ST/STM32_USB_Device_Library/Core/Src/usbd_ioreq.o
 .debug_macro   0x00025ec5      0x37f ./USB_Device/App/usb_device.o
 .debug_macro   0x00026244       0x22 ./USB_Device/App/usb_device.o
 .debug_macro   0x00026266       0x16 ./USB_Device/App/usb_device.o
 .debug_macro   0x0002627c      0x364 ./USB_Device/App/usbd_cdc_if.o
 .debug_macro   0x000265e0       0x10 ./USB_Device/App/usbd_cdc_if.o
 .debug_macro   0x000265f0      0x37d ./USB_Device/App/usbd_desc.o
 .debug_macro   0x0002696d       0x1c ./USB_Device/App/usbd_desc.o
 .debug_macro   0x00026989      0x36c ./USB_Device/Target/usbd_conf.o

.debug_line     0x00000000    0x147a6
 .debug_line    0x00000000      0xfcf ./Core/Src/ILI9341_driver.o
 .debug_line    0x00000fcf      0x353 ./Core/Src/fonts.o
 .debug_line    0x00001322      0x88e ./Core/Src/hmi.o
 .debug_line    0x00001bb0     0x151e ./Core/Src/main.o
 .debug_line    0x000030ce      0x7e7 ./Core/Src/stm32g4xx_hal_msp.o
 .debug_line    0x000038b5      0x93a ./Core/Src/stm32g4xx_it.o
 .debug_line    0x000041ef      0x6fa ./Core/Src/system_stm32g4xx.o
 .debug_line    0x000048e9       0x7b ./Core/Startup/startup_stm32g431k8tx.o
 .debug_line    0x00004964      0xac9 ./Drivers/STM32G4xx_HAL_Driver/Src/stm32g4xx_hal.o
 .debug_line    0x0000542d      0xc2b ./Drivers/STM32G4xx_HAL_Driver/Src/stm32g4xx_hal_cortex.o
 .debug_line    0x00006058     0x1248 ./Drivers/STM32G4xx_HAL_Driver/Src/stm32g4xx_hal_pcd.o
 .debug_line    0x000072a0      0x82f ./Drivers/STM32G4xx_HAL_Driver/Src/stm32g4xx_hal_pcd_ex.o
 .debug_line    0x00007acf      0xc25 ./Drivers/STM32G4xx_HAL_Driver/Src/stm32g4xx_hal_pwr_ex.o
 .debug_line    0x000086f4      0xabe ./Drivers/STM32G4xx_HAL_Driver/Src/stm32g4xx_ll_adc.o
 .debug_line    0x000091b2      0xa2a ./Drivers/STM32G4xx_HAL_Driver/Src/stm32g4xx_ll_gpio.o
 .debug_line    0x00009bdc     0x1216 ./Drivers/STM32G4xx_HAL_Driver/Src/stm32g4xx_ll_rcc.o
 .debug_line    0x0000adf2      0x933 ./Drivers/STM32G4xx_HAL_Driver/Src/stm32g4xx_ll_spi.o
 .debug_line    0x0000b725      0xe1c ./Drivers/STM32G4xx_HAL_Driver/Src/stm32g4xx_ll_tim.o
 .debug_line    0x0000c541      0x902 ./Drivers/STM32G4xx_HAL_Driver/Src/stm32g4xx_ll_usart.o
 .debug_line    0x0000ce43      0xf4b ./Drivers/STM32G4xx_HAL_Driver/Src/stm32g4xx_ll_usb.o
 .debug_line    0x0000dd8e      0xc29 ./Drivers/STM32G4xx_HAL_Driver/Src/stm32g4xx_ll_utils.o
 .debug_line    0x0000e9b7      0xca9 ./Middlewares/ST/STM32_USB_Device_Library/Class/CDC/Src/usbd_cdc.o
 .debug_line    0x0000f660      0xd2d ./Middlewares/ST/STM32_USB_Device_Library/Core/Src/usbd_core.o
 .debug_line    0x0001038d      0xfc4 ./Middlewares/ST/STM32_USB_Device_Library/Core/Src/usbd_ctlreq.o
 .debug_line    0x00011351      0x98c ./Middlewares/ST/STM32_USB_Device_Library/Core/Src/usbd_ioreq.o
 .debug_line    0x00011cdd      0x958 ./USB_Device/App/usb_device.o
 .debug_line    0x00012635      0x9ab ./USB_Device/App/usbd_cdc_if.o
 .debug_line    0x00012fe0      0xa01 ./USB_Device/App/usbd_desc.o
 .debug_line    0x000139e1      0xdc5 ./USB_Device/Target/usbd_conf.o

.debug_str      0x00000000    0xde1c7
 .debug_str     0x00000000    0xde1c7 ./Core/Src/ILI9341_driver.o
                              0xb2fa1 (size before relaxing)
 .debug_str     0x000de1c7     0x3df5 ./Core/Src/fonts.o
 .debug_str     0x000de1c7    0xce768 ./Core/Src/hmi.o
 .debug_str     0x000de1c7    0xd3ae4 ./Core/Src/main.o
 .debug_str     0x000de1c7    0xce544 ./Core/Src/stm32g4xx_hal_msp.o
 .debug_str     0x000de1c7    0xceac6 ./Core/Src/stm32g4xx_it.o
 .debug_str     0x000de1c7    0xace9b ./Core/Src/system_stm32g4xx.o
 .debug_str     0x000de1c7       0x8b ./Core/Startup/startup_stm32g431k8tx.o
 .debug_str     0x000de1c7    0xad9da ./Drivers/STM32G4xx_HAL_Driver/Src/stm32g4xx_hal.o
 .debug_str     0x000de1c7    0xad696 ./Drivers/STM32G4xx_HAL_Driver/Src/stm32g4xx_hal_cortex.o
 .debug_str     0x000de1c7    0xad617 ./Drivers/STM32G4xx_HAL_Driver/Src/stm32g4xx_hal_pcd.o
 .debug_str     0x000de1c7    0xad253 ./Drivers/STM32G4xx_HAL_Driver/Src/stm32g4xx_hal_pcd_ex.o
 .debug_str     0x000de1c7    0xad389 ./Drivers/STM32G4xx_HAL_Driver/Src/stm32g4xx_hal_pwr_ex.o
 .debug_str     0x000de1c7    0xbc38f ./Drivers/STM32G4xx_HAL_Driver/Src/stm32g4xx_ll_adc.o
 .debug_str     0x000de1c7    0xae721 ./Drivers/STM32G4xx_HAL_Driver/Src/stm32g4xx_ll_gpio.o
 .debug_str     0x000de1c7    0xb0d99 ./Drivers/STM32G4xx_HAL_Driver/Src/stm32g4xx_ll_rcc.o
 .debug_str     0x000de1c7    0xb2fa8 ./Drivers/STM32G4xx_HAL_Driver/Src/stm32g4xx_ll_spi.o
 .debug_str     0x000de1c7    0xb5eaa ./Drivers/STM32G4xx_HAL_Driver/Src/stm32g4xx_ll_tim.o
 .debug_str     0x000de1c7    0xb3231 ./Drivers/STM32G4xx_HAL_Driver/Src/stm32g4xx_ll_usart.o
 .debug_str     0x000de1c7    0xad154 ./Drivers/STM32G4xx_HAL_Driver/Src/stm32g4xx_ll_usb.o
 .debug_str     0x000de1c7    0xb375e ./Drivers/STM32G4xx_HAL_Driver/Src/stm32g4xx_ll_utils.o
 .debug_str     0x000de1c7    0xb1cfc ./Middlewares/ST/STM32_USB_Device_Library/Class/CDC/Src/usbd_cdc.o
 .debug_str     0x000de1c7    0xb15d8 ./Middlewares/ST/STM32_USB_Device_Library/Core/Src/usbd_core.o
 .debug_str     0x000de1c7    0xb152a ./Middlewares/ST/STM32_USB_Device_Library/Core/Src/usbd_ctlreq.o
 .debug_str     0x000de1c7    0xb141f ./Middlewares/ST/STM32_USB_Device_Library/Core/Src/usbd_ioreq.o
 .debug_str     0x000de1c7    0xb17d3 ./USB_Device/App/usb_device.o
 .debug_str     0x000de1c7    0xb1812 ./USB_Device/App/usbd_cdc_if.o
 .debug_str     0x000de1c7    0xb1329 ./USB_Device/App/usbd_desc.o
 .debug_str     0x000de1c7    0xb59e9 ./USB_Device/Target/usbd_conf.o

.comment        0x00000000       0x43
 .comment       0x00000000       0x43 ./Core/Src/ILI9341_driver.o
                                 0x44 (size before relaxing)
 .comment       0x00000043       0x44 ./Core/Src/fonts.o
 .comment       0x00000043       0x44 ./Core/Src/hmi.o
 .comment       0x00000043       0x44 ./Core/Src/main.o
 .comment       0x00000043       0x44 ./Core/Src/stm32g4xx_hal_msp.o
 .comment       0x00000043       0x44 ./Core/Src/stm32g4xx_it.o
 .comment       0x00000043       0x44 ./Core/Src/system_stm32g4xx.o
 .comment       0x00000043       0x44 ./Drivers/STM32G4xx_HAL_Driver/Src/stm32g4xx_hal.o
 .comment       0x00000043       0x44 ./Drivers/STM32G4xx_HAL_Driver/Src/stm32g4xx_hal_cortex.o
 .comment       0x00000043       0x44 ./Drivers/STM32G4xx_HAL_Driver/Src/stm32g4xx_hal_pcd.o
 .comment       0x00000043       0x44 ./Drivers/STM32G4xx_HAL_Driver/Src/stm32g4xx_hal_pcd_ex.o
 .comment       0x00000043       0x44 ./Drivers/STM32G4xx_HAL_Driver/Src/stm32g4xx_hal_pwr_ex.o
 .comment       0x00000043       0x44 ./Drivers/STM32G4xx_HAL_Driver/Src/stm32g4xx_ll_adc.o
 .comment       0x00000043       0x44 ./Drivers/STM32G4xx_HAL_Driver/Src/stm32g4xx_ll_gpio.o
 .comment       0x00000043       0x44 ./Drivers/STM32G4xx_HAL_Driver/Src/stm32g4xx_ll_rcc.o
 .comment       0x00000043       0x44 ./Drivers/STM32G4xx_HAL_Driver/Src/stm32g4xx_ll_spi.o
 .comment       0x00000043       0x44 ./Drivers/STM32G4xx_HAL_Driver/Src/stm32g4xx_ll_tim.o
 .comment       0x00000043       0x44 ./Drivers/STM32G4xx_HAL_Driver/Src/stm32g4xx_ll_usart.o
 .comment       0x00000043       0x44 ./Drivers/STM32G4xx_HAL_Driver/Src/stm32g4xx_ll_usb.o
 .comment       0x00000043       0x44 ./Drivers/STM32G4xx_HAL_Driver/Src/stm32g4xx_ll_utils.o
 .comment       0x00000043       0x44 ./Middlewares/ST/STM32_USB_Device_Library/Class/CDC/Src/usbd_cdc.o
 .comment       0x00000043       0x44 ./Middlewares/ST/STM32_USB_Device_Library/Core/Src/usbd_core.o
 .comment       0x00000043       0x44 ./Middlewares/ST/STM32_USB_Device_Library/Core/Src/usbd_ctlreq.o
 .comment       0x00000043       0x44 ./Middlewares/ST/STM32_USB_Device_Library/Core/Src/usbd_ioreq.o
 .comment       0x00000043       0x44 ./USB_Device/App/usb_device.o
 .comment       0x00000043       0x44 ./USB_Device/App/usbd_cdc_if.o