../Drivers/CMSIS/Include/core_cm4.h:1667:26:__NVIC_GetPriorityGrouping	1
../Drivers/CMSIS/Include/core_cm4.h:1679:22:__NVIC_EnableIRQ	2
../Drivers/CMSIS/Include/core_cm4.h:1809:22:__NVIC_SetPriority	2
../Drivers/CMSIS/Include/core_cm4.h:1856:26:NVIC_EncodePriority	2
../Drivers/STM32G4xx_HAL_Driver/Inc/stm32g4xx_ll_adc.h:4471:22:LL_ADC_SetGainCompensation	2
../Drivers/STM32G4xx_HAL_Driver/Inc/stm32g4xx_ll_adc.h:5043:22:LL_ADC_REG_SetSequencerRanks	1
../Drivers/STM32G4xx_HAL_Driver/Inc/stm32g4xx_ll_adc.h:6319:22:LL_ADC_SetChannelSamplingTime	1
../Drivers/STM32G4xx_HAL_Driver/Inc/stm32g4xx_ll_adc.h:6490:22:LL_ADC_SetChannelSingleDiff	1
../Drivers/STM32G4xx_HAL_Driver/Inc/stm32g4xx_ll_adc.h:7192:22:LL_ADC_SetOverSamplingScope	1
../Drivers/STM32G4xx_HAL_Driver/Inc/stm32g4xx_ll_adc.h:7621:22:LL_ADC_DisableDeepPowerDown	1
../Drivers/STM32G4xx_HAL_Driver/Inc/stm32g4xx_ll_adc.h:7654:22:LL_ADC_EnableInternalRegulator	1
../Drivers/STM32G4xx_HAL_Driver/Inc/stm32g4xx_ll_dma.h:628:22:LL_DMA_SetDataTransferDirection	1
../Drivers/STM32G4xx_HAL_Driver/Inc/stm32g4xx_ll_dma.h:683:22:LL_DMA_SetMode	1
../Drivers/STM32G4xx_HAL_Driver/Inc/stm32g4xx_ll_dma.h:734:22:LL_DMA_SetPeriphIncMode	1
../Drivers/STM32G4xx_HAL_Driver/Inc/stm32g4xx_ll_dma.h:785:22:LL_DMA_SetMemoryIncMode	1
../Drivers/STM32G4xx_HAL_Driver/Inc/stm32g4xx_ll_dma.h:837:22:LL_DMA_SetPeriphSize	1
../Drivers/STM32G4xx_HAL_Driver/Inc/stm32g4xx_ll_dma.h:890:22:LL_DMA_SetMemorySize	1
../Drivers/STM32G4xx_HAL_Driver/Inc/stm32g4xx_ll_dma.h:944:22:LL_DMA_SetChannelPriorityLevel	1
../Drivers/STM32G4xx_HAL_Driver/Inc/stm32g4xx_ll_dma.h:1406:22:LL_DMA_SetPeriphRequest	1
../Drivers/STM32G4xx_HAL_Driver/Inc/stm32g4xx_ll_rcc.h:950:22:LL_RCC_HSE_Enable	1
../Drivers/STM32G4xx_HAL_Driver/Inc/stm32g4xx_ll_rcc.h:970:26:LL_RCC_HSE_IsReady	2
../Drivers/STM32G4xx_HAL_Driver/Inc/stm32g4xx_ll_rcc.h:1083:22:LL_RCC_HSI48_Enable	1
../Drivers/STM32G4xx_HAL_Driver/Inc/stm32g4xx_ll_rcc.h:1103:26:LL_RCC_HSI48_IsReady	2
../Drivers/STM32G4xx_HAL_Driver/Inc/stm32g4xx_ll_rcc.h:1346:22:LL_RCC_SetSysClkSource	1
../Drivers/STM32G4xx_HAL_Driver/Inc/stm32g4xx_ll_rcc.h:1359:26:LL_RCC_GetSysClkSource	1
../Drivers/STM32G4xx_HAL_Driver/Inc/stm32g4xx_ll_rcc.h:1379:22:LL_RCC_SetAHBPrescaler	1
../Drivers/STM32G4xx_HAL_Driver/Inc/stm32g4xx_ll_rcc.h:1395:22:LL_RCC_SetAPB1Prescaler	1
../Drivers/STM32G4xx_HAL_Driver/Inc/stm32g4xx_ll_rcc.h:1411:22:LL_RCC_SetAPB2Prescaler	1
../Drivers/STM32G4xx_HAL_Driver/Inc/stm32g4xx_ll_rcc.h:1527:22:LL_RCC_SetUSARTClockSource	1
../Drivers/STM32G4xx_HAL_Driver/Inc/stm32g4xx_ll_rcc.h:1704:22:LL_RCC_SetADCClockSource	1
../Drivers/STM32G4xx_HAL_Driver/Inc/stm32g4xx_ll_rcc.h:2063:22:LL_RCC_PLL_Enable	1
../Drivers/STM32G4xx_HAL_Driver/Inc/stm32g4xx_ll_rcc.h:2084:26:LL_RCC_PLL_IsReady	2
../Drivers/STM32G4xx_HAL_Driver/Inc/stm32g4xx_ll_rcc.h:2127:22:LL_RCC_PLL_ConfigDomain_SYS	1
../Drivers/STM32G4xx_HAL_Driver/Inc/stm32g4xx_ll_rcc.h:2197:22:LL_RCC_PLL_ConfigDomain_ADC	1
../Drivers/STM32G4xx_HAL_Driver/Inc/stm32g4xx_ll_rcc.h:2388:22:LL_RCC_PLL_EnableDomain_ADC	1
../Drivers/STM32G4xx_HAL_Driver/Inc/stm32g4xx_ll_rcc.h:2456:22:LL_RCC_PLL_EnableDomain_SYS	1
../Drivers/STM32G4xx_HAL_Driver/Inc/stm32g4xx_ll_bus.h:243:22:LL_AHB1_GRP1_EnableClock	1
../Drivers/STM32G4xx_HAL_Driver/Inc/stm32g4xx_ll_bus.h:451:22:LL_AHB2_GRP1_EnableClock	1
../Drivers/STM32G4xx_HAL_Driver/Inc/stm32g4xx_ll_bus.h:913:22:LL_APB1_GRP1_EnableClock	1
../Drivers/STM32G4xx_HAL_Driver/Inc/stm32g4xx_ll_bus.h:1427:22:LL_APB2_GRP1_EnableClock	1
../Drivers/STM32G4xx_HAL_Driver/Inc/stm32g4xx_ll_system.h:1292:22:LL_FLASH_SetLatency	1
../Drivers/STM32G4xx_HAL_Driver/Inc/stm32g4xx_ll_system.h:1320:26:LL_FLASH_GetLatency	1
../Drivers/STM32G4xx_HAL_Driver/Inc/stm32g4xx_ll_pwr.h:318:22:LL_PWR_SetRegulVoltageScaling	1
../Drivers/STM32G4xx_HAL_Driver/Inc/stm32g4xx_ll_spi.h:439:22:LL_SPI_SetStandard	1
../Drivers/STM32G4xx_HAL_Driver/Inc/stm32g4xx_ll_spi.h:875:22:LL_SPI_EnableNSSPulseMgt	1
../Drivers/STM32G4xx_HAL_Driver/Inc/stm32g4xx_ll_tim.h:2214:22:LL_TIM_DisableARRPreload	1
../Drivers/STM32G4xx_HAL_Driver/Inc/stm32g4xx_ll_tim.h:3954:22:LL_TIM_SetClockSource	1
../Drivers/STM32G4xx_HAL_Driver/Inc/stm32g4xx_ll_tim.h:4007:22:LL_TIM_SetTriggerOutput	1
../Drivers/STM32G4xx_HAL_Driver/Inc/stm32g4xx_ll_tim.h:4113:22:LL_TIM_DisableMasterSlaveMode	1
../Drivers/STM32G4xx_HAL_Driver/Inc/stm32g4xx_ll_usart.h:634:22:LL_USART_Enable	1
../Drivers/STM32G4xx_HAL_Driver/Inc/stm32g4xx_ll_usart.h:685:22:LL_USART_DisableFIFO	1
../Drivers/STM32G4xx_HAL_Driver/Inc/stm32g4xx_ll_usart.h:718:22:LL_USART_SetTXFIFOThreshold	2
../Drivers/STM32G4xx_HAL_Driver/Inc/stm32g4xx_ll_usart.h:757:22:LL_USART_SetRXFIFOThreshold	2
../Drivers/STM32G4xx_HAL_Driver/Inc/stm32g4xx_ll_usart.h:2673:22:LL_USART_ConfigAsyncMode	1
../Drivers/STM32G4xx_HAL_Driver/Inc/stm32g4xx_ll_usart.h:3193:26:LL_USART_IsActiveFlag_TEACK	2
../Drivers/STM32G4xx_HAL_Driver/Inc/stm32g4xx_ll_usart.h:3204:26:LL_USART_IsActiveFlag_REACK	2
../Drivers/STM32G4xx_HAL_Driver/Inc/stm32g4xx_ll_gpio.h:923:22:LL_GPIO_ResetOutputPin	1
../Core/Src/main.c:72:5:main	1
../Core/Src/main.c:123:6:SystemClock_Config	8
../Core/Src/main.c:180:13:MX_ADC1_Init	2
../Core/Src/main.c:307:13:MX_SPI1_Init	1
../Core/Src/main.c:398:13:MX_TIM2_Init	1
../Core/Src/main.c:437:13:MX_USART1_UART_Init	3
../Core/Src/main.c:546:13:MX_DMA_Init	1
../Core/Src/main.c:575:13:MX_GPIO_Init	1
../Core/Src/main.c:677:6:Error_Handler	1
