../Drivers/STM32G4xx_HAL_Driver/Inc/stm32g4xx_ll_gpio.h:894:22:LL_GPIO_SetOutputPin	16	static
../Drivers/STM32G4xx_HAL_Driver/Inc/stm32g4xx_ll_gpio.h:923:22:LL_GPIO_ResetOutputPin	16	static
../Drivers/STM32G4xx_HAL_Driver/Inc/stm32g4xx_ll_adc.h:3608:26:LL_ADC_DMA_GetRegAddr	24	static
../Drivers/STM32G4xx_HAL_Driver/Inc/stm32g4xx_ll_adc.h:7705:22:LL_ADC_Enable	16	static
../Drivers/STM32G4xx_HAL_Driver/Inc/stm32g4xx_ll_adc.h:7783:22:LL_ADC_StartCalibration	16	static
../Drivers/STM32G4xx_HAL_Driver/Inc/stm32g4xx_ll_adc.h:7799:26:LL_ADC_IsCalibrationOnGoing	16	static
../Drivers/STM32G4xx_HAL_Driver/Inc/stm32g4xx_ll_adc.h:7830:22:LL_ADC_REG_StartConversion	16	static
../Drivers/STM32G4xx_HAL_Driver/Inc/stm32g4xx_ll_adc.h:8264:26:LL_ADC_IsActiveFlag_ADRDY	16	static
../Drivers/STM32G4xx_HAL_Driver/Inc/stm32g4xx_ll_adc.h:8286:26:LL_ADC_IsActiveFlag_EOS	16	static
../Drivers/STM32G4xx_HAL_Driver/Inc/stm32g4xx_ll_adc.h:8410:22:LL_ADC_ClearFlag_EOS	16	static
../Drivers/STM32G4xx_HAL_Driver/Inc/stm32g4xx_ll_tim.h:2023:22:LL_TIM_EnableCounter	16	static
../Drivers/STM32G4xx_HAL_Driver/Inc/stm32g4xx_ll_tim.h:5455:22:LL_TIM_ClearFlag_UPDATE	16	static
../Drivers/STM32G4xx_HAL_Driver/Inc/stm32g4xx_ll_tim.h:5466:26:LL_TIM_IsActiveFlag_UPDATE	16	static
../Drivers/STM32G4xx_HAL_Driver/Inc/stm32g4xx_ll_tim.h:5921:22:LL_TIM_EnableIT_UPDATE	16	static
../Drivers/STM32G4xx_HAL_Driver/Inc/stm32g4xx_ll_tim.h:6586:22:LL_TIM_GenerateEvent_UPDATE	16	static
../Drivers/STM32G4xx_HAL_Driver/Inc/stm32g4xx_ll_dma.h:517:22:LL_DMA_EnableChannel	24	static
../Drivers/STM32G4xx_HAL_Driver/Inc/stm32g4xx_ll_dma.h:539:22:LL_DMA_DisableChannel	24	static
../Drivers/STM32G4xx_HAL_Driver/Inc/stm32g4xx_ll_dma.h:561:26:LL_DMA_IsEnabledChannel	24	static
../Drivers/STM32G4xx_HAL_Driver/Inc/stm32g4xx_ll_dma.h:997:22:LL_DMA_SetDataLength	32	static
../Drivers/STM32G4xx_HAL_Driver/Inc/stm32g4xx_ll_dma.h:1054:22:LL_DMA_ConfigAddresses	32	static
../Drivers/STM32G4xx_HAL_Driver/Inc/stm32g4xx_ll_dma.h:1092:22:LL_DMA_SetMemoryAddress	32	static
../Drivers/STM32G4xx_HAL_Driver/Inc/stm32g4xx_ll_dma.h:1117:22:LL_DMA_SetPeriphAddress	32	static
../Drivers/STM32G4xx_HAL_Driver/Inc/stm32g4xx_ll_dma.h:1685:26:LL_DMA_IsActiveFlag_TC3	16	static
../Drivers/STM32G4xx_HAL_Driver/Inc/stm32g4xx_ll_dma.h:1696:26:LL_DMA_IsActiveFlag_TC4	16	static
../Drivers/STM32G4xx_HAL_Driver/Inc/stm32g4xx_ll_dma.h:1880:26:LL_DMA_IsActiveFlag_TE4	16	static
../Drivers/STM32G4xx_HAL_Driver/Inc/stm32g4xx_ll_dma.h:2085:22:LL_DMA_ClearFlag_TC3	16	static
../Drivers/STM32G4xx_HAL_Driver/Inc/stm32g4xx_ll_dma.h:2096:22:LL_DMA_ClearFlag_TC4	16	static
../Drivers/STM32G4xx_HAL_Driver/Inc/stm32g4xx_ll_dma.h:2280:22:LL_DMA_ClearFlag_TE4	16	static
../Drivers/STM32G4xx_HAL_Driver/Inc/stm32g4xx_ll_dma.h:2356:22:LL_DMA_EnableIT_TC	24	static
../Drivers/STM32G4xx_HAL_Driver/Inc/stm32g4xx_ll_dma.h:2400:22:LL_DMA_EnableIT_TE	24	static
../Drivers/STM32G4xx_HAL_Driver/Inc/stm32g4xx_ll_usart.h:634:22:LL_USART_Enable	16	static
../Drivers/STM32G4xx_HAL_Driver/Inc/stm32g4xx_ll_usart.h:648:22:LL_USART_Disable	16	static
../Drivers/STM32G4xx_HAL_Driver/Inc/stm32g4xx_ll_usart.h:858:22:LL_USART_EnableDirectionRx	40	static,ignoring_inline_asm
../Drivers/STM32G4xx_HAL_Driver/Inc/stm32g4xx_ll_usart.h:869:22:LL_USART_DisableDirectionRx	40	static,ignoring_inline_asm
../Drivers/STM32G4xx_HAL_Driver/Inc/stm32g4xx_ll_usart.h:3008:26:LL_USART_IsActiveFlag_TC	16	static
../Drivers/STM32G4xx_HAL_Driver/Inc/stm32g4xx_ll_usart.h:3278:22:LL_USART_ClearFlag_PE	16	static
../Drivers/STM32G4xx_HAL_Driver/Inc/stm32g4xx_ll_usart.h:3289:22:LL_USART_ClearFlag_FE	16	static
../Drivers/STM32G4xx_HAL_Driver/Inc/stm32g4xx_ll_usart.h:3300:22:LL_USART_ClearFlag_NE	16	static
../Drivers/STM32G4xx_HAL_Driver/Inc/stm32g4xx_ll_usart.h:3311:22:LL_USART_ClearFlag_ORE	16	static
../Drivers/STM32G4xx_HAL_Driver/Inc/stm32g4xx_ll_usart.h:4116:22:LL_USART_EnableDMAReq_RX	40	static,ignoring_inline_asm
../Drivers/STM32G4xx_HAL_Driver/Inc/stm32g4xx_ll_usart.h:4149:22:LL_USART_EnableDMAReq_TX	40	static,ignoring_inline_asm
../Drivers/STM32G4xx_HAL_Driver/Inc/stm32g4xx_ll_usart.h:4219:26:LL_USART_DMA_GetRegAddr	24	static
../Drivers/STM32G4xx_HAL_Driver/Inc/stm32g4xx_ll_usart.h:4251:25:LL_USART_ReceiveData8	16	static
../Core/Src/hmi.c:151:6:uDMA1_Channel3_IRQHandler	8	static
../Core/Src/hmi.c:161:6:uDMA1_Channel4_IRQHandler	8	static
../Core/Src/hmi.c:178:6:uTIM2_IRQHandler	8	static
../Core/Src/hmi.c:196:6:UART1_Transmit_DMA	16	static
../Core/Src/hmi.c:204:6:hmi_config	16	static
../Core/Src/hmi.c:266:6:u32_to_ascii	40	static
../Core/Src/hmi.c:283:9:calc_bin	24	static
../Core/Src/hmi.c:302:6:sc_uptime	32	static
../Core/Src/hmi.c:309:6:sc_param_req	56	static
../Core/Src/hmi.c:346:6:sc_ain_dbg	88	static
../Core/Src/hmi.c:362:6:sc_meas_data	48	static
../Core/Src/hmi.c:377:6:add_hist_data	32	static
../Core/Src/hmi.c:389:6:param_inc	24	static
../Core/Src/hmi.c:404:6:param_dec	24	static
../Core/Src/hmi.c:419:6:pdbg_adc	32	static
../Core/Src/hmi.c:433:6:process_adc	32	static
../Core/Src/hmi.c:572:6:load_def_screen	16	static
../Core/Src/hmi.c:588:6:uart_rx	24	static
../Core/Src/hmi.c:630:6:uart_tx	16	static
../Core/Src/hmi.c:650:6:hmi_main	40	static
