../Drivers/STM32G4xx_HAL_Driver/Inc/stm32g4xx_ll_gpio.h:894:22:LL_GPIO_SetOutputPin	16	static
../Drivers/STM32G4xx_HAL_Driver/Inc/stm32g4xx_ll_gpio.h:923:22:LL_GPIO_ResetOutputPin	16	static
../Drivers/STM32G4xx_HAL_Driver/Inc/stm32g4xx_ll_spi.h:371:22:LL_SPI_Enable	16	static
../Drivers/STM32G4xx_HAL_Driver/Inc/stm32g4xx_ll_spi.h:929:26:LL_SPI_IsActiveFlag_TXE	16	static
../Drivers/STM32G4xx_HAL_Driver/Inc/stm32g4xx_ll_spi.h:1242:22:LL_SPI_EnableDMAReq_TX	16	static
../Drivers/STM32G4xx_HAL_Driver/Inc/stm32g4xx_ll_spi.h:1253:22:LL_SPI_DisableDMAReq_TX	16	static
../Drivers/STM32G4xx_HAL_Driver/Inc/stm32g4xx_ll_spi.h:1371:22:LL_SPI_TransmitData8	24	static
../Drivers/STM32G4xx_HAL_Driver/Inc/stm32g4xx_ll_dma.h:517:22:LL_DMA_EnableChannel	24	static
../Drivers/STM32G4xx_HAL_Driver/Inc/stm32g4xx_ll_dma.h:539:22:LL_DMA_DisableChannel	24	static
../Drivers/STM32G4xx_HAL_Driver/Inc/stm32g4xx_ll_dma.h:997:22:LL_DMA_SetDataLength	32	static
../Drivers/STM32G4xx_HAL_Driver/Inc/stm32g4xx_ll_dma.h:1092:22:LL_DMA_SetMemoryAddress	32	static
../Drivers/STM32G4xx_HAL_Driver/Inc/stm32g4xx_ll_dma.h:1117:22:LL_DMA_SetPeriphAddress	32	static
../Drivers/STM32G4xx_HAL_Driver/Inc/stm32g4xx_ll_dma.h:1674:26:LL_DMA_IsActiveFlag_TC2	16	static
../Drivers/STM32G4xx_HAL_Driver/Inc/stm32g4xx_ll_dma.h:2074:22:LL_DMA_ClearFlag_TC2	16	static
../Drivers/STM32G4xx_HAL_Driver/Inc/stm32g4xx_ll_dma.h:2356:22:LL_DMA_EnableIT_TC	24	static
../Core/Src/ILI9341_driver.c:40:6:ILI9341_SPI_Send	16	static
../Core/Src/ILI9341_driver.c:47:6:ILI9341_SetAddress	24	static
../Core/Src/ILI9341_driver.c:70:6:ILI9341_FillScreen	24	static
../Core/Src/ILI9341_driver.c:82:6:ILI9341_Init	8	static
../Core/Src/ILI9341_driver.c:115:6:uDMA1_Channel2_IRQHandler	8	static
../Core/Src/ILI9341_driver.c:124:6:spi1_dma_transmit	16	static
../Core/Src/ILI9341_driver.c:141:6:eraseTrace	32	static
../Core/Src/ILI9341_driver.c:153:6:drawTrace	24	static
../Core/Src/ILI9341_driver.c:166:6:drawD	24	static
../Core/Src/ILI9341_driver.c:174:6:ILI9341_DrawStringDot	72	static
../Core/Src/ILI9341_driver.c:196:6:ILI9341_DrawStringD	40	static
../Core/Src/ILI9341_driver.c:236:6:ILI9341_DrawStringNoDMA	48	static
