../Drivers/STM32G4xx_HAL_Driver/Inc/stm32g4xx_ll_spi.h:371:22:LL_SPI_Enable	16	static
../Drivers/STM32G4xx_HAL_Driver/Inc/stm32g4xx_ll_spi.h:383:22:LL_SPI_Disable	16	static
../Drivers/STM32G4xx_HAL_Driver/Inc/stm32g4xx_ll_spi.h:531:22:LL_SPI_SetBaudRatePrescaler	16	static
../Drivers/STM32G4xx_HAL_Driver/Inc/stm32g4xx_ll_spi.h:918:26:LL_SPI_IsActiveFlag_RXNE	16	static
../Drivers/STM32G4xx_HAL_Driver/Inc/stm32g4xx_ll_spi.h:929:26:LL_SPI_IsActiveFlag_TXE	16	static
../Drivers/STM32G4xx_HAL_Driver/Inc/stm32g4xx_ll_spi.h:1348:25:LL_SPI_ReceiveData8	16	static
../Drivers/STM32G4xx_HAL_Driver/Inc/stm32g4xx_ll_spi.h:1371:22:LL_SPI_TransmitData8	24	static
../Drivers/STM32G4xx_HAL_Driver/Inc/stm32g4xx_ll_gpio.h:894:22:LL_GPIO_SetOutputPin	16	static
../Drivers/STM32G4xx_HAL_Driver/Inc/stm32g4xx_ll_gpio.h:923:22:LL_GPIO_ResetOutputPin	16	static
../Core/Src/touch.c:14:13:Touch_SPI_Transfer	24	static
../Core/Src/touch.c:55:13:Touch_SPI_Begin	8	static
../Core/Src/touch.c:92:13:Touch_SPI_End	8	static
../Core/Src/touch.c:117:13:Touch_Read12	24	static
../Core/Src/touch.c:157:13:Touch_ReadAverage	24	static
../Core/Src/touch.c:184:6:Touch_GetRaw	32	static
../Core/Src/touch.c:260:6:Touch_GetPoint	24	static
