../Drivers/STM32G4xx_HAL_Driver/Inc/stm32g4xx_ll_rcc.h:1684:22:LL_RCC_SetUSBClockSource	16	static
../USB_Device/Target/usbd_conf.c:73:6:HAL_PCD_MspInit	24	static
../USB_Device/Target/usbd_conf.c:98:6:HAL_PCD_MspDeInit	16	static
../USB_Device/Target/usbd_conf.c:126:6:HAL_PCD_SetupStageCallback	16	static
../USB_Device/Target/usbd_conf.c:147:6:HAL_PCD_DataOutStageCallback	16	static
../USB_Device/Target/usbd_conf.c:168:6:HAL_PCD_DataInStageCallback	16	static
../USB_Device/Target/usbd_conf.c:188:6:HAL_PCD_SOFCallback	16	static
../USB_Device/Target/usbd_conf.c:208:6:HAL_PCD_ResetCallback	24	static
../USB_Device/Target/usbd_conf.c:239:6:HAL_PCD_SuspendCallback	16	static
../USB_Device/Target/usbd_conf.c:269:6:HAL_PCD_ResumeCallback	16	static
../USB_Device/Target/usbd_conf.c:300:6:HAL_PCD_ISOOUTIncompleteCallback	16	static
../USB_Device/Target/usbd_conf.c:321:6:HAL_PCD_ISOINIncompleteCallback	16	static
../USB_Device/Target/usbd_conf.c:341:6:HAL_PCD_ConnectCallback	16	static
../USB_Device/Target/usbd_conf.c:361:6:HAL_PCD_DisconnectCallback	16	static
../USB_Device/Target/usbd_conf.c:386:20:USBD_LL_Init	16	static
../USB_Device/Target/usbd_conf.c:451:20:USBD_LL_DeInit	24	static
../USB_Device/Target/usbd_conf.c:468:20:USBD_LL_Start	24	static
../USB_Device/Target/usbd_conf.c:485:20:USBD_LL_Stop	24	static
../USB_Device/Target/usbd_conf.c:505:20:USBD_LL_OpenEP	24	static
../USB_Device/Target/usbd_conf.c:523:20:USBD_LL_CloseEP	24	static
../USB_Device/Target/usbd_conf.c:541:20:USBD_LL_FlushEP	24	static
../USB_Device/Target/usbd_conf.c:559:20:USBD_LL_StallEP	24	static
../USB_Device/Target/usbd_conf.c:577:20:USBD_LL_ClearStallEP	24	static
../USB_Device/Target/usbd_conf.c:595:9:USBD_LL_IsStallEP	24	static
../USB_Device/Target/usbd_conf.c:615:20:USBD_LL_SetUSBAddress	24	static
../USB_Device/Target/usbd_conf.c:635:20:USBD_LL_Transmit	32	static
../USB_Device/Target/usbd_conf.c:655:20:USBD_LL_PrepareReceive	32	static
../USB_Device/Target/usbd_conf.c:673:10:USBD_LL_GetRxDataSize	16	static
../USB_Device/Target/usbd_conf.c:687:6:HAL_PCDEx_LPM_Callback	16	static
../USB_Device/Target/usbd_conf.c:723:6:USBD_LL_Delay	16	static
../USB_Device/Target/usbd_conf.c:733:7:USBD_static_malloc	16	static
../USB_Device/Target/usbd_conf.c:744:6:USBD_static_free	16	static
../USB_Device/Target/usbd_conf.c:755:13:SystemClockConfig_Resume	8	static
../USB_Device/Target/usbd_conf.c:766:20:USBD_Get_USB_Status	24	static
